-- The C compiler identification is GNU 11.4.0
-- The CXX compiler identification is GNU 11.4.0
-- Detecting C compiler ABI info
-- Detecting C compiler ABI info - done
-- Check for working C compiler: /usr/bin/cc - skipped
-- Detecting C compile features
-- Detecting C compile features - done
-- Detecting CXX compiler ABI info
-- Detecting CXX compiler ABI info - done
-- Check for working CXX compiler: /usr/bin/c++ - skipped
-- Detecting CXX compile features
-- Detecting CXX compile features - done
-- Found ament_cmake: 1.3.14 (/opt/ros/humble/share/ament_cmake/cmake)
-- Found Python3: /usr/bin/python3 (found version "3.10.12") found components: Interpreter 
-- Override CMake install command with custom implementation using symlinks instead of copying resources
-- Found rosidl_default_generators: 1.2.1 (/opt/ros/humble/share/rosidl_default_generators/cmake)
-- Using all available rosidl_typesupport_c: rosidl_typesupport_fastrtps_c;rosidl_typesupport_introspection_c
-- Found rosidl_adapter: 3.1.8 (/opt/ros/humble/share/rosidl_adapter/cmake)
-- Using all available rosidl_typesupport_cpp: rosidl_typesupport_fastrtps_cpp;rosidl_typesupport_introspection_cpp
-- Found geometry_msgs: 4.9.1 (/opt/ros/humble/share/geometry_msgs/cmake)
-- Found ament_cmake_cppcheck: 0.12.15 (/opt/ros/humble/share/ament_cmake_cppcheck/cmake)
-- Found ament_cmake_cpplint: 0.12.15 (/opt/ros/humble/share/ament_cmake_cpplint/cmake)
-- Found ament_cmake_uncrustify: 0.12.15 (/opt/ros/humble/share/ament_cmake_uncrustify/cmake)
-- Found ament_cmake_ros: 0.10.0 (/opt/ros/humble/share/ament_cmake_ros/cmake)
-- Using all available rosidl_typesupport_c: rosidl_typesupport_fastrtps_c;rosidl_typesupport_introspection_c
-- Using all available rosidl_typesupport_cpp: rosidl_typesupport_fastrtps_cpp;rosidl_typesupport_introspection_cpp
-- Found PythonInterp: /usr/bin/python3 (found suitable version "3.10.12", minimum required is "3.6") 
-- Found python_cmake_module: 0.10.0 (/opt/ros/humble/share/python_cmake_module/cmake)
-- Found PythonLibs: /usr/lib/x86_64-linux-gnu/libpython3.10.so (found suitable version "3.10.12", minimum required is "3.5") 
-- Using PYTHON_EXECUTABLE: /usr/bin/python3
-- Using PYTHON_INCLUDE_DIRS: /usr/include/python3.10
-- Using PYTHON_LIBRARIES: /usr/lib/x86_64-linux-gnu/libpython3.10.so
-- Found PythonExtra: .so  
-- Found ament_cmake_flake8: 0.12.15 (/opt/ros/humble/share/ament_cmake_flake8/cmake)
-- Found ament_cmake_pep257: 0.12.15 (/opt/ros/humble/share/ament_cmake_pep257/cmake)
-- Found ament_lint_auto: 0.12.15 (/opt/ros/humble/share/ament_lint_auto/cmake)
-- Added test 'copyright' to check source files copyright and LICENSE
-- Added test 'lint_cmake' to check CMake code style
-- Added test 'xmllint' to check XML markup files
-- Configuring done
-- Generating done
-- Build files have been written to: /home/ambroise/hunav_ws/build/people_msgs
[  1%] [34m[1mGenerating C code for ROS interfaces[0m
[  4%] [34m[1mGenerating Rust code for ROS interfaces[0m
[  4%] [34m[1mGenerating C++ code for ROS interfaces[0m
[  4%] Built target ament_cmake_python_symlink_people_msgs
running egg_info
creating people_msgs.egg-info
writing people_msgs.egg-info/PKG-INFO
writing dependency_links to people_msgs.egg-info/dependency_links.txt
writing top-level names to people_msgs.egg-info/top_level.txt
writing manifest file 'people_msgs.egg-info/SOURCES.txt'
reading manifest file 'people_msgs.egg-info/SOURCES.txt'
writing manifest file 'people_msgs.egg-info/SOURCES.txt'
[  4%] Built target ament_cmake_python_build_people_msgs_egg
[  4%] Built target people_msgs__rs
[ 10%] [32mBuilding C object CMakeFiles/people_msgs__rosidl_generator_c.dir/rosidl_generator_c/people_msgs/msg/detail/position_measurement__functions.c.o[0m
[ 10%] [32mBuilding C object CMakeFiles/people_msgs__rosidl_generator_c.dir/rosidl_generator_c/people_msgs/msg/detail/person__functions.c.o[0m
[ 10%] [32mBuilding C object CMakeFiles/people_msgs__rosidl_generator_c.dir/rosidl_generator_c/people_msgs/msg/detail/person_stamped__functions.c.o[0m
[ 12%] [32mBuilding C object CMakeFiles/people_msgs__rosidl_generator_c.dir/rosidl_generator_c/people_msgs/msg/detail/position_measurement_array__functions.c.o[0m
[ 12%] [32mBuilding C object CMakeFiles/people_msgs__rosidl_generator_c.dir/rosidl_generator_c/people_msgs/msg/detail/people__functions.c.o[0m
[ 12%] Built target people_msgs__cpp
[ 17%] [34m[1mGenerating C++ type support dispatch for ROS interfaces[0m
[ 17%] [34m[1mGenerating C++ introspection for ROS interfaces[0m
[ 17%] [34m[1mGenerating C++ type support for eProsima Fast-RTPS[0m
[ 18%] [32m[1mLinking C shared library libpeople_msgs__rosidl_generator_c.so[0m
[ 18%] Built target people_msgs__rosidl_generator_c
[ 21%] [34m[1mGenerating C type support for eProsima Fast-RTPS[0m
[ 21%] [34m[1mGenerating C type support dispatch for ROS interfaces[0m
[ 23%] [34m[1mGenerating C introspection for ROS interfaces[0m
[ 28%] [32mBuilding CXX object CMakeFiles/people_msgs__rosidl_typesupport_cpp.dir/rosidl_typesupport_cpp/people_msgs/msg/person__type_support.cpp.o[0m
[ 28%] [32mBuilding CXX object CMakeFiles/people_msgs__rosidl_typesupport_cpp.dir/rosidl_typesupport_cpp/people_msgs/msg/position_measurement__type_support.cpp.o[0m
[ 29%] [32mBuilding CXX object CMakeFiles/people_msgs__rosidl_typesupport_cpp.dir/rosidl_typesupport_cpp/people_msgs/msg/position_measurement_array__type_support.cpp.o[0m
[ 29%] [32mBuilding CXX object CMakeFiles/people_msgs__rosidl_typesupport_cpp.dir/rosidl_typesupport_cpp/people_msgs/msg/people__type_support.cpp.o[0m
[ 31%] [32mBuilding CXX object CMakeFiles/people_msgs__rosidl_typesupport_cpp.dir/rosidl_typesupport_cpp/people_msgs/msg/person_stamped__type_support.cpp.o[0m
[ 32%] [32mBuilding CXX object CMakeFiles/people_msgs__rosidl_typesupport_introspection_cpp.dir/rosidl_typesupport_introspection_cpp/people_msgs/msg/detail/people__type_support.cpp.o[0m
[ 34%] [32mBuilding CXX object CMakeFiles/people_msgs__rosidl_typesupport_introspection_cpp.dir/rosidl_typesupport_introspection_cpp/people_msgs/msg/detail/person__type_support.cpp.o[0m
[ 35%] [32mBuilding CXX object CMakeFiles/people_msgs__rosidl_typesupport_introspection_cpp.dir/rosidl_typesupport_introspection_cpp/people_msgs/msg/detail/person_stamped__type_support.cpp.o[0m
[ 37%] [32mBuilding CXX object CMakeFiles/people_msgs__rosidl_typesupport_introspection_cpp.dir/rosidl_typesupport_introspection_cpp/people_msgs/msg/detail/position_measurement__type_support.cpp.o[0m
[ 39%] [32mBuilding CXX object CMakeFiles/people_msgs__rosidl_typesupport_introspection_cpp.dir/rosidl_typesupport_introspection_cpp/people_msgs/msg/detail/position_measurement_array__type_support.cpp.o[0m
[ 40%] [32mBuilding CXX object CMakeFiles/people_msgs__rosidl_typesupport_fastrtps_cpp.dir/rosidl_typesupport_fastrtps_cpp/people_msgs/msg/detail/dds_fastrtps/person__type_support.cpp.o[0m
[ 42%] [32mBuilding CXX object CMakeFiles/people_msgs__rosidl_typesupport_fastrtps_cpp.dir/rosidl_typesupport_fastrtps_cpp/people_msgs/msg/detail/dds_fastrtps/people__type_support.cpp.o[0m
[ 43%] [32mBuilding CXX object CMakeFiles/people_msgs__rosidl_typesupport_fastrtps_cpp.dir/rosidl_typesupport_fastrtps_cpp/people_msgs/msg/detail/dds_fastrtps/person_stamped__type_support.cpp.o[0m
[ 45%] [32mBuilding CXX object CMakeFiles/people_msgs__rosidl_typesupport_c.dir/rosidl_typesupport_c/people_msgs/msg/people__type_support.cpp.o[0m
[ 46%] [32mBuilding CXX object CMakeFiles/people_msgs__rosidl_typesupport_c.dir/rosidl_typesupport_c/people_msgs/msg/person__type_support.cpp.o[0m
[ 48%] [32mBuilding CXX object CMakeFiles/people_msgs__rosidl_typesupport_c.dir/rosidl_typesupport_c/people_msgs/msg/person_stamped__type_support.cpp.o[0m
[ 50%] [32mBuilding C object CMakeFiles/people_msgs__rosidl_typesupport_introspection_c.dir/rosidl_typesupport_introspection_c/people_msgs/msg/detail/people__type_support.c.o[0m
[ 51%] [32mBuilding CXX object CMakeFiles/people_msgs__rosidl_typesupport_c.dir/rosidl_typesupport_c/people_msgs/msg/position_measurement__type_support.cpp.o[0m
[ 53%] [32mBuilding CXX object CMakeFiles/people_msgs__rosidl_typesupport_fastrtps_cpp.dir/rosidl_typesupport_fastrtps_cpp/people_msgs/msg/detail/dds_fastrtps/position_measurement__type_support.cpp.o[0m
[ 54%] [32mBuilding CXX object CMakeFiles/people_msgs__rosidl_typesupport_fastrtps_c.dir/rosidl_typesupport_fastrtps_c/people_msgs/msg/detail/people__type_support_c.cpp.o[0m
[ 56%] [32mBuilding CXX object CMakeFiles/people_msgs__rosidl_typesupport_fastrtps_cpp.dir/rosidl_typesupport_fastrtps_cpp/people_msgs/msg/detail/dds_fastrtps/position_measurement_array__type_support.cpp.o[0m
[ 57%] [32mBuilding CXX object CMakeFiles/people_msgs__rosidl_typesupport_c.dir/rosidl_typesupport_c/people_msgs/msg/position_measurement_array__type_support.cpp.o[0m
[ 59%] [32mBuilding C object CMakeFiles/people_msgs__rosidl_typesupport_introspection_c.dir/rosidl_typesupport_introspection_c/people_msgs/msg/detail/person__type_support.c.o[0m
[ 60%] [32mBuilding C object CMakeFiles/people_msgs__rosidl_typesupport_introspection_c.dir/rosidl_typesupport_introspection_c/people_msgs/msg/detail/person_stamped__type_support.c.o[0m
[ 62%] [32m[1mLinking CXX shared library libpeople_msgs__rosidl_typesupport_c.so[0m
[ 64%] [32mBuilding CXX object CMakeFiles/people_msgs__rosidl_typesupport_fastrtps_c.dir/rosidl_typesupport_fastrtps_c/people_msgs/msg/detail/person__type_support_c.cpp.o[0m
[ 65%] [32mBuilding C object CMakeFiles/people_msgs__rosidl_typesupport_introspection_c.dir/rosidl_typesupport_introspection_c/people_msgs/msg/detail/position_measurement__type_support.c.o[0m
[ 65%] Built target people_msgs__rosidl_typesupport_c
[ 67%] [32mBuilding C object CMakeFiles/people_msgs__rosidl_typesupport_introspection_c.dir/rosidl_typesupport_introspection_c/people_msgs/msg/detail/position_measurement_array__type_support.c.o[0m
[ 68%] [32mBuilding CXX object CMakeFiles/people_msgs__rosidl_typesupport_fastrtps_c.dir/rosidl_typesupport_fastrtps_c/people_msgs/msg/detail/person_stamped__type_support_c.cpp.o[0m
[ 70%] [32mBuilding CXX object CMakeFiles/people_msgs__rosidl_typesupport_fastrtps_c.dir/rosidl_typesupport_fastrtps_c/people_msgs/msg/detail/position_measurement__type_support_c.cpp.o[0m
[ 71%] [32mBuilding CXX object CMakeFiles/people_msgs__rosidl_typesupport_fastrtps_c.dir/rosidl_typesupport_fastrtps_c/people_msgs/msg/detail/position_measurement_array__type_support_c.cpp.o[0m
[ 73%] [32m[1mLinking CXX shared library libpeople_msgs__rosidl_typesupport_cpp.so[0m
[ 75%] [32m[1mLinking C shared library libpeople_msgs__rosidl_typesupport_introspection_c.so[0m
[ 75%] Built target people_msgs__rosidl_typesupport_cpp
[ 75%] Built target people_msgs__rosidl_typesupport_introspection_c
[ 76%] [32m[1mLinking CXX shared library libpeople_msgs__rosidl_typesupport_introspection_cpp.so[0m
[ 78%] [32m[1mLinking CXX shared library libpeople_msgs__rosidl_typesupport_fastrtps_c.so[0m
[ 78%] Built target people_msgs__rosidl_typesupport_introspection_cpp
[ 79%] [32m[1mLinking CXX shared library libpeople_msgs__rosidl_typesupport_fastrtps_cpp.so[0m
[ 79%] Built target people_msgs__rosidl_typesupport_fastrtps_c
[ 79%] Built target people_msgs__rosidl_typesupport_fastrtps_cpp
[ 79%] Built target people_msgs
[ 81%] [34m[1mGenerating Python code for ROS interfaces[0m
[ 81%] Built target people_msgs__py
[ 82%] [32mBuilding C object CMakeFiles/people_msgs__rosidl_generator_py.dir/rosidl_generator_py/people_msgs/msg/_people_s.c.o[0m
[ 87%] [32mBuilding C object CMakeFiles/people_msgs__rosidl_generator_py.dir/rosidl_generator_py/people_msgs/msg/_position_measurement_array_s.c.o[0m
[ 89%] [32mBuilding C object CMakeFiles/people_msgs__rosidl_generator_py.dir/rosidl_generator_py/people_msgs/msg/_position_measurement_s.c.o[0m
[ 84%] [32mBuilding C object CMakeFiles/people_msgs__rosidl_generator_py.dir/rosidl_generator_py/people_msgs/msg/_person_s.c.o[0m
[ 85%] [32mBuilding C object CMakeFiles/people_msgs__rosidl_generator_py.dir/rosidl_generator_py/people_msgs/msg/_person_stamped_s.c.o[0m
[ 90%] [32m[1mLinking C shared library rosidl_generator_py/people_msgs/libpeople_msgs__rosidl_generator_py.so[0m
[ 90%] Built target people_msgs__rosidl_generator_py
[ 92%] [32mBuilding C object CMakeFiles/people_msgs__rosidl_typesupport_introspection_c__pyext.dir/rosidl_generator_py/people_msgs/_people_msgs_s.ep.rosidl_typesupport_introspection_c.c.o[0m
[ 93%] [32mBuilding C object CMakeFiles/people_msgs__rosidl_typesupport_fastrtps_c__pyext.dir/rosidl_generator_py/people_msgs/_people_msgs_s.ep.rosidl_typesupport_fastrtps_c.c.o[0m
[ 95%] [32mBuilding C object CMakeFiles/people_msgs__rosidl_typesupport_c__pyext.dir/rosidl_generator_py/people_msgs/_people_msgs_s.ep.rosidl_typesupport_c.c.o[0m
[ 96%] [32m[1mLinking C shared library rosidl_generator_py/people_msgs/people_msgs_s__rosidl_typesupport_introspection_c.cpython-310-x86_64-linux-gnu.so[0m
[ 98%] [32m[1mLinking C shared library rosidl_generator_py/people_msgs/people_msgs_s__rosidl_typesupport_fastrtps_c.cpython-310-x86_64-linux-gnu.so[0m
[100%] [32m[1mLinking C shared library rosidl_generator_py/people_msgs/people_msgs_s__rosidl_typesupport_c.cpython-310-x86_64-linux-gnu.so[0m
[100%] Built target people_msgs__rosidl_typesupport_introspection_c__pyext
[100%] Built target people_msgs__rosidl_typesupport_fastrtps_c__pyext
[100%] Built target people_msgs__rosidl_typesupport_c__pyext
-- Install configuration: ""
-- Execute custom install script
-- Symlinking: /home/ambroise/hunav_ws/install/people_msgs/share/ament_index/resource_index/rosidl_interfaces/people_msgs
-- Symlinking: /home/ambroise/hunav_ws/install/people_msgs/include/people_msgs/people_msgs/msg/detail/people__functions.h
-- Symlinking: /home/ambroise/hunav_ws/install/people_msgs/include/people_msgs/people_msgs/msg/detail/people__struct.h
-- Symlinking: /home/ambroise/hunav_ws/install/people_msgs/include/people_msgs/people_msgs/msg/detail/people__type_support.h
-- Symlinking: /home/ambroise/hunav_ws/install/people_msgs/include/people_msgs/people_msgs/msg/detail/person__functions.h
-- Symlinking: /home/ambroise/hunav_ws/install/people_msgs/include/people_msgs/people_msgs/msg/detail/person__struct.h
-- Symlinking: /home/ambroise/hunav_ws/install/people_msgs/include/people_msgs/people_msgs/msg/detail/person__type_support.h
-- Symlinking: /home/ambroise/hunav_ws/install/people_msgs/include/people_msgs/people_msgs/msg/detail/person_stamped__functions.h
-- Symlinking: /home/ambroise/hunav_ws/install/people_msgs/include/people_msgs/people_msgs/msg/detail/person_stamped__struct.h
-- Symlinking: /home/ambroise/hunav_ws/install/people_msgs/include/people_msgs/people_msgs/msg/detail/person_stamped__type_support.h
-- Symlinking: /home/ambroise/hunav_ws/install/people_msgs/include/people_msgs/people_msgs/msg/detail/position_measurement__functions.h
-- Symlinking: /home/ambroise/hunav_ws/install/people_msgs/include/people_msgs/people_msgs/msg/detail/position_measurement__struct.h
-- Symlinking: /home/ambroise/hunav_ws/install/people_msgs/include/people_msgs/people_msgs/msg/detail/position_measurement__type_support.h
-- Symlinking: /home/ambroise/hunav_ws/install/people_msgs/include/people_msgs/people_msgs/msg/detail/position_measurement_array__functions.h
-- Symlinking: /home/ambroise/hunav_ws/install/people_msgs/include/people_msgs/people_msgs/msg/detail/position_measurement_array__struct.h
-- Symlinking: /home/ambroise/hunav_ws/install/people_msgs/include/people_msgs/people_msgs/msg/detail/position_measurement_array__type_support.h
-- Symlinking: /home/ambroise/hunav_ws/install/people_msgs/include/people_msgs/people_msgs/msg/people.h
-- Symlinking: /home/ambroise/hunav_ws/install/people_msgs/include/people_msgs/people_msgs/msg/person.h
-- Symlinking: /home/ambroise/hunav_ws/install/people_msgs/include/people_msgs/people_msgs/msg/person_stamped.h
-- Symlinking: /home/ambroise/hunav_ws/install/people_msgs/include/people_msgs/people_msgs/msg/position_measurement.h
-- Symlinking: /home/ambroise/hunav_ws/install/people_msgs/include/people_msgs/people_msgs/msg/position_measurement_array.h
-- Symlinking: /home/ambroise/hunav_ws/install/people_msgs/include/people_msgs/people_msgs/msg/rosidl_generator_c__visibility_control.h
-- Symlinking: /home/ambroise/hunav_ws/install/people_msgs/share/people_msgs/environment/library_path.sh
-- Symlinking: /home/ambroise/hunav_ws/install/people_msgs/share/people_msgs/environment/library_path.dsv
-- Symlinking: /home/ambroise/hunav_ws/install/people_msgs/include/people_msgs/people_msgs/msg/detail/people__rosidl_typesupport_fastrtps_c.h
-- Symlinking: /home/ambroise/hunav_ws/install/people_msgs/include/people_msgs/people_msgs/msg/detail/person__rosidl_typesupport_fastrtps_c.h
-- Symlinking: /home/ambroise/hunav_ws/install/people_msgs/include/people_msgs/people_msgs/msg/detail/person_stamped__rosidl_typesupport_fastrtps_c.h
-- Symlinking: /home/ambroise/hunav_ws/install/people_msgs/include/people_msgs/people_msgs/msg/detail/position_measurement__rosidl_typesupport_fastrtps_c.h
-- Symlinking: /home/ambroise/hunav_ws/install/people_msgs/include/people_msgs/people_msgs/msg/detail/position_measurement_array__rosidl_typesupport_fastrtps_c.h
-- Symlinking: /home/ambroise/hunav_ws/install/people_msgs/include/people_msgs/people_msgs/msg/rosidl_typesupport_fastrtps_c__visibility_control.h
-- Symlinking: /home/ambroise/hunav_ws/install/people_msgs/include/people_msgs/people_msgs/msg/detail/people__rosidl_typesupport_introspection_c.h
-- Symlinking: /home/ambroise/hunav_ws/install/people_msgs/include/people_msgs/people_msgs/msg/detail/person__rosidl_typesupport_introspection_c.h
-- Symlinking: /home/ambroise/hunav_ws/install/people_msgs/include/people_msgs/people_msgs/msg/detail/person_stamped__rosidl_typesupport_introspection_c.h
-- Symlinking: /home/ambroise/hunav_ws/install/people_msgs/include/people_msgs/people_msgs/msg/detail/position_measurement__rosidl_typesupport_introspection_c.h
-- Symlinking: /home/ambroise/hunav_ws/install/people_msgs/include/people_msgs/people_msgs/msg/detail/position_measurement_array__rosidl_typesupport_introspection_c.h
-- Symlinking: /home/ambroise/hunav_ws/install/people_msgs/include/people_msgs/people_msgs/msg/rosidl_typesupport_introspection_c__visibility_control.h
-- Symlinking: /home/ambroise/hunav_ws/install/people_msgs/include/people_msgs/people_msgs/msg/detail/people__builder.hpp
-- Symlinking: /home/ambroise/hunav_ws/install/people_msgs/include/people_msgs/people_msgs/msg/detail/people__struct.hpp
-- Symlinking: /home/ambroise/hunav_ws/install/people_msgs/include/people_msgs/people_msgs/msg/detail/people__traits.hpp
-- Symlinking: /home/ambroise/hunav_ws/install/people_msgs/include/people_msgs/people_msgs/msg/detail/people__type_support.hpp
-- Symlinking: /home/ambroise/hunav_ws/install/people_msgs/include/people_msgs/people_msgs/msg/detail/person__builder.hpp
-- Symlinking: /home/ambroise/hunav_ws/install/people_msgs/include/people_msgs/people_msgs/msg/detail/person__struct.hpp
-- Symlinking: /home/ambroise/hunav_ws/install/people_msgs/include/people_msgs/people_msgs/msg/detail/person__traits.hpp
-- Symlinking: /home/ambroise/hunav_ws/install/people_msgs/include/people_msgs/people_msgs/msg/detail/person__type_support.hpp
-- Symlinking: /home/ambroise/hunav_ws/install/people_msgs/include/people_msgs/people_msgs/msg/detail/person_stamped__builder.hpp
-- Symlinking: /home/ambroise/hunav_ws/install/people_msgs/include/people_msgs/people_msgs/msg/detail/person_stamped__struct.hpp
-- Symlinking: /home/ambroise/hunav_ws/install/people_msgs/include/people_msgs/people_msgs/msg/detail/person_stamped__traits.hpp
-- Symlinking: /home/ambroise/hunav_ws/install/people_msgs/include/people_msgs/people_msgs/msg/detail/person_stamped__type_support.hpp
-- Symlinking: /home/ambroise/hunav_ws/install/people_msgs/include/people_msgs/people_msgs/msg/detail/position_measurement__builder.hpp
-- Symlinking: /home/ambroise/hunav_ws/install/people_msgs/include/people_msgs/people_msgs/msg/detail/position_measurement__struct.hpp
-- Symlinking: /home/ambroise/hunav_ws/install/people_msgs/include/people_msgs/people_msgs/msg/detail/position_measurement__traits.hpp
-- Symlinking: /home/ambroise/hunav_ws/install/people_msgs/include/people_msgs/people_msgs/msg/detail/position_measurement__type_support.hpp
-- Symlinking: /home/ambroise/hunav_ws/install/people_msgs/include/people_msgs/people_msgs/msg/detail/position_measurement_array__builder.hpp
-- Symlinking: /home/ambroise/hunav_ws/install/people_msgs/include/people_msgs/people_msgs/msg/detail/position_measurement_array__struct.hpp
-- Symlinking: /home/ambroise/hunav_ws/install/people_msgs/include/people_msgs/people_msgs/msg/detail/position_measurement_array__traits.hpp
-- Symlinking: /home/ambroise/hunav_ws/install/people_msgs/include/people_msgs/people_msgs/msg/detail/position_measurement_array__type_support.hpp
-- Symlinking: /home/ambroise/hunav_ws/install/people_msgs/include/people_msgs/people_msgs/msg/people.hpp
-- Symlinking: /home/ambroise/hunav_ws/install/people_msgs/include/people_msgs/people_msgs/msg/person.hpp
-- Symlinking: /home/ambroise/hunav_ws/install/people_msgs/include/people_msgs/people_msgs/msg/person_stamped.hpp
-- Symlinking: /home/ambroise/hunav_ws/install/people_msgs/include/people_msgs/people_msgs/msg/position_measurement.hpp
-- Symlinking: /home/ambroise/hunav_ws/install/people_msgs/include/people_msgs/people_msgs/msg/position_measurement_array.hpp
-- Symlinking: /home/ambroise/hunav_ws/install/people_msgs/include/people_msgs/people_msgs/msg/rosidl_generator_cpp__visibility_control.hpp
-- Symlinking: /home/ambroise/hunav_ws/install/people_msgs/include/people_msgs/people_msgs/msg/detail/people__rosidl_typesupport_fastrtps_cpp.hpp
-- Symlinking: /home/ambroise/hunav_ws/install/people_msgs/include/people_msgs/people_msgs/msg/detail/person__rosidl_typesupport_fastrtps_cpp.hpp
-- Symlinking: /home/ambroise/hunav_ws/install/people_msgs/include/people_msgs/people_msgs/msg/detail/person_stamped__rosidl_typesupport_fastrtps_cpp.hpp
-- Symlinking: /home/ambroise/hunav_ws/install/people_msgs/include/people_msgs/people_msgs/msg/detail/position_measurement__rosidl_typesupport_fastrtps_cpp.hpp
-- Symlinking: /home/ambroise/hunav_ws/install/people_msgs/include/people_msgs/people_msgs/msg/detail/position_measurement_array__rosidl_typesupport_fastrtps_cpp.hpp
-- Symlinking: /home/ambroise/hunav_ws/install/people_msgs/include/people_msgs/people_msgs/msg/rosidl_typesupport_fastrtps_cpp__visibility_control.h
-- Symlinking: /home/ambroise/hunav_ws/install/people_msgs/include/people_msgs/people_msgs/msg/detail/people__rosidl_typesupport_introspection_cpp.hpp
-- Symlinking: /home/ambroise/hunav_ws/install/people_msgs/include/people_msgs/people_msgs/msg/detail/person__rosidl_typesupport_introspection_cpp.hpp
-- Symlinking: /home/ambroise/hunav_ws/install/people_msgs/include/people_msgs/people_msgs/msg/detail/person_stamped__rosidl_typesupport_introspection_cpp.hpp
-- Symlinking: /home/ambroise/hunav_ws/install/people_msgs/include/people_msgs/people_msgs/msg/detail/position_measurement__rosidl_typesupport_introspection_cpp.hpp
-- Symlinking: /home/ambroise/hunav_ws/install/people_msgs/include/people_msgs/people_msgs/msg/detail/position_measurement_array__rosidl_typesupport_introspection_cpp.hpp
-- Symlinking: /home/ambroise/hunav_ws/install/people_msgs/share/people_msgs/environment/pythonpath.sh
-- Symlinking: /home/ambroise/hunav_ws/install/people_msgs/share/people_msgs/environment/pythonpath.dsv
-- Symlinking: /home/ambroise/hunav_ws/install/people_msgs/local/lib/python3.10/dist-packages/people_msgs-1.3.0-py3.10.egg-info/PKG-INFO
-- Symlinking: /home/ambroise/hunav_ws/install/people_msgs/local/lib/python3.10/dist-packages/people_msgs-1.3.0-py3.10.egg-info/SOURCES.txt
-- Symlinking: /home/ambroise/hunav_ws/install/people_msgs/local/lib/python3.10/dist-packages/people_msgs-1.3.0-py3.10.egg-info/dependency_links.txt
-- Symlinking: /home/ambroise/hunav_ws/install/people_msgs/local/lib/python3.10/dist-packages/people_msgs-1.3.0-py3.10.egg-info/top_level.txt
-- Symlinking: /home/ambroise/hunav_ws/install/people_msgs/local/lib/python3.10/dist-packages/people_msgs/__init__.py
-- Symlinking: /home/ambroise/hunav_ws/install/people_msgs/local/lib/python3.10/dist-packages/people_msgs/_people_msgs_s.ep.rosidl_typesupport_c.c
-- Symlinking: /home/ambroise/hunav_ws/install/people_msgs/local/lib/python3.10/dist-packages/people_msgs/_people_msgs_s.ep.rosidl_typesupport_fastrtps_c.c
-- Symlinking: /home/ambroise/hunav_ws/install/people_msgs/local/lib/python3.10/dist-packages/people_msgs/_people_msgs_s.ep.rosidl_typesupport_introspection_c.c
-- Symlinking: /home/ambroise/hunav_ws/install/people_msgs/local/lib/python3.10/dist-packages/people_msgs/libpeople_msgs__rosidl_generator_py.so
-- Symlinking: /home/ambroise/hunav_ws/install/people_msgs/local/lib/python3.10/dist-packages/people_msgs/msg/__init__.py
-- Symlinking: /home/ambroise/hunav_ws/install/people_msgs/local/lib/python3.10/dist-packages/people_msgs/msg/_people.py
-- Symlinking: /home/ambroise/hunav_ws/install/people_msgs/local/lib/python3.10/dist-packages/people_msgs/msg/_people_s.c
-- Symlinking: /home/ambroise/hunav_ws/install/people_msgs/local/lib/python3.10/dist-packages/people_msgs/msg/_person.py
-- Symlinking: /home/ambroise/hunav_ws/install/people_msgs/local/lib/python3.10/dist-packages/people_msgs/msg/_person_s.c
-- Symlinking: /home/ambroise/hunav_ws/install/people_msgs/local/lib/python3.10/dist-packages/people_msgs/msg/_person_stamped.py
-- Symlinking: /home/ambroise/hunav_ws/install/people_msgs/local/lib/python3.10/dist-packages/people_msgs/msg/_person_stamped_s.c
-- Symlinking: /home/ambroise/hunav_ws/install/people_msgs/local/lib/python3.10/dist-packages/people_msgs/msg/_position_measurement.py
-- Symlinking: /home/ambroise/hunav_ws/install/people_msgs/local/lib/python3.10/dist-packages/people_msgs/msg/_position_measurement_array.py
-- Symlinking: /home/ambroise/hunav_ws/install/people_msgs/local/lib/python3.10/dist-packages/people_msgs/msg/_position_measurement_array_s.c
-- Symlinking: /home/ambroise/hunav_ws/install/people_msgs/local/lib/python3.10/dist-packages/people_msgs/msg/_position_measurement_s.c
-- Symlinking: /home/ambroise/hunav_ws/install/people_msgs/local/lib/python3.10/dist-packages/people_msgs/people_msgs_s__rosidl_typesupport_c.cpython-310-x86_64-linux-gnu.so
-- Symlinking: /home/ambroise/hunav_ws/install/people_msgs/local/lib/python3.10/dist-packages/people_msgs/people_msgs_s__rosidl_typesupport_fastrtps_c.cpython-310-x86_64-linux-gnu.so
-- Symlinking: /home/ambroise/hunav_ws/install/people_msgs/local/lib/python3.10/dist-packages/people_msgs/people_msgs_s__rosidl_typesupport_introspection_c.cpython-310-x86_64-linux-gnu.so
-- Up-to-date symlink: /home/ambroise/hunav_ws/install/people_msgs/local/lib/python3.10/dist-packages/people_msgs/people_msgs_s__rosidl_typesupport_fastrtps_c.cpython-310-x86_64-linux-gnu.so
-- Up-to-date symlink: /home/ambroise/hunav_ws/install/people_msgs/local/lib/python3.10/dist-packages/people_msgs/people_msgs_s__rosidl_typesupport_introspection_c.cpython-310-x86_64-linux-gnu.so
-- Up-to-date symlink: /home/ambroise/hunav_ws/install/people_msgs/local/lib/python3.10/dist-packages/people_msgs/people_msgs_s__rosidl_typesupport_c.cpython-310-x86_64-linux-gnu.so
-- Symlinking: /home/ambroise/hunav_ws/install/people_msgs/share/ament_index/resource_index/rust_packages/people_msgs
-- Symlinking: /home/ambroise/hunav_ws/install/people_msgs/share/people_msgs/rust/Cargo.toml
-- Symlinking: /home/ambroise/hunav_ws/install/people_msgs/share/people_msgs/rust/build.rs
-- Symlinking: /home/ambroise/hunav_ws/install/people_msgs/share/people_msgs/rust/src/lib.rs
-- Symlinking: /home/ambroise/hunav_ws/install/people_msgs/share/people_msgs/rust/src/msg.rs
-- Symlinking: /home/ambroise/hunav_ws/install/people_msgs/share/people_msgs/rust/src/msg/rmw.rs
-- Symlinking: /home/ambroise/hunav_ws/install/people_msgs/share/people_msgs/msg/People.idl
-- Symlinking: /home/ambroise/hunav_ws/install/people_msgs/share/people_msgs/msg/Person.idl
-- Symlinking: /home/ambroise/hunav_ws/install/people_msgs/share/people_msgs/msg/PersonStamped.idl
-- Symlinking: /home/ambroise/hunav_ws/install/people_msgs/share/people_msgs/msg/PositionMeasurement.idl
-- Symlinking: /home/ambroise/hunav_ws/install/people_msgs/share/people_msgs/msg/PositionMeasurementArray.idl
-- Symlinking: /home/ambroise/hunav_ws/install/people_msgs/share/people_msgs/msg/People.msg
-- Symlinking: /home/ambroise/hunav_ws/install/people_msgs/share/people_msgs/msg/Person.msg
-- Symlinking: /home/ambroise/hunav_ws/install/people_msgs/share/people_msgs/msg/PersonStamped.msg
-- Symlinking: /home/ambroise/hunav_ws/install/people_msgs/share/people_msgs/msg/PositionMeasurement.msg
-- Symlinking: /home/ambroise/hunav_ws/install/people_msgs/share/people_msgs/msg/PositionMeasurementArray.msg
-- Symlinking: /home/ambroise/hunav_ws/install/people_msgs/share/ament_index/resource_index/package_run_dependencies/people_msgs
-- Symlinking: /home/ambroise/hunav_ws/install/people_msgs/share/ament_index/resource_index/parent_prefix_path/people_msgs
-- Symlinking: /home/ambroise/hunav_ws/install/people_msgs/share/people_msgs/environment/ament_prefix_path.sh
-- Symlinking: /home/ambroise/hunav_ws/install/people_msgs/share/people_msgs/environment/ament_prefix_path.dsv
-- Symlinking: /home/ambroise/hunav_ws/install/people_msgs/share/people_msgs/environment/path.sh
-- Symlinking: /home/ambroise/hunav_ws/install/people_msgs/share/people_msgs/environment/path.dsv
-- Symlinking: /home/ambroise/hunav_ws/install/people_msgs/share/people_msgs/local_setup.bash
-- Symlinking: /home/ambroise/hunav_ws/install/people_msgs/share/people_msgs/local_setup.sh
-- Symlinking: /home/ambroise/hunav_ws/install/people_msgs/share/people_msgs/local_setup.zsh
-- Symlinking: /home/ambroise/hunav_ws/install/people_msgs/share/people_msgs/local_setup.dsv
-- Symlinking: /home/ambroise/hunav_ws/install/people_msgs/share/people_msgs/package.dsv
-- Symlinking: /home/ambroise/hunav_ws/install/people_msgs/share/ament_index/resource_index/packages/people_msgs
-- Symlinking: /home/ambroise/hunav_ws/install/people_msgs/share/people_msgs/cmake/rosidl_cmake-extras.cmake
-- Symlinking: /home/ambroise/hunav_ws/install/people_msgs/share/people_msgs/cmake/ament_cmake_export_dependencies-extras.cmake
-- Symlinking: /home/ambroise/hunav_ws/install/people_msgs/share/people_msgs/cmake/ament_cmake_export_include_directories-extras.cmake
-- Symlinking: /home/ambroise/hunav_ws/install/people_msgs/share/people_msgs/cmake/ament_cmake_export_libraries-extras.cmake
-- Symlinking: /home/ambroise/hunav_ws/install/people_msgs/share/people_msgs/cmake/ament_cmake_export_targets-extras.cmake
-- Symlinking: /home/ambroise/hunav_ws/install/people_msgs/share/people_msgs/cmake/rosidl_cmake_export_typesupport_targets-extras.cmake
-- Symlinking: /home/ambroise/hunav_ws/install/people_msgs/share/people_msgs/cmake/rosidl_cmake_export_typesupport_libraries-extras.cmake
-- Symlinking: /home/ambroise/hunav_ws/install/people_msgs/share/people_msgs/cmake/people_msgsConfig.cmake
-- Symlinking: /home/ambroise/hunav_ws/install/people_msgs/share/people_msgs/cmake/people_msgsConfig-version.cmake
-- Symlinking: /home/ambroise/hunav_ws/install/people_msgs/share/people_msgs/package.xml
-- Installing: /home/ambroise/hunav_ws/install/people_msgs/lib/libpeople_msgs__rosidl_generator_c.so
-- Set runtime path of "/home/ambroise/hunav_ws/install/people_msgs/lib/libpeople_msgs__rosidl_generator_c.so" to ""
-- Installing: /home/ambroise/hunav_ws/install/people_msgs/lib/libpeople_msgs__rosidl_typesupport_fastrtps_c.so
-- Set runtime path of "/home/ambroise/hunav_ws/install/people_msgs/lib/libpeople_msgs__rosidl_typesupport_fastrtps_c.so" to ""
-- Installing: /home/ambroise/hunav_ws/install/people_msgs/lib/libpeople_msgs__rosidl_typesupport_introspection_c.so
-- Set runtime path of "/home/ambroise/hunav_ws/install/people_msgs/lib/libpeople_msgs__rosidl_typesupport_introspection_c.so" to ""
-- Installing: /home/ambroise/hunav_ws/install/people_msgs/lib/libpeople_msgs__rosidl_typesupport_c.so
-- Set runtime path of "/home/ambroise/hunav_ws/install/people_msgs/lib/libpeople_msgs__rosidl_typesupport_c.so" to ""
-- Installing: /home/ambroise/hunav_ws/install/people_msgs/lib/libpeople_msgs__rosidl_typesupport_fastrtps_cpp.so
-- Set runtime path of "/home/ambroise/hunav_ws/install/people_msgs/lib/libpeople_msgs__rosidl_typesupport_fastrtps_cpp.so" to ""
-- Installing: /home/ambroise/hunav_ws/install/people_msgs/lib/libpeople_msgs__rosidl_typesupport_introspection_cpp.so
-- Set runtime path of "/home/ambroise/hunav_ws/install/people_msgs/lib/libpeople_msgs__rosidl_typesupport_introspection_cpp.so" to ""
-- Installing: /home/ambroise/hunav_ws/install/people_msgs/lib/libpeople_msgs__rosidl_typesupport_cpp.so
-- Set runtime path of "/home/ambroise/hunav_ws/install/people_msgs/lib/libpeople_msgs__rosidl_typesupport_cpp.so" to ""
Listing '/home/ambroise/hunav_ws/install/people_msgs/local/lib/python3.10/dist-packages/people_msgs'...
Compiling '/home/ambroise/hunav_ws/install/people_msgs/local/lib/python3.10/dist-packages/people_msgs/__init__.py'...
Listing '/home/ambroise/hunav_ws/install/people_msgs/local/lib/python3.10/dist-packages/people_msgs/msg'...
Compiling '/home/ambroise/hunav_ws/install/people_msgs/local/lib/python3.10/dist-packages/people_msgs/msg/__init__.py'...
Compiling '/home/ambroise/hunav_ws/install/people_msgs/local/lib/python3.10/dist-packages/people_msgs/msg/_people.py'...
Compiling '/home/ambroise/hunav_ws/install/people_msgs/local/lib/python3.10/dist-packages/people_msgs/msg/_person.py'...
Compiling '/home/ambroise/hunav_ws/install/people_msgs/local/lib/python3.10/dist-packages/people_msgs/msg/_person_stamped.py'...
Compiling '/home/ambroise/hunav_ws/install/people_msgs/local/lib/python3.10/dist-packages/people_msgs/msg/_position_measurement.py'...
Compiling '/home/ambroise/hunav_ws/install/people_msgs/local/lib/python3.10/dist-packages/people_msgs/msg/_position_measurement_array.py'...
-- Installing: /home/ambroise/hunav_ws/install/people_msgs/lib/libpeople_msgs__rosidl_generator_py.so
-- Set runtime path of "/home/ambroise/hunav_ws/install/people_msgs/lib/libpeople_msgs__rosidl_generator_py.so" to ""
-- Installing: /home/ambroise/hunav_ws/install/people_msgs/share/people_msgs/cmake/export_people_msgs__rosidl_generator_cExport.cmake
-- Installing: /home/ambroise/hunav_ws/install/people_msgs/share/people_msgs/cmake/export_people_msgs__rosidl_generator_cExport-noconfig.cmake
-- Installing: /home/ambroise/hunav_ws/install/people_msgs/share/people_msgs/cmake/export_people_msgs__rosidl_typesupport_fastrtps_cExport.cmake
-- Installing: /home/ambroise/hunav_ws/install/people_msgs/share/people_msgs/cmake/export_people_msgs__rosidl_typesupport_fastrtps_cExport-noconfig.cmake
-- Installing: /home/ambroise/hunav_ws/install/people_msgs/share/people_msgs/cmake/people_msgs__rosidl_typesupport_introspection_cExport.cmake
-- Installing: /home/ambroise/hunav_ws/install/people_msgs/share/people_msgs/cmake/people_msgs__rosidl_typesupport_introspection_cExport-noconfig.cmake
-- Installing: /home/ambroise/hunav_ws/install/people_msgs/share/people_msgs/cmake/people_msgs__rosidl_typesupport_cExport.cmake
-- Installing: /home/ambroise/hunav_ws/install/people_msgs/share/people_msgs/cmake/people_msgs__rosidl_typesupport_cExport-noconfig.cmake
-- Installing: /home/ambroise/hunav_ws/install/people_msgs/share/people_msgs/cmake/export_people_msgs__rosidl_generator_cppExport.cmake
-- Installing: /home/ambroise/hunav_ws/install/people_msgs/share/people_msgs/cmake/export_people_msgs__rosidl_typesupport_fastrtps_cppExport.cmake
-- Installing: /home/ambroise/hunav_ws/install/people_msgs/share/people_msgs/cmake/export_people_msgs__rosidl_typesupport_fastrtps_cppExport-noconfig.cmake
-- Installing: /home/ambroise/hunav_ws/install/people_msgs/share/people_msgs/cmake/people_msgs__rosidl_typesupport_introspection_cppExport.cmake
-- Installing: /home/ambroise/hunav_ws/install/people_msgs/share/people_msgs/cmake/people_msgs__rosidl_typesupport_introspection_cppExport-noconfig.cmake
-- Installing: /home/ambroise/hunav_ws/install/people_msgs/share/people_msgs/cmake/people_msgs__rosidl_typesupport_cppExport.cmake
-- Installing: /home/ambroise/hunav_ws/install/people_msgs/share/people_msgs/cmake/people_msgs__rosidl_typesupport_cppExport-noconfig.cmake
-- Installing: /home/ambroise/hunav_ws/install/people_msgs/share/people_msgs/cmake/export_people_msgs__rosidl_generator_pyExport.cmake
-- Installing: /home/ambroise/hunav_ws/install/people_msgs/share/people_msgs/cmake/export_people_msgs__rosidl_generator_pyExport-noconfig.cmake
