[0.008s] Invoking command in '/home/ambroise/hunav_ws/build/people_msgs': CMAKE_PREFIX_PATH=${CMAKE_PREFIX_PATH}:/home/ambroise/hunav_ws/install/hunav_behavior_tree_generator:/home/ambroise/hunav_ws/install/hunav_evaluator:/opt/ros/humble /usr/bin/cmake /home/ambroise/hunav_ws/src/people/people_msgs -DAMENT_CMAKE_SYMLINK_INSTALL=1 -DCMAKE_INSTALL_PREFIX=/home/ambroise/hunav_ws/install/people_msgs
[0.097s] -- The C compiler identification is GNU 11.4.0
[0.169s] -- The CXX compiler identification is GNU 11.4.0
[0.177s] -- Detecting C compiler ABI info
[0.247s] -- Detecting C compiler ABI info - done
[0.252s] -- Check for working C compiler: /usr/bin/cc - skipped
[0.252s] -- Detecting C compile features
[0.253s] -- Detecting C compile features - done
[0.255s] -- Detecting CXX compiler ABI info
[0.330s] -- Detecting CXX compiler ABI info - done
[0.335s] -- Check for working CXX compiler: /usr/bin/c++ - skipped
[0.336s] -- Detecting CXX compile features
[0.336s] -- Detecting CXX compile features - done
[0.340s] -- Found ament_cmake: 1.3.14 (/opt/ros/humble/share/ament_cmake/cmake)
[0.466s] -- Found Python3: /usr/bin/python3 (found version "3.10.12") found components: Interpreter 
[0.519s] -- Override CMake install command with custom implementation using symlinks instead of copying resources
[0.549s] -- Found rosidl_default_generators: 1.2.1 (/opt/ros/humble/share/rosidl_default_generators/cmake)
[0.553s] -- Using all available rosidl_typesupport_c: rosidl_typesupport_fastrtps_c;rosidl_typesupport_introspection_c
[0.560s] -- Found rosidl_adapter: 3.1.8 (/opt/ros/humble/share/rosidl_adapter/cmake)
[0.597s] -- Using all available rosidl_typesupport_cpp: rosidl_typesupport_fastrtps_cpp;rosidl_typesupport_introspection_cpp
[0.632s] -- Found geometry_msgs: 4.9.1 (/opt/ros/humble/share/geometry_msgs/cmake)
[0.917s] -- Found ament_cmake_cppcheck: 0.12.15 (/opt/ros/humble/share/ament_cmake_cppcheck/cmake)
[0.919s] -- Found ament_cmake_cpplint: 0.12.15 (/opt/ros/humble/share/ament_cmake_cpplint/cmake)
[0.921s] -- Found ament_cmake_uncrustify: 0.12.15 (/opt/ros/humble/share/ament_cmake_uncrustify/cmake)
[0.924s] -- Found ament_cmake_ros: 0.10.0 (/opt/ros/humble/share/ament_cmake_ros/cmake)
[1.135s] -- Using all available rosidl_typesupport_c: rosidl_typesupport_fastrtps_c;rosidl_typesupport_introspection_c
[1.419s] -- Using all available rosidl_typesupport_cpp: rosidl_typesupport_fastrtps_cpp;rosidl_typesupport_introspection_cpp
[1.439s] -- Found PythonInterp: /usr/bin/python3 (found suitable version "3.10.12", minimum required is "3.6") 
[1.441s] -- Found python_cmake_module: 0.10.0 (/opt/ros/humble/share/python_cmake_module/cmake)
[1.465s] -- Found PythonLibs: /usr/lib/x86_64-linux-gnu/libpython3.10.so (found suitable version "3.10.12", minimum required is "3.5") 
[1.465s] -- Using PYTHON_EXECUTABLE: /usr/bin/python3
[1.466s] -- Using PYTHON_INCLUDE_DIRS: /usr/include/python3.10
[1.466s] -- Using PYTHON_LIBRARIES: /usr/lib/x86_64-linux-gnu/libpython3.10.so
[1.483s] -- Found PythonExtra: .so  
[1.536s] -- Found ament_cmake_flake8: 0.12.15 (/opt/ros/humble/share/ament_cmake_flake8/cmake)
[1.538s] -- Found ament_cmake_pep257: 0.12.15 (/opt/ros/humble/share/ament_cmake_pep257/cmake)
[1.611s] -- Found ament_lint_auto: 0.12.15 (/opt/ros/humble/share/ament_lint_auto/cmake)
[1.628s] -- Added test 'copyright' to check source files copyright and LICENSE
[1.629s] -- Added test 'lint_cmake' to check CMake code style
[1.629s] -- Added test 'xmllint' to check XML markup files
[1.632s] -- Configuring done
[1.667s] -- Generating done
[1.677s] -- Build files have been written to: /home/ambroise/hunav_ws/build/people_msgs
[1.695s] Invoked command in '/home/ambroise/hunav_ws/build/people_msgs' returned '0': CMAKE_PREFIX_PATH=${CMAKE_PREFIX_PATH}:/home/ambroise/hunav_ws/install/hunav_behavior_tree_generator:/home/ambroise/hunav_ws/install/hunav_evaluator:/opt/ros/humble /usr/bin/cmake /home/ambroise/hunav_ws/src/people/people_msgs -DAMENT_CMAKE_SYMLINK_INSTALL=1 -DCMAKE_INSTALL_PREFIX=/home/ambroise/hunav_ws/install/people_msgs
[1.696s] Invoking command in '/home/ambroise/hunav_ws/build/people_msgs': CMAKE_PREFIX_PATH=${CMAKE_PREFIX_PATH}:/home/ambroise/hunav_ws/install/hunav_behavior_tree_generator:/home/ambroise/hunav_ws/install/hunav_evaluator:/opt/ros/humble /usr/bin/cmake --build /home/ambroise/hunav_ws/build/people_msgs -- -j16 -l16
[1.736s] [  1%] [34m[1mGenerating C code for ROS interfaces[0m
[1.746s] [  4%] [34m[1mGenerating Rust code for ROS interfaces[0m
[1.746s] [  4%] [34m[1mGenerating C++ code for ROS interfaces[0m
[1.757s] [  4%] Built target ament_cmake_python_symlink_people_msgs
[2.024s] running egg_info
[2.025s] creating people_msgs.egg-info
[2.025s] writing people_msgs.egg-info/PKG-INFO
[2.025s] writing dependency_links to people_msgs.egg-info/dependency_links.txt
[2.026s] writing top-level names to people_msgs.egg-info/top_level.txt
[2.026s] writing manifest file 'people_msgs.egg-info/SOURCES.txt'
[2.030s] reading manifest file 'people_msgs.egg-info/SOURCES.txt'
[2.030s] writing manifest file 'people_msgs.egg-info/SOURCES.txt'
[2.104s] [  4%] Built target ament_cmake_python_build_people_msgs_egg
[2.117s] [  4%] Built target people_msgs__rs
[2.303s] [ 10%] [32mBuilding C object CMakeFiles/people_msgs__rosidl_generator_c.dir/rosidl_generator_c/people_msgs/msg/detail/position_measurement__functions.c.o[0m
[2.303s] [ 10%] [32mBuilding C object CMakeFiles/people_msgs__rosidl_generator_c.dir/rosidl_generator_c/people_msgs/msg/detail/person__functions.c.o[0m
[2.303s] [ 10%] [32mBuilding C object CMakeFiles/people_msgs__rosidl_generator_c.dir/rosidl_generator_c/people_msgs/msg/detail/person_stamped__functions.c.o[0m
[2.303s] [ 12%] [32mBuilding C object CMakeFiles/people_msgs__rosidl_generator_c.dir/rosidl_generator_c/people_msgs/msg/detail/position_measurement_array__functions.c.o[0m
[2.303s] [ 12%] [32mBuilding C object CMakeFiles/people_msgs__rosidl_generator_c.dir/rosidl_generator_c/people_msgs/msg/detail/people__functions.c.o[0m
[2.311s] [ 12%] Built target people_msgs__cpp
[2.328s] [ 17%] [34m[1mGenerating C++ type support dispatch for ROS interfaces[0m
[2.328s] [ 17%] [34m[1mGenerating C++ introspection for ROS interfaces[0m
[2.328s] [ 17%] [34m[1mGenerating C++ type support for eProsima Fast-RTPS[0m
[2.382s] [ 18%] [32m[1mLinking C shared library libpeople_msgs__rosidl_generator_c.so[0m
[2.440s] [ 18%] Built target people_msgs__rosidl_generator_c
[2.457s] [ 21%] [34m[1mGenerating C type support for eProsima Fast-RTPS[0m
[2.460s] [ 21%] [34m[1mGenerating C type support dispatch for ROS interfaces[0m
[2.460s] [ 23%] [34m[1mGenerating C introspection for ROS interfaces[0m
[2.712s] [ 28%] [32mBuilding CXX object CMakeFiles/people_msgs__rosidl_typesupport_cpp.dir/rosidl_typesupport_cpp/people_msgs/msg/person__type_support.cpp.o[0m
[2.716s] [ 28%] [32mBuilding CXX object CMakeFiles/people_msgs__rosidl_typesupport_cpp.dir/rosidl_typesupport_cpp/people_msgs/msg/position_measurement__type_support.cpp.o[0m
[2.716s] [ 29%] [32mBuilding CXX object CMakeFiles/people_msgs__rosidl_typesupport_cpp.dir/rosidl_typesupport_cpp/people_msgs/msg/position_measurement_array__type_support.cpp.o[0m
[2.716s] [ 29%] [32mBuilding CXX object CMakeFiles/people_msgs__rosidl_typesupport_cpp.dir/rosidl_typesupport_cpp/people_msgs/msg/people__type_support.cpp.o[0m
[2.716s] [ 31%] [32mBuilding CXX object CMakeFiles/people_msgs__rosidl_typesupport_cpp.dir/rosidl_typesupport_cpp/people_msgs/msg/person_stamped__type_support.cpp.o[0m
[2.815s] [ 32%] [32mBuilding CXX object CMakeFiles/people_msgs__rosidl_typesupport_introspection_cpp.dir/rosidl_typesupport_introspection_cpp/people_msgs/msg/detail/people__type_support.cpp.o[0m
[2.815s] [ 34%] [32mBuilding CXX object CMakeFiles/people_msgs__rosidl_typesupport_introspection_cpp.dir/rosidl_typesupport_introspection_cpp/people_msgs/msg/detail/person__type_support.cpp.o[0m
[2.823s] [ 35%] [32mBuilding CXX object CMakeFiles/people_msgs__rosidl_typesupport_introspection_cpp.dir/rosidl_typesupport_introspection_cpp/people_msgs/msg/detail/person_stamped__type_support.cpp.o[0m
[2.824s] [ 37%] [32mBuilding CXX object CMakeFiles/people_msgs__rosidl_typesupport_introspection_cpp.dir/rosidl_typesupport_introspection_cpp/people_msgs/msg/detail/position_measurement__type_support.cpp.o[0m
[2.825s] [ 39%] [32mBuilding CXX object CMakeFiles/people_msgs__rosidl_typesupport_introspection_cpp.dir/rosidl_typesupport_introspection_cpp/people_msgs/msg/detail/position_measurement_array__type_support.cpp.o[0m
[2.849s] [ 40%] [32mBuilding CXX object CMakeFiles/people_msgs__rosidl_typesupport_fastrtps_cpp.dir/rosidl_typesupport_fastrtps_cpp/people_msgs/msg/detail/dds_fastrtps/person__type_support.cpp.o[0m
[2.856s] [ 42%] [32mBuilding CXX object CMakeFiles/people_msgs__rosidl_typesupport_fastrtps_cpp.dir/rosidl_typesupport_fastrtps_cpp/people_msgs/msg/detail/dds_fastrtps/people__type_support.cpp.o[0m
[2.860s] [ 43%] [32mBuilding CXX object CMakeFiles/people_msgs__rosidl_typesupport_fastrtps_cpp.dir/rosidl_typesupport_fastrtps_cpp/people_msgs/msg/detail/dds_fastrtps/person_stamped__type_support.cpp.o[0m
[3.015s] [ 45%] [32mBuilding CXX object CMakeFiles/people_msgs__rosidl_typesupport_c.dir/rosidl_typesupport_c/people_msgs/msg/people__type_support.cpp.o[0m
[3.171s] [ 46%] [32mBuilding CXX object CMakeFiles/people_msgs__rosidl_typesupport_c.dir/rosidl_typesupport_c/people_msgs/msg/person__type_support.cpp.o[0m
[3.273s] [ 48%] [32mBuilding CXX object CMakeFiles/people_msgs__rosidl_typesupport_c.dir/rosidl_typesupport_c/people_msgs/msg/person_stamped__type_support.cpp.o[0m
[3.315s] [ 50%] [32mBuilding C object CMakeFiles/people_msgs__rosidl_typesupport_introspection_c.dir/rosidl_typesupport_introspection_c/people_msgs/msg/detail/people__type_support.c.o[0m
[3.358s] [ 51%] [32mBuilding CXX object CMakeFiles/people_msgs__rosidl_typesupport_c.dir/rosidl_typesupport_c/people_msgs/msg/position_measurement__type_support.cpp.o[0m
[3.366s] [ 53%] [32mBuilding CXX object CMakeFiles/people_msgs__rosidl_typesupport_fastrtps_cpp.dir/rosidl_typesupport_fastrtps_cpp/people_msgs/msg/detail/dds_fastrtps/position_measurement__type_support.cpp.o[0m
[3.379s] [ 54%] [32mBuilding CXX object CMakeFiles/people_msgs__rosidl_typesupport_fastrtps_c.dir/rosidl_typesupport_fastrtps_c/people_msgs/msg/detail/people__type_support_c.cpp.o[0m
[3.421s] [ 56%] [32mBuilding CXX object CMakeFiles/people_msgs__rosidl_typesupport_fastrtps_cpp.dir/rosidl_typesupport_fastrtps_cpp/people_msgs/msg/detail/dds_fastrtps/position_measurement_array__type_support.cpp.o[0m
[3.436s] [ 57%] [32mBuilding CXX object CMakeFiles/people_msgs__rosidl_typesupport_c.dir/rosidl_typesupport_c/people_msgs/msg/position_measurement_array__type_support.cpp.o[0m
[3.446s] [ 59%] [32mBuilding C object CMakeFiles/people_msgs__rosidl_typesupport_introspection_c.dir/rosidl_typesupport_introspection_c/people_msgs/msg/detail/person__type_support.c.o[0m
[3.502s] [ 60%] [32mBuilding C object CMakeFiles/people_msgs__rosidl_typesupport_introspection_c.dir/rosidl_typesupport_introspection_c/people_msgs/msg/detail/person_stamped__type_support.c.o[0m
[3.529s] [ 62%] [32m[1mLinking CXX shared library libpeople_msgs__rosidl_typesupport_c.so[0m
[3.593s] [ 64%] [32mBuilding CXX object CMakeFiles/people_msgs__rosidl_typesupport_fastrtps_c.dir/rosidl_typesupport_fastrtps_c/people_msgs/msg/detail/person__type_support_c.cpp.o[0m
[3.599s] [ 65%] [32mBuilding C object CMakeFiles/people_msgs__rosidl_typesupport_introspection_c.dir/rosidl_typesupport_introspection_c/people_msgs/msg/detail/position_measurement__type_support.c.o[0m
[3.632s] [ 65%] Built target people_msgs__rosidl_typesupport_c
[3.669s] [ 67%] [32mBuilding C object CMakeFiles/people_msgs__rosidl_typesupport_introspection_c.dir/rosidl_typesupport_introspection_c/people_msgs/msg/detail/position_measurement_array__type_support.c.o[0m
[3.686s] [ 68%] [32mBuilding CXX object CMakeFiles/people_msgs__rosidl_typesupport_fastrtps_c.dir/rosidl_typesupport_fastrtps_c/people_msgs/msg/detail/person_stamped__type_support_c.cpp.o[0m
[3.687s] [ 70%] [32mBuilding CXX object CMakeFiles/people_msgs__rosidl_typesupport_fastrtps_c.dir/rosidl_typesupport_fastrtps_c/people_msgs/msg/detail/position_measurement__type_support_c.cpp.o[0m
[3.720s] [ 71%] [32mBuilding CXX object CMakeFiles/people_msgs__rosidl_typesupport_fastrtps_c.dir/rosidl_typesupport_fastrtps_c/people_msgs/msg/detail/position_measurement_array__type_support_c.cpp.o[0m
[3.808s] [ 73%] [32m[1mLinking CXX shared library libpeople_msgs__rosidl_typesupport_cpp.so[0m
[3.821s] [ 75%] [32m[1mLinking C shared library libpeople_msgs__rosidl_typesupport_introspection_c.so[0m
[3.905s] [ 75%] Built target people_msgs__rosidl_typesupport_cpp
[3.921s] [ 75%] Built target people_msgs__rosidl_typesupport_introspection_c
[4.131s] [ 76%] [32m[1mLinking CXX shared library libpeople_msgs__rosidl_typesupport_introspection_cpp.so[0m
[4.273s] [ 78%] [32m[1mLinking CXX shared library libpeople_msgs__rosidl_typesupport_fastrtps_c.so[0m
[4.280s] [ 78%] Built target people_msgs__rosidl_typesupport_introspection_cpp
[4.283s] [ 79%] [32m[1mLinking CXX shared library libpeople_msgs__rosidl_typesupport_fastrtps_cpp.so[0m
[4.372s] [ 79%] Built target people_msgs__rosidl_typesupport_fastrtps_c
[4.395s] [ 79%] Built target people_msgs__rosidl_typesupport_fastrtps_cpp
[4.435s] [ 79%] Built target people_msgs
[4.513s] [ 81%] [34m[1mGenerating Python code for ROS interfaces[0m
[5.795s] [ 81%] Built target people_msgs__py
[5.877s] [ 82%] [32mBuilding C object CMakeFiles/people_msgs__rosidl_generator_py.dir/rosidl_generator_py/people_msgs/msg/_people_s.c.o[0m
[5.877s] [ 87%] [32mBuilding C object CMakeFiles/people_msgs__rosidl_generator_py.dir/rosidl_generator_py/people_msgs/msg/_position_measurement_array_s.c.o[0m
[5.879s] [ 89%] [32mBuilding C object CMakeFiles/people_msgs__rosidl_generator_py.dir/rosidl_generator_py/people_msgs/msg/_position_measurement_s.c.o[0m
[5.880s] [ 84%] [32mBuilding C object CMakeFiles/people_msgs__rosidl_generator_py.dir/rosidl_generator_py/people_msgs/msg/_person_s.c.o[0m
[5.882s] [ 85%] [32mBuilding C object CMakeFiles/people_msgs__rosidl_generator_py.dir/rosidl_generator_py/people_msgs/msg/_person_stamped_s.c.o[0m
[6.224s] [ 90%] [32m[1mLinking C shared library rosidl_generator_py/people_msgs/libpeople_msgs__rosidl_generator_py.so[0m
[6.313s] [ 90%] Built target people_msgs__rosidl_generator_py
[6.344s] [ 92%] [32mBuilding C object CMakeFiles/people_msgs__rosidl_typesupport_introspection_c__pyext.dir/rosidl_generator_py/people_msgs/_people_msgs_s.ep.rosidl_typesupport_introspection_c.c.o[0m
[6.348s] [ 93%] [32mBuilding C object CMakeFiles/people_msgs__rosidl_typesupport_fastrtps_c__pyext.dir/rosidl_generator_py/people_msgs/_people_msgs_s.ep.rosidl_typesupport_fastrtps_c.c.o[0m
[6.364s] [ 95%] [32mBuilding C object CMakeFiles/people_msgs__rosidl_typesupport_c__pyext.dir/rosidl_generator_py/people_msgs/_people_msgs_s.ep.rosidl_typesupport_c.c.o[0m
[6.498s] [ 96%] [32m[1mLinking C shared library rosidl_generator_py/people_msgs/people_msgs_s__rosidl_typesupport_introspection_c.cpython-310-x86_64-linux-gnu.so[0m
[6.502s] [ 98%] [32m[1mLinking C shared library rosidl_generator_py/people_msgs/people_msgs_s__rosidl_typesupport_fastrtps_c.cpython-310-x86_64-linux-gnu.so[0m
[6.545s] [100%] [32m[1mLinking C shared library rosidl_generator_py/people_msgs/people_msgs_s__rosidl_typesupport_c.cpython-310-x86_64-linux-gnu.so[0m
[6.555s] [100%] Built target people_msgs__rosidl_typesupport_introspection_c__pyext
[6.555s] [100%] Built target people_msgs__rosidl_typesupport_fastrtps_c__pyext
[6.594s] [100%] Built target people_msgs__rosidl_typesupport_c__pyext
[6.612s] Invoked command in '/home/ambroise/hunav_ws/build/people_msgs' returned '0': CMAKE_PREFIX_PATH=${CMAKE_PREFIX_PATH}:/home/ambroise/hunav_ws/install/hunav_behavior_tree_generator:/home/ambroise/hunav_ws/install/hunav_evaluator:/opt/ros/humble /usr/bin/cmake --build /home/ambroise/hunav_ws/build/people_msgs -- -j16 -l16
[6.624s] Invoking command in '/home/ambroise/hunav_ws/build/people_msgs': CMAKE_PREFIX_PATH=${CMAKE_PREFIX_PATH}:/home/ambroise/hunav_ws/install/hunav_behavior_tree_generator:/home/ambroise/hunav_ws/install/hunav_evaluator:/opt/ros/humble /usr/bin/cmake --install /home/ambroise/hunav_ws/build/people_msgs
[6.634s] -- Install configuration: ""
[6.634s] -- Execute custom install script
[6.635s] -- Symlinking: /home/ambroise/hunav_ws/install/people_msgs/share/ament_index/resource_index/rosidl_interfaces/people_msgs
[6.649s] -- Symlinking: /home/ambroise/hunav_ws/install/people_msgs/include/people_msgs/people_msgs/msg/detail/people__functions.h
[6.659s] -- Symlinking: /home/ambroise/hunav_ws/install/people_msgs/include/people_msgs/people_msgs/msg/detail/people__struct.h
[6.669s] -- Symlinking: /home/ambroise/hunav_ws/install/people_msgs/include/people_msgs/people_msgs/msg/detail/people__type_support.h
[6.682s] -- Symlinking: /home/ambroise/hunav_ws/install/people_msgs/include/people_msgs/people_msgs/msg/detail/person__functions.h
[6.692s] -- Symlinking: /home/ambroise/hunav_ws/install/people_msgs/include/people_msgs/people_msgs/msg/detail/person__struct.h
[6.702s] -- Symlinking: /home/ambroise/hunav_ws/install/people_msgs/include/people_msgs/people_msgs/msg/detail/person__type_support.h
[6.711s] -- Symlinking: /home/ambroise/hunav_ws/install/people_msgs/include/people_msgs/people_msgs/msg/detail/person_stamped__functions.h
[6.719s] -- Symlinking: /home/ambroise/hunav_ws/install/people_msgs/include/people_msgs/people_msgs/msg/detail/person_stamped__struct.h
[6.729s] -- Symlinking: /home/ambroise/hunav_ws/install/people_msgs/include/people_msgs/people_msgs/msg/detail/person_stamped__type_support.h
[6.739s] -- Symlinking: /home/ambroise/hunav_ws/install/people_msgs/include/people_msgs/people_msgs/msg/detail/position_measurement__functions.h
[6.749s] -- Symlinking: /home/ambroise/hunav_ws/install/people_msgs/include/people_msgs/people_msgs/msg/detail/position_measurement__struct.h
[6.760s] -- Symlinking: /home/ambroise/hunav_ws/install/people_msgs/include/people_msgs/people_msgs/msg/detail/position_measurement__type_support.h
[6.772s] -- Symlinking: /home/ambroise/hunav_ws/install/people_msgs/include/people_msgs/people_msgs/msg/detail/position_measurement_array__functions.h
[6.782s] -- Symlinking: /home/ambroise/hunav_ws/install/people_msgs/include/people_msgs/people_msgs/msg/detail/position_measurement_array__struct.h
[6.792s] -- Symlinking: /home/ambroise/hunav_ws/install/people_msgs/include/people_msgs/people_msgs/msg/detail/position_measurement_array__type_support.h
[6.800s] -- Symlinking: /home/ambroise/hunav_ws/install/people_msgs/include/people_msgs/people_msgs/msg/people.h
[6.811s] -- Symlinking: /home/ambroise/hunav_ws/install/people_msgs/include/people_msgs/people_msgs/msg/person.h
[6.821s] -- Symlinking: /home/ambroise/hunav_ws/install/people_msgs/include/people_msgs/people_msgs/msg/person_stamped.h
[6.832s] -- Symlinking: /home/ambroise/hunav_ws/install/people_msgs/include/people_msgs/people_msgs/msg/position_measurement.h
[6.841s] -- Symlinking: /home/ambroise/hunav_ws/install/people_msgs/include/people_msgs/people_msgs/msg/position_measurement_array.h
[6.850s] -- Symlinking: /home/ambroise/hunav_ws/install/people_msgs/include/people_msgs/people_msgs/msg/rosidl_generator_c__visibility_control.h
[6.858s] -- Symlinking: /home/ambroise/hunav_ws/install/people_msgs/share/people_msgs/environment/library_path.sh
[6.867s] -- Symlinking: /home/ambroise/hunav_ws/install/people_msgs/share/people_msgs/environment/library_path.dsv
[6.879s] -- Symlinking: /home/ambroise/hunav_ws/install/people_msgs/include/people_msgs/people_msgs/msg/detail/people__rosidl_typesupport_fastrtps_c.h
[6.886s] -- Symlinking: /home/ambroise/hunav_ws/install/people_msgs/include/people_msgs/people_msgs/msg/detail/person__rosidl_typesupport_fastrtps_c.h
[6.893s] -- Symlinking: /home/ambroise/hunav_ws/install/people_msgs/include/people_msgs/people_msgs/msg/detail/person_stamped__rosidl_typesupport_fastrtps_c.h
[6.902s] -- Symlinking: /home/ambroise/hunav_ws/install/people_msgs/include/people_msgs/people_msgs/msg/detail/position_measurement__rosidl_typesupport_fastrtps_c.h
[6.912s] -- Symlinking: /home/ambroise/hunav_ws/install/people_msgs/include/people_msgs/people_msgs/msg/detail/position_measurement_array__rosidl_typesupport_fastrtps_c.h
[6.922s] -- Symlinking: /home/ambroise/hunav_ws/install/people_msgs/include/people_msgs/people_msgs/msg/rosidl_typesupport_fastrtps_c__visibility_control.h
[6.931s] -- Symlinking: /home/ambroise/hunav_ws/install/people_msgs/include/people_msgs/people_msgs/msg/detail/people__rosidl_typesupport_introspection_c.h
[6.941s] -- Symlinking: /home/ambroise/hunav_ws/install/people_msgs/include/people_msgs/people_msgs/msg/detail/person__rosidl_typesupport_introspection_c.h
[6.950s] -- Symlinking: /home/ambroise/hunav_ws/install/people_msgs/include/people_msgs/people_msgs/msg/detail/person_stamped__rosidl_typesupport_introspection_c.h
[6.961s] -- Symlinking: /home/ambroise/hunav_ws/install/people_msgs/include/people_msgs/people_msgs/msg/detail/position_measurement__rosidl_typesupport_introspection_c.h
[6.972s] -- Symlinking: /home/ambroise/hunav_ws/install/people_msgs/include/people_msgs/people_msgs/msg/detail/position_measurement_array__rosidl_typesupport_introspection_c.h
[6.982s] -- Symlinking: /home/ambroise/hunav_ws/install/people_msgs/include/people_msgs/people_msgs/msg/rosidl_typesupport_introspection_c__visibility_control.h
[6.991s] -- Symlinking: /home/ambroise/hunav_ws/install/people_msgs/include/people_msgs/people_msgs/msg/detail/people__builder.hpp
[7.003s] -- Symlinking: /home/ambroise/hunav_ws/install/people_msgs/include/people_msgs/people_msgs/msg/detail/people__struct.hpp
[7.012s] -- Symlinking: /home/ambroise/hunav_ws/install/people_msgs/include/people_msgs/people_msgs/msg/detail/people__traits.hpp
[7.022s] -- Symlinking: /home/ambroise/hunav_ws/install/people_msgs/include/people_msgs/people_msgs/msg/detail/people__type_support.hpp
[7.032s] -- Symlinking: /home/ambroise/hunav_ws/install/people_msgs/include/people_msgs/people_msgs/msg/detail/person__builder.hpp
[7.043s] -- Symlinking: /home/ambroise/hunav_ws/install/people_msgs/include/people_msgs/people_msgs/msg/detail/person__struct.hpp
[7.056s] -- Symlinking: /home/ambroise/hunav_ws/install/people_msgs/include/people_msgs/people_msgs/msg/detail/person__traits.hpp
[7.065s] -- Symlinking: /home/ambroise/hunav_ws/install/people_msgs/include/people_msgs/people_msgs/msg/detail/person__type_support.hpp
[7.074s] -- Symlinking: /home/ambroise/hunav_ws/install/people_msgs/include/people_msgs/people_msgs/msg/detail/person_stamped__builder.hpp
[7.085s] -- Symlinking: /home/ambroise/hunav_ws/install/people_msgs/include/people_msgs/people_msgs/msg/detail/person_stamped__struct.hpp
[7.095s] -- Symlinking: /home/ambroise/hunav_ws/install/people_msgs/include/people_msgs/people_msgs/msg/detail/person_stamped__traits.hpp
[7.106s] -- Symlinking: /home/ambroise/hunav_ws/install/people_msgs/include/people_msgs/people_msgs/msg/detail/person_stamped__type_support.hpp
[7.118s] -- Symlinking: /home/ambroise/hunav_ws/install/people_msgs/include/people_msgs/people_msgs/msg/detail/position_measurement__builder.hpp
[7.128s] -- Symlinking: /home/ambroise/hunav_ws/install/people_msgs/include/people_msgs/people_msgs/msg/detail/position_measurement__struct.hpp
[7.138s] -- Symlinking: /home/ambroise/hunav_ws/install/people_msgs/include/people_msgs/people_msgs/msg/detail/position_measurement__traits.hpp
[7.147s] -- Symlinking: /home/ambroise/hunav_ws/install/people_msgs/include/people_msgs/people_msgs/msg/detail/position_measurement__type_support.hpp
[7.157s] -- Symlinking: /home/ambroise/hunav_ws/install/people_msgs/include/people_msgs/people_msgs/msg/detail/position_measurement_array__builder.hpp
[7.166s] -- Symlinking: /home/ambroise/hunav_ws/install/people_msgs/include/people_msgs/people_msgs/msg/detail/position_measurement_array__struct.hpp
[7.176s] -- Symlinking: /home/ambroise/hunav_ws/install/people_msgs/include/people_msgs/people_msgs/msg/detail/position_measurement_array__traits.hpp
[7.186s] -- Symlinking: /home/ambroise/hunav_ws/install/people_msgs/include/people_msgs/people_msgs/msg/detail/position_measurement_array__type_support.hpp
[7.197s] -- Symlinking: /home/ambroise/hunav_ws/install/people_msgs/include/people_msgs/people_msgs/msg/people.hpp
[7.206s] -- Symlinking: /home/ambroise/hunav_ws/install/people_msgs/include/people_msgs/people_msgs/msg/person.hpp
[7.215s] -- Symlinking: /home/ambroise/hunav_ws/install/people_msgs/include/people_msgs/people_msgs/msg/person_stamped.hpp
[7.226s] -- Symlinking: /home/ambroise/hunav_ws/install/people_msgs/include/people_msgs/people_msgs/msg/position_measurement.hpp
[7.236s] -- Symlinking: /home/ambroise/hunav_ws/install/people_msgs/include/people_msgs/people_msgs/msg/position_measurement_array.hpp
[7.246s] -- Symlinking: /home/ambroise/hunav_ws/install/people_msgs/include/people_msgs/people_msgs/msg/rosidl_generator_cpp__visibility_control.hpp
[7.258s] -- Symlinking: /home/ambroise/hunav_ws/install/people_msgs/include/people_msgs/people_msgs/msg/detail/people__rosidl_typesupport_fastrtps_cpp.hpp
[7.269s] -- Symlinking: /home/ambroise/hunav_ws/install/people_msgs/include/people_msgs/people_msgs/msg/detail/person__rosidl_typesupport_fastrtps_cpp.hpp
[7.279s] -- Symlinking: /home/ambroise/hunav_ws/install/people_msgs/include/people_msgs/people_msgs/msg/detail/person_stamped__rosidl_typesupport_fastrtps_cpp.hpp
[7.289s] -- Symlinking: /home/ambroise/hunav_ws/install/people_msgs/include/people_msgs/people_msgs/msg/detail/position_measurement__rosidl_typesupport_fastrtps_cpp.hpp
[7.298s] -- Symlinking: /home/ambroise/hunav_ws/install/people_msgs/include/people_msgs/people_msgs/msg/detail/position_measurement_array__rosidl_typesupport_fastrtps_cpp.hpp
[7.306s] -- Symlinking: /home/ambroise/hunav_ws/install/people_msgs/include/people_msgs/people_msgs/msg/rosidl_typesupport_fastrtps_cpp__visibility_control.h
[7.316s] -- Symlinking: /home/ambroise/hunav_ws/install/people_msgs/include/people_msgs/people_msgs/msg/detail/people__rosidl_typesupport_introspection_cpp.hpp
[7.327s] -- Symlinking: /home/ambroise/hunav_ws/install/people_msgs/include/people_msgs/people_msgs/msg/detail/person__rosidl_typesupport_introspection_cpp.hpp
[7.336s] -- Symlinking: /home/ambroise/hunav_ws/install/people_msgs/include/people_msgs/people_msgs/msg/detail/person_stamped__rosidl_typesupport_introspection_cpp.hpp
[7.347s] -- Symlinking: /home/ambroise/hunav_ws/install/people_msgs/include/people_msgs/people_msgs/msg/detail/position_measurement__rosidl_typesupport_introspection_cpp.hpp
[7.358s] -- Symlinking: /home/ambroise/hunav_ws/install/people_msgs/include/people_msgs/people_msgs/msg/detail/position_measurement_array__rosidl_typesupport_introspection_cpp.hpp
[7.369s] -- Symlinking: /home/ambroise/hunav_ws/install/people_msgs/share/people_msgs/environment/pythonpath.sh
[7.379s] -- Symlinking: /home/ambroise/hunav_ws/install/people_msgs/share/people_msgs/environment/pythonpath.dsv
[7.391s] -- Symlinking: /home/ambroise/hunav_ws/install/people_msgs/local/lib/python3.10/dist-packages/people_msgs-1.3.0-py3.10.egg-info/PKG-INFO
[7.401s] -- Symlinking: /home/ambroise/hunav_ws/install/people_msgs/local/lib/python3.10/dist-packages/people_msgs-1.3.0-py3.10.egg-info/SOURCES.txt
[7.412s] -- Symlinking: /home/ambroise/hunav_ws/install/people_msgs/local/lib/python3.10/dist-packages/people_msgs-1.3.0-py3.10.egg-info/dependency_links.txt
[7.422s] -- Symlinking: /home/ambroise/hunav_ws/install/people_msgs/local/lib/python3.10/dist-packages/people_msgs-1.3.0-py3.10.egg-info/top_level.txt
[7.432s] -- Symlinking: /home/ambroise/hunav_ws/install/people_msgs/local/lib/python3.10/dist-packages/people_msgs/__init__.py
[7.441s] -- Symlinking: /home/ambroise/hunav_ws/install/people_msgs/local/lib/python3.10/dist-packages/people_msgs/_people_msgs_s.ep.rosidl_typesupport_c.c
[7.453s] -- Symlinking: /home/ambroise/hunav_ws/install/people_msgs/local/lib/python3.10/dist-packages/people_msgs/_people_msgs_s.ep.rosidl_typesupport_fastrtps_c.c
[7.464s] -- Symlinking: /home/ambroise/hunav_ws/install/people_msgs/local/lib/python3.10/dist-packages/people_msgs/_people_msgs_s.ep.rosidl_typesupport_introspection_c.c
[7.473s] -- Symlinking: /home/ambroise/hunav_ws/install/people_msgs/local/lib/python3.10/dist-packages/people_msgs/libpeople_msgs__rosidl_generator_py.so
[7.483s] -- Symlinking: /home/ambroise/hunav_ws/install/people_msgs/local/lib/python3.10/dist-packages/people_msgs/msg/__init__.py
[7.492s] -- Symlinking: /home/ambroise/hunav_ws/install/people_msgs/local/lib/python3.10/dist-packages/people_msgs/msg/_people.py
[7.502s] -- Symlinking: /home/ambroise/hunav_ws/install/people_msgs/local/lib/python3.10/dist-packages/people_msgs/msg/_people_s.c
[7.514s] -- Symlinking: /home/ambroise/hunav_ws/install/people_msgs/local/lib/python3.10/dist-packages/people_msgs/msg/_person.py
[7.523s] -- Symlinking: /home/ambroise/hunav_ws/install/people_msgs/local/lib/python3.10/dist-packages/people_msgs/msg/_person_s.c
[7.534s] -- Symlinking: /home/ambroise/hunav_ws/install/people_msgs/local/lib/python3.10/dist-packages/people_msgs/msg/_person_stamped.py
[7.544s] -- Symlinking: /home/ambroise/hunav_ws/install/people_msgs/local/lib/python3.10/dist-packages/people_msgs/msg/_person_stamped_s.c
[7.554s] -- Symlinking: /home/ambroise/hunav_ws/install/people_msgs/local/lib/python3.10/dist-packages/people_msgs/msg/_position_measurement.py
[7.563s] -- Symlinking: /home/ambroise/hunav_ws/install/people_msgs/local/lib/python3.10/dist-packages/people_msgs/msg/_position_measurement_array.py
[7.572s] -- Symlinking: /home/ambroise/hunav_ws/install/people_msgs/local/lib/python3.10/dist-packages/people_msgs/msg/_position_measurement_array_s.c
[7.584s] -- Symlinking: /home/ambroise/hunav_ws/install/people_msgs/local/lib/python3.10/dist-packages/people_msgs/msg/_position_measurement_s.c
[7.594s] -- Symlinking: /home/ambroise/hunav_ws/install/people_msgs/local/lib/python3.10/dist-packages/people_msgs/people_msgs_s__rosidl_typesupport_c.cpython-310-x86_64-linux-gnu.so
[7.603s] -- Symlinking: /home/ambroise/hunav_ws/install/people_msgs/local/lib/python3.10/dist-packages/people_msgs/people_msgs_s__rosidl_typesupport_fastrtps_c.cpython-310-x86_64-linux-gnu.so
[7.614s] -- Symlinking: /home/ambroise/hunav_ws/install/people_msgs/local/lib/python3.10/dist-packages/people_msgs/people_msgs_s__rosidl_typesupport_introspection_c.cpython-310-x86_64-linux-gnu.so
[7.623s] -- Up-to-date symlink: /home/ambroise/hunav_ws/install/people_msgs/local/lib/python3.10/dist-packages/people_msgs/people_msgs_s__rosidl_typesupport_fastrtps_c.cpython-310-x86_64-linux-gnu.so
[7.623s] -- Up-to-date symlink: /home/ambroise/hunav_ws/install/people_msgs/local/lib/python3.10/dist-packages/people_msgs/people_msgs_s__rosidl_typesupport_introspection_c.cpython-310-x86_64-linux-gnu.so
[7.624s] -- Up-to-date symlink: /home/ambroise/hunav_ws/install/people_msgs/local/lib/python3.10/dist-packages/people_msgs/people_msgs_s__rosidl_typesupport_c.cpython-310-x86_64-linux-gnu.so
[7.624s] -- Symlinking: /home/ambroise/hunav_ws/install/people_msgs/share/ament_index/resource_index/rust_packages/people_msgs
[7.634s] -- Symlinking: /home/ambroise/hunav_ws/install/people_msgs/share/people_msgs/rust/Cargo.toml
[7.645s] -- Symlinking: /home/ambroise/hunav_ws/install/people_msgs/share/people_msgs/rust/build.rs
[7.655s] -- Symlinking: /home/ambroise/hunav_ws/install/people_msgs/share/people_msgs/rust/src/lib.rs
[7.667s] -- Symlinking: /home/ambroise/hunav_ws/install/people_msgs/share/people_msgs/rust/src/msg.rs
[7.678s] -- Symlinking: /home/ambroise/hunav_ws/install/people_msgs/share/people_msgs/rust/src/msg/rmw.rs
[7.687s] -- Symlinking: /home/ambroise/hunav_ws/install/people_msgs/share/people_msgs/msg/People.idl
[7.696s] -- Symlinking: /home/ambroise/hunav_ws/install/people_msgs/share/people_msgs/msg/Person.idl
[7.707s] -- Symlinking: /home/ambroise/hunav_ws/install/people_msgs/share/people_msgs/msg/PersonStamped.idl
[7.718s] -- Symlinking: /home/ambroise/hunav_ws/install/people_msgs/share/people_msgs/msg/PositionMeasurement.idl
[7.728s] -- Symlinking: /home/ambroise/hunav_ws/install/people_msgs/share/people_msgs/msg/PositionMeasurementArray.idl
[7.739s] -- Symlinking: /home/ambroise/hunav_ws/install/people_msgs/share/people_msgs/msg/People.msg
[7.749s] -- Symlinking: /home/ambroise/hunav_ws/install/people_msgs/share/people_msgs/msg/Person.msg
[7.760s] -- Symlinking: /home/ambroise/hunav_ws/install/people_msgs/share/people_msgs/msg/PersonStamped.msg
[7.772s] -- Symlinking: /home/ambroise/hunav_ws/install/people_msgs/share/people_msgs/msg/PositionMeasurement.msg
[7.782s] -- Symlinking: /home/ambroise/hunav_ws/install/people_msgs/share/people_msgs/msg/PositionMeasurementArray.msg
[7.791s] -- Symlinking: /home/ambroise/hunav_ws/install/people_msgs/share/ament_index/resource_index/package_run_dependencies/people_msgs
[7.800s] -- Symlinking: /home/ambroise/hunav_ws/install/people_msgs/share/ament_index/resource_index/parent_prefix_path/people_msgs
[7.809s] -- Symlinking: /home/ambroise/hunav_ws/install/people_msgs/share/people_msgs/environment/ament_prefix_path.sh
[7.817s] -- Symlinking: /home/ambroise/hunav_ws/install/people_msgs/share/people_msgs/environment/ament_prefix_path.dsv
[7.827s] -- Symlinking: /home/ambroise/hunav_ws/install/people_msgs/share/people_msgs/environment/path.sh
[7.836s] -- Symlinking: /home/ambroise/hunav_ws/install/people_msgs/share/people_msgs/environment/path.dsv
[7.846s] -- Symlinking: /home/ambroise/hunav_ws/install/people_msgs/share/people_msgs/local_setup.bash
[7.856s] -- Symlinking: /home/ambroise/hunav_ws/install/people_msgs/share/people_msgs/local_setup.sh
[7.868s] -- Symlinking: /home/ambroise/hunav_ws/install/people_msgs/share/people_msgs/local_setup.zsh
[7.877s] -- Symlinking: /home/ambroise/hunav_ws/install/people_msgs/share/people_msgs/local_setup.dsv
[7.886s] -- Symlinking: /home/ambroise/hunav_ws/install/people_msgs/share/people_msgs/package.dsv
[7.895s] -- Symlinking: /home/ambroise/hunav_ws/install/people_msgs/share/ament_index/resource_index/packages/people_msgs
[7.906s] -- Symlinking: /home/ambroise/hunav_ws/install/people_msgs/share/people_msgs/cmake/rosidl_cmake-extras.cmake
[7.917s] -- Symlinking: /home/ambroise/hunav_ws/install/people_msgs/share/people_msgs/cmake/ament_cmake_export_dependencies-extras.cmake
[7.925s] -- Symlinking: /home/ambroise/hunav_ws/install/people_msgs/share/people_msgs/cmake/ament_cmake_export_include_directories-extras.cmake
[7.936s] -- Symlinking: /home/ambroise/hunav_ws/install/people_msgs/share/people_msgs/cmake/ament_cmake_export_libraries-extras.cmake
[7.946s] -- Symlinking: /home/ambroise/hunav_ws/install/people_msgs/share/people_msgs/cmake/ament_cmake_export_targets-extras.cmake
[7.958s] -- Symlinking: /home/ambroise/hunav_ws/install/people_msgs/share/people_msgs/cmake/rosidl_cmake_export_typesupport_targets-extras.cmake
[7.968s] -- Symlinking: /home/ambroise/hunav_ws/install/people_msgs/share/people_msgs/cmake/rosidl_cmake_export_typesupport_libraries-extras.cmake
[7.976s] -- Symlinking: /home/ambroise/hunav_ws/install/people_msgs/share/people_msgs/cmake/people_msgsConfig.cmake
[7.986s] -- Symlinking: /home/ambroise/hunav_ws/install/people_msgs/share/people_msgs/cmake/people_msgsConfig-version.cmake
[7.996s] -- Symlinking: /home/ambroise/hunav_ws/install/people_msgs/share/people_msgs/package.xml
[8.006s] -- Installing: /home/ambroise/hunav_ws/install/people_msgs/lib/libpeople_msgs__rosidl_generator_c.so
[8.007s] -- Set runtime path of "/home/ambroise/hunav_ws/install/people_msgs/lib/libpeople_msgs__rosidl_generator_c.so" to ""
[8.007s] -- Installing: /home/ambroise/hunav_ws/install/people_msgs/lib/libpeople_msgs__rosidl_typesupport_fastrtps_c.so
[8.008s] -- Set runtime path of "/home/ambroise/hunav_ws/install/people_msgs/lib/libpeople_msgs__rosidl_typesupport_fastrtps_c.so" to ""
[8.008s] -- Installing: /home/ambroise/hunav_ws/install/people_msgs/lib/libpeople_msgs__rosidl_typesupport_introspection_c.so
[8.008s] -- Set runtime path of "/home/ambroise/hunav_ws/install/people_msgs/lib/libpeople_msgs__rosidl_typesupport_introspection_c.so" to ""
[8.008s] -- Installing: /home/ambroise/hunav_ws/install/people_msgs/lib/libpeople_msgs__rosidl_typesupport_c.so
[8.008s] -- Set runtime path of "/home/ambroise/hunav_ws/install/people_msgs/lib/libpeople_msgs__rosidl_typesupport_c.so" to ""
[8.008s] -- Installing: /home/ambroise/hunav_ws/install/people_msgs/lib/libpeople_msgs__rosidl_typesupport_fastrtps_cpp.so
[8.009s] -- Set runtime path of "/home/ambroise/hunav_ws/install/people_msgs/lib/libpeople_msgs__rosidl_typesupport_fastrtps_cpp.so" to ""
[8.009s] -- Installing: /home/ambroise/hunav_ws/install/people_msgs/lib/libpeople_msgs__rosidl_typesupport_introspection_cpp.so
[8.010s] -- Set runtime path of "/home/ambroise/hunav_ws/install/people_msgs/lib/libpeople_msgs__rosidl_typesupport_introspection_cpp.so" to ""
[8.010s] -- Installing: /home/ambroise/hunav_ws/install/people_msgs/lib/libpeople_msgs__rosidl_typesupport_cpp.so
[8.010s] -- Set runtime path of "/home/ambroise/hunav_ws/install/people_msgs/lib/libpeople_msgs__rosidl_typesupport_cpp.so" to ""
[8.056s] Listing '/home/ambroise/hunav_ws/install/people_msgs/local/lib/python3.10/dist-packages/people_msgs'...
[8.056s] Compiling '/home/ambroise/hunav_ws/install/people_msgs/local/lib/python3.10/dist-packages/people_msgs/__init__.py'...
[8.056s] Listing '/home/ambroise/hunav_ws/install/people_msgs/local/lib/python3.10/dist-packages/people_msgs/msg'...
[8.057s] Compiling '/home/ambroise/hunav_ws/install/people_msgs/local/lib/python3.10/dist-packages/people_msgs/msg/__init__.py'...
[8.057s] Compiling '/home/ambroise/hunav_ws/install/people_msgs/local/lib/python3.10/dist-packages/people_msgs/msg/_people.py'...
[8.057s] Compiling '/home/ambroise/hunav_ws/install/people_msgs/local/lib/python3.10/dist-packages/people_msgs/msg/_person.py'...
[8.057s] Compiling '/home/ambroise/hunav_ws/install/people_msgs/local/lib/python3.10/dist-packages/people_msgs/msg/_person_stamped.py'...
[8.057s] Compiling '/home/ambroise/hunav_ws/install/people_msgs/local/lib/python3.10/dist-packages/people_msgs/msg/_position_measurement.py'...
[8.057s] Compiling '/home/ambroise/hunav_ws/install/people_msgs/local/lib/python3.10/dist-packages/people_msgs/msg/_position_measurement_array.py'...
[8.062s] -- Installing: /home/ambroise/hunav_ws/install/people_msgs/lib/libpeople_msgs__rosidl_generator_py.so
[8.063s] -- Set runtime path of "/home/ambroise/hunav_ws/install/people_msgs/lib/libpeople_msgs__rosidl_generator_py.so" to ""
[8.063s] -- Installing: /home/ambroise/hunav_ws/install/people_msgs/share/people_msgs/cmake/export_people_msgs__rosidl_generator_cExport.cmake
[8.063s] -- Installing: /home/ambroise/hunav_ws/install/people_msgs/share/people_msgs/cmake/export_people_msgs__rosidl_generator_cExport-noconfig.cmake
[8.063s] -- Installing: /home/ambroise/hunav_ws/install/people_msgs/share/people_msgs/cmake/export_people_msgs__rosidl_typesupport_fastrtps_cExport.cmake
[8.063s] -- Installing: /home/ambroise/hunav_ws/install/people_msgs/share/people_msgs/cmake/export_people_msgs__rosidl_typesupport_fastrtps_cExport-noconfig.cmake
[8.064s] -- Installing: /home/ambroise/hunav_ws/install/people_msgs/share/people_msgs/cmake/people_msgs__rosidl_typesupport_introspection_cExport.cmake
[8.064s] -- Installing: /home/ambroise/hunav_ws/install/people_msgs/share/people_msgs/cmake/people_msgs__rosidl_typesupport_introspection_cExport-noconfig.cmake
[8.064s] -- Installing: /home/ambroise/hunav_ws/install/people_msgs/share/people_msgs/cmake/people_msgs__rosidl_typesupport_cExport.cmake
[8.064s] -- Installing: /home/ambroise/hunav_ws/install/people_msgs/share/people_msgs/cmake/people_msgs__rosidl_typesupport_cExport-noconfig.cmake
[8.064s] -- Installing: /home/ambroise/hunav_ws/install/people_msgs/share/people_msgs/cmake/export_people_msgs__rosidl_generator_cppExport.cmake
[8.064s] -- Installing: /home/ambroise/hunav_ws/install/people_msgs/share/people_msgs/cmake/export_people_msgs__rosidl_typesupport_fastrtps_cppExport.cmake
[8.065s] -- Installing: /home/ambroise/hunav_ws/install/people_msgs/share/people_msgs/cmake/export_people_msgs__rosidl_typesupport_fastrtps_cppExport-noconfig.cmake
[8.065s] -- Installing: /home/ambroise/hunav_ws/install/people_msgs/share/people_msgs/cmake/people_msgs__rosidl_typesupport_introspection_cppExport.cmake
[8.065s] -- Installing: /home/ambroise/hunav_ws/install/people_msgs/share/people_msgs/cmake/people_msgs__rosidl_typesupport_introspection_cppExport-noconfig.cmake
[8.065s] -- Installing: /home/ambroise/hunav_ws/install/people_msgs/share/people_msgs/cmake/people_msgs__rosidl_typesupport_cppExport.cmake
[8.065s] -- Installing: /home/ambroise/hunav_ws/install/people_msgs/share/people_msgs/cmake/people_msgs__rosidl_typesupport_cppExport-noconfig.cmake
[8.065s] -- Installing: /home/ambroise/hunav_ws/install/people_msgs/share/people_msgs/cmake/export_people_msgs__rosidl_generator_pyExport.cmake
[8.065s] -- Installing: /home/ambroise/hunav_ws/install/people_msgs/share/people_msgs/cmake/export_people_msgs__rosidl_generator_pyExport-noconfig.cmake
[8.069s] Invoked command in '/home/ambroise/hunav_ws/build/people_msgs' returned '0': CMAKE_PREFIX_PATH=${CMAKE_PREFIX_PATH}:/home/ambroise/hunav_ws/install/hunav_behavior_tree_generator:/home/ambroise/hunav_ws/install/hunav_evaluator:/opt/ros/humble /usr/bin/cmake --install /home/ambroise/hunav_ws/build/people_msgs
