[0.125s] DEBUG:colcon:Command line arguments: ['/usr/bin/colcon', 'build', '--packages-select', 'nav2_social_costmap_plugin']
[0.126s] DEBUG:colcon:Parsed command line arguments: Namespace(log_base=None, log_level=None, verb_name='build', build_base='build', install_base='install', merge_install=False, symlink_install=False, test_result_base=None, continue_on_error=False, executor='parallel', parallel_workers=16, event_handlers=None, ignore_user_meta=False, metas=['./colcon.meta'], base_paths=['.'], packages_ignore=None, packages_ignore_regex=None, paths=None, packages_up_to=None, packages_up_to_regex=None, packages_above=None, packages_above_and_dependencies=None, packages_above_depth=None, packages_select_by_dep=None, packages_skip_by_dep=None, packages_skip_up_to=None, packages_select_build_failed=False, packages_skip_build_finished=False, packages_select_test_failures=False, packages_skip_test_passed=False, packages_select=['nav2_social_costmap_plugin'], packages_skip=None, packages_select_regex=None, packages_skip_regex=None, packages_start=None, packages_end=None, allow_overriding=[], cmake_args=None, cmake_target=None, cmake_target_skip_unavailable=False, cmake_clean_cache=False, cmake_clean_first=False, cmake_force_configure=False, ament_cmake_args=None, catkin_cmake_args=None, catkin_skip_building_tests=False, verb_parser=<colcon_defaults.argument_parser.defaults.DefaultArgumentsDecorator object at 0x7d43c16d5c90>, verb_extension=<colcon_core.verb.build.BuildVerb object at 0x7d43c16d56c0>, main=<bound method BuildVerb.main of <colcon_core.verb.build.BuildVerb object at 0x7d43c16d56c0>>)
[0.315s] Level 1:colcon.colcon_core.package_discovery:discover_packages(colcon_meta) check parameters
[0.315s] Level 1:colcon.colcon_core.package_discovery:discover_packages(recursive) check parameters
[0.315s] Level 1:colcon.colcon_core.package_discovery:discover_packages(ignore) check parameters
[0.315s] Level 1:colcon.colcon_core.package_discovery:discover_packages(path) check parameters
[0.315s] Level 1:colcon.colcon_core.package_discovery:discover_packages(colcon_meta) discover
[0.316s] Level 1:colcon.colcon_core.package_discovery:discover_packages(recursive) discover
[0.316s] INFO:colcon.colcon_core.package_discovery:Crawling recursively for packages in '/home/ambroise/hunav_ws'
[0.316s] Level 1:colcon.colcon_core.package_identification:_identify(.) by extensions ['ignore', 'ignore_ament_install']
[0.316s] Level 1:colcon.colcon_core.package_identification:_identify(.) by extension 'ignore'
[0.316s] Level 1:colcon.colcon_core.package_identification:_identify(.) by extension 'ignore_ament_install'
[0.316s] Level 1:colcon.colcon_core.package_identification:_identify(.) by extensions ['colcon_pkg']
[0.316s] Level 1:colcon.colcon_core.package_identification:_identify(.) by extension 'colcon_pkg'
[0.316s] Level 1:colcon.colcon_core.package_identification:_identify(.) by extensions ['colcon_meta']
[0.316s] Level 1:colcon.colcon_core.package_identification:_identify(.) by extension 'colcon_meta'
[0.316s] Level 1:colcon.colcon_core.package_identification:_identify(.) by extensions ['ros']
[0.316s] Level 1:colcon.colcon_core.package_identification:_identify(.) by extension 'ros'
[0.329s] Level 1:colcon.colcon_core.package_identification:_identify(.) by extensions ['cmake', 'python']
[0.329s] Level 1:colcon.colcon_core.package_identification:_identify(.) by extension 'cmake'
[0.329s] Level 1:colcon.colcon_core.package_identification:_identify(.) by extension 'python'
[0.329s] Level 1:colcon.colcon_core.package_identification:_identify(.) by extensions ['python_setup_py']
[0.329s] Level 1:colcon.colcon_core.package_identification:_identify(.) by extension 'python_setup_py'
[0.329s] Level 1:colcon.colcon_core.package_identification:_identify(build) by extensions ['ignore', 'ignore_ament_install']
[0.329s] Level 1:colcon.colcon_core.package_identification:_identify(build) by extension 'ignore'
[0.329s] Level 1:colcon.colcon_core.package_identification:_identify(build) ignored
[0.329s] Level 1:colcon.colcon_core.package_identification:_identify(install) by extensions ['ignore', 'ignore_ament_install']
[0.329s] Level 1:colcon.colcon_core.package_identification:_identify(install) by extension 'ignore'
[0.330s] Level 1:colcon.colcon_core.package_identification:_identify(install) ignored
[0.330s] Level 1:colcon.colcon_core.package_identification:_identify(log) by extensions ['ignore', 'ignore_ament_install']
[0.330s] Level 1:colcon.colcon_core.package_identification:_identify(log) by extension 'ignore'
[0.330s] Level 1:colcon.colcon_core.package_identification:_identify(log) ignored
[0.330s] Level 1:colcon.colcon_core.package_identification:_identify(src) by extensions ['ignore', 'ignore_ament_install']
[0.330s] Level 1:colcon.colcon_core.package_identification:_identify(src) by extension 'ignore'
[0.330s] Level 1:colcon.colcon_core.package_identification:_identify(src) by extension 'ignore_ament_install'
[0.330s] Level 1:colcon.colcon_core.package_identification:_identify(src) by extensions ['colcon_pkg']
[0.330s] Level 1:colcon.colcon_core.package_identification:_identify(src) by extension 'colcon_pkg'
[0.330s] Level 1:colcon.colcon_core.package_identification:_identify(src) by extensions ['colcon_meta']
[0.330s] Level 1:colcon.colcon_core.package_identification:_identify(src) by extension 'colcon_meta'
[0.330s] Level 1:colcon.colcon_core.package_identification:_identify(src) by extensions ['ros']
[0.330s] Level 1:colcon.colcon_core.package_identification:_identify(src) by extension 'ros'
[0.330s] Level 1:colcon.colcon_core.package_identification:_identify(src) by extensions ['cmake', 'python']
[0.330s] Level 1:colcon.colcon_core.package_identification:_identify(src) by extension 'cmake'
[0.330s] Level 1:colcon.colcon_core.package_identification:_identify(src) by extension 'python'
[0.330s] Level 1:colcon.colcon_core.package_identification:_identify(src) by extensions ['python_setup_py']
[0.330s] Level 1:colcon.colcon_core.package_identification:_identify(src) by extension 'python_setup_py'
[0.331s] Level 1:colcon.colcon_core.package_identification:_identify(src/hunav_gazebo_wrapper) by extensions ['ignore', 'ignore_ament_install']
[0.331s] Level 1:colcon.colcon_core.package_identification:_identify(src/hunav_gazebo_wrapper) by extension 'ignore'
[0.331s] Level 1:colcon.colcon_core.package_identification:_identify(src/hunav_gazebo_wrapper) by extension 'ignore_ament_install'
[0.331s] Level 1:colcon.colcon_core.package_identification:_identify(src/hunav_gazebo_wrapper) by extensions ['colcon_pkg']
[0.331s] Level 1:colcon.colcon_core.package_identification:_identify(src/hunav_gazebo_wrapper) by extension 'colcon_pkg'
[0.331s] Level 1:colcon.colcon_core.package_identification:_identify(src/hunav_gazebo_wrapper) by extensions ['colcon_meta']
[0.331s] Level 1:colcon.colcon_core.package_identification:_identify(src/hunav_gazebo_wrapper) by extension 'colcon_meta'
[0.331s] Level 1:colcon.colcon_core.package_identification:_identify(src/hunav_gazebo_wrapper) by extensions ['ros']
[0.331s] Level 1:colcon.colcon_core.package_identification:_identify(src/hunav_gazebo_wrapper) by extension 'ros'
[0.334s] DEBUG:colcon.colcon_core.package_identification:Package 'src/hunav_gazebo_wrapper' with type 'ros.ament_cmake' and name 'hunav_gazebo_wrapper'
[0.334s] Level 1:colcon.colcon_core.package_identification:_identify(src/hunav_sim) by extensions ['ignore', 'ignore_ament_install']
[0.334s] Level 1:colcon.colcon_core.package_identification:_identify(src/hunav_sim) by extension 'ignore'
[0.334s] Level 1:colcon.colcon_core.package_identification:_identify(src/hunav_sim) by extension 'ignore_ament_install'
[0.334s] Level 1:colcon.colcon_core.package_identification:_identify(src/hunav_sim) by extensions ['colcon_pkg']
[0.334s] Level 1:colcon.colcon_core.package_identification:_identify(src/hunav_sim) by extension 'colcon_pkg'
[0.334s] Level 1:colcon.colcon_core.package_identification:_identify(src/hunav_sim) by extensions ['colcon_meta']
[0.334s] Level 1:colcon.colcon_core.package_identification:_identify(src/hunav_sim) by extension 'colcon_meta'
[0.334s] Level 1:colcon.colcon_core.package_identification:_identify(src/hunav_sim) by extensions ['ros']
[0.334s] Level 1:colcon.colcon_core.package_identification:_identify(src/hunav_sim) by extension 'ros'
[0.335s] Level 1:colcon.colcon_core.package_identification:_identify(src/hunav_sim) by extensions ['cmake', 'python']
[0.335s] Level 1:colcon.colcon_core.package_identification:_identify(src/hunav_sim) by extension 'cmake'
[0.335s] Level 1:colcon.colcon_core.package_identification:_identify(src/hunav_sim) by extension 'python'
[0.335s] Level 1:colcon.colcon_core.package_identification:_identify(src/hunav_sim) by extensions ['python_setup_py']
[0.335s] Level 1:colcon.colcon_core.package_identification:_identify(src/hunav_sim) by extension 'python_setup_py'
[0.335s] Level 1:colcon.colcon_core.package_identification:_identify(src/hunav_sim/hunav_agent_manager) by extensions ['ignore', 'ignore_ament_install']
[0.335s] Level 1:colcon.colcon_core.package_identification:_identify(src/hunav_sim/hunav_agent_manager) by extension 'ignore'
[0.335s] Level 1:colcon.colcon_core.package_identification:_identify(src/hunav_sim/hunav_agent_manager) by extension 'ignore_ament_install'
[0.335s] Level 1:colcon.colcon_core.package_identification:_identify(src/hunav_sim/hunav_agent_manager) by extensions ['colcon_pkg']
[0.335s] Level 1:colcon.colcon_core.package_identification:_identify(src/hunav_sim/hunav_agent_manager) by extension 'colcon_pkg'
[0.335s] Level 1:colcon.colcon_core.package_identification:_identify(src/hunav_sim/hunav_agent_manager) by extensions ['colcon_meta']
[0.335s] Level 1:colcon.colcon_core.package_identification:_identify(src/hunav_sim/hunav_agent_manager) by extension 'colcon_meta'
[0.335s] Level 1:colcon.colcon_core.package_identification:_identify(src/hunav_sim/hunav_agent_manager) by extensions ['ros']
[0.335s] Level 1:colcon.colcon_core.package_identification:_identify(src/hunav_sim/hunav_agent_manager) by extension 'ros'
[0.336s] DEBUG:colcon.colcon_core.package_identification:Package 'src/hunav_sim/hunav_agent_manager' with type 'ros.ament_cmake' and name 'hunav_agent_manager'
[0.337s] Level 1:colcon.colcon_core.package_identification:_identify(src/hunav_sim/hunav_behavior_tree_generator) by extensions ['ignore', 'ignore_ament_install']
[0.337s] Level 1:colcon.colcon_core.package_identification:_identify(src/hunav_sim/hunav_behavior_tree_generator) by extension 'ignore'
[0.337s] Level 1:colcon.colcon_core.package_identification:_identify(src/hunav_sim/hunav_behavior_tree_generator) by extension 'ignore_ament_install'
[0.337s] Level 1:colcon.colcon_core.package_identification:_identify(src/hunav_sim/hunav_behavior_tree_generator) by extensions ['colcon_pkg']
[0.337s] Level 1:colcon.colcon_core.package_identification:_identify(src/hunav_sim/hunav_behavior_tree_generator) by extension 'colcon_pkg'
[0.337s] Level 1:colcon.colcon_core.package_identification:_identify(src/hunav_sim/hunav_behavior_tree_generator) by extensions ['colcon_meta']
[0.337s] Level 1:colcon.colcon_core.package_identification:_identify(src/hunav_sim/hunav_behavior_tree_generator) by extension 'colcon_meta'
[0.337s] Level 1:colcon.colcon_core.package_identification:_identify(src/hunav_sim/hunav_behavior_tree_generator) by extensions ['ros']
[0.337s] Level 1:colcon.colcon_core.package_identification:_identify(src/hunav_sim/hunav_behavior_tree_generator) by extension 'ros'
[0.338s] DEBUG:colcon.colcon_core.package_identification:Package 'src/hunav_sim/hunav_behavior_tree_generator' with type 'ros.ament_python' and name 'hunav_behavior_tree_generator'
[0.338s] Level 1:colcon.colcon_core.package_identification:_identify(src/hunav_sim/hunav_evaluator) by extensions ['ignore', 'ignore_ament_install']
[0.338s] Level 1:colcon.colcon_core.package_identification:_identify(src/hunav_sim/hunav_evaluator) by extension 'ignore'
[0.338s] Level 1:colcon.colcon_core.package_identification:_identify(src/hunav_sim/hunav_evaluator) by extension 'ignore_ament_install'
[0.338s] Level 1:colcon.colcon_core.package_identification:_identify(src/hunav_sim/hunav_evaluator) by extensions ['colcon_pkg']
[0.338s] Level 1:colcon.colcon_core.package_identification:_identify(src/hunav_sim/hunav_evaluator) by extension 'colcon_pkg'
[0.338s] Level 1:colcon.colcon_core.package_identification:_identify(src/hunav_sim/hunav_evaluator) by extensions ['colcon_meta']
[0.338s] Level 1:colcon.colcon_core.package_identification:_identify(src/hunav_sim/hunav_evaluator) by extension 'colcon_meta'
[0.338s] Level 1:colcon.colcon_core.package_identification:_identify(src/hunav_sim/hunav_evaluator) by extensions ['ros']
[0.338s] Level 1:colcon.colcon_core.package_identification:_identify(src/hunav_sim/hunav_evaluator) by extension 'ros'
[0.339s] DEBUG:colcon.colcon_core.package_identification:Package 'src/hunav_sim/hunav_evaluator' with type 'ros.ament_python' and name 'hunav_evaluator'
[0.339s] Level 1:colcon.colcon_core.package_identification:_identify(src/hunav_sim/hunav_msgs) by extensions ['ignore', 'ignore_ament_install']
[0.339s] Level 1:colcon.colcon_core.package_identification:_identify(src/hunav_sim/hunav_msgs) by extension 'ignore'
[0.340s] Level 1:colcon.colcon_core.package_identification:_identify(src/hunav_sim/hunav_msgs) by extension 'ignore_ament_install'
[0.340s] Level 1:colcon.colcon_core.package_identification:_identify(src/hunav_sim/hunav_msgs) by extensions ['colcon_pkg']
[0.340s] Level 1:colcon.colcon_core.package_identification:_identify(src/hunav_sim/hunav_msgs) by extension 'colcon_pkg'
[0.340s] Level 1:colcon.colcon_core.package_identification:_identify(src/hunav_sim/hunav_msgs) by extensions ['colcon_meta']
[0.340s] Level 1:colcon.colcon_core.package_identification:_identify(src/hunav_sim/hunav_msgs) by extension 'colcon_meta'
[0.340s] Level 1:colcon.colcon_core.package_identification:_identify(src/hunav_sim/hunav_msgs) by extensions ['ros']
[0.340s] Level 1:colcon.colcon_core.package_identification:_identify(src/hunav_sim/hunav_msgs) by extension 'ros'
[0.341s] DEBUG:colcon.colcon_core.package_identification:Package 'src/hunav_sim/hunav_msgs' with type 'ros.ament_cmake' and name 'hunav_msgs'
[0.341s] Level 1:colcon.colcon_core.package_identification:_identify(src/hunav_sim/hunav_rviz2_panel) by extensions ['ignore', 'ignore_ament_install']
[0.341s] Level 1:colcon.colcon_core.package_identification:_identify(src/hunav_sim/hunav_rviz2_panel) by extension 'ignore'
[0.341s] Level 1:colcon.colcon_core.package_identification:_identify(src/hunav_sim/hunav_rviz2_panel) by extension 'ignore_ament_install'
[0.341s] Level 1:colcon.colcon_core.package_identification:_identify(src/hunav_sim/hunav_rviz2_panel) by extensions ['colcon_pkg']
[0.341s] Level 1:colcon.colcon_core.package_identification:_identify(src/hunav_sim/hunav_rviz2_panel) by extension 'colcon_pkg'
[0.341s] Level 1:colcon.colcon_core.package_identification:_identify(src/hunav_sim/hunav_rviz2_panel) by extensions ['colcon_meta']
[0.341s] Level 1:colcon.colcon_core.package_identification:_identify(src/hunav_sim/hunav_rviz2_panel) by extension 'colcon_meta'
[0.341s] Level 1:colcon.colcon_core.package_identification:_identify(src/hunav_sim/hunav_rviz2_panel) by extensions ['ros']
[0.341s] Level 1:colcon.colcon_core.package_identification:_identify(src/hunav_sim/hunav_rviz2_panel) by extension 'ros'
[0.343s] DEBUG:colcon.colcon_core.package_identification:Package 'src/hunav_sim/hunav_rviz2_panel' with type 'ros.ament_cmake' and name 'hunav_rviz2_panel'
[0.343s] Level 1:colcon.colcon_core.package_identification:_identify(src/hunav_sim/hunav_sim) by extensions ['ignore', 'ignore_ament_install']
[0.343s] Level 1:colcon.colcon_core.package_identification:_identify(src/hunav_sim/hunav_sim) by extension 'ignore'
[0.343s] Level 1:colcon.colcon_core.package_identification:_identify(src/hunav_sim/hunav_sim) by extension 'ignore_ament_install'
[0.343s] Level 1:colcon.colcon_core.package_identification:_identify(src/hunav_sim/hunav_sim) by extensions ['colcon_pkg']
[0.343s] Level 1:colcon.colcon_core.package_identification:_identify(src/hunav_sim/hunav_sim) by extension 'colcon_pkg'
[0.343s] Level 1:colcon.colcon_core.package_identification:_identify(src/hunav_sim/hunav_sim) by extensions ['colcon_meta']
[0.343s] Level 1:colcon.colcon_core.package_identification:_identify(src/hunav_sim/hunav_sim) by extension 'colcon_meta'
[0.343s] Level 1:colcon.colcon_core.package_identification:_identify(src/hunav_sim/hunav_sim) by extensions ['ros']
[0.343s] Level 1:colcon.colcon_core.package_identification:_identify(src/hunav_sim/hunav_sim) by extension 'ros'
[0.344s] DEBUG:colcon.colcon_core.package_identification:Package 'src/hunav_sim/hunav_sim' with type 'ros.ament_cmake' and name 'hunav_sim'
[0.344s] Level 1:colcon.colcon_core.package_identification:_identify(src/hunav_sim/images) by extensions ['ignore', 'ignore_ament_install']
[0.344s] Level 1:colcon.colcon_core.package_identification:_identify(src/hunav_sim/images) by extension 'ignore'
[0.344s] Level 1:colcon.colcon_core.package_identification:_identify(src/hunav_sim/images) by extension 'ignore_ament_install'
[0.344s] Level 1:colcon.colcon_core.package_identification:_identify(src/hunav_sim/images) by extensions ['colcon_pkg']
[0.344s] Level 1:colcon.colcon_core.package_identification:_identify(src/hunav_sim/images) by extension 'colcon_pkg'
[0.345s] Level 1:colcon.colcon_core.package_identification:_identify(src/hunav_sim/images) by extensions ['colcon_meta']
[0.345s] Level 1:colcon.colcon_core.package_identification:_identify(src/hunav_sim/images) by extension 'colcon_meta'
[0.345s] Level 1:colcon.colcon_core.package_identification:_identify(src/hunav_sim/images) by extensions ['ros']
[0.345s] Level 1:colcon.colcon_core.package_identification:_identify(src/hunav_sim/images) by extension 'ros'
[0.345s] Level 1:colcon.colcon_core.package_identification:_identify(src/hunav_sim/images) by extensions ['cmake', 'python']
[0.345s] Level 1:colcon.colcon_core.package_identification:_identify(src/hunav_sim/images) by extension 'cmake'
[0.345s] Level 1:colcon.colcon_core.package_identification:_identify(src/hunav_sim/images) by extension 'python'
[0.345s] Level 1:colcon.colcon_core.package_identification:_identify(src/hunav_sim/images) by extensions ['python_setup_py']
[0.345s] Level 1:colcon.colcon_core.package_identification:_identify(src/hunav_sim/images) by extension 'python_setup_py'
[0.345s] Level 1:colcon.colcon_core.package_identification:_identify(src/lightsfm) by extensions ['ignore', 'ignore_ament_install']
[0.345s] Level 1:colcon.colcon_core.package_identification:_identify(src/lightsfm) by extension 'ignore'
[0.345s] Level 1:colcon.colcon_core.package_identification:_identify(src/lightsfm) by extension 'ignore_ament_install'
[0.345s] Level 1:colcon.colcon_core.package_identification:_identify(src/lightsfm) by extensions ['colcon_pkg']
[0.345s] Level 1:colcon.colcon_core.package_identification:_identify(src/lightsfm) by extension 'colcon_pkg'
[0.345s] Level 1:colcon.colcon_core.package_identification:_identify(src/lightsfm) by extensions ['colcon_meta']
[0.345s] Level 1:colcon.colcon_core.package_identification:_identify(src/lightsfm) by extension 'colcon_meta'
[0.345s] Level 1:colcon.colcon_core.package_identification:_identify(src/lightsfm) by extensions ['ros']
[0.345s] Level 1:colcon.colcon_core.package_identification:_identify(src/lightsfm) by extension 'ros'
[0.346s] Level 1:colcon.colcon_core.package_identification:_identify(src/lightsfm) by extensions ['cmake', 'python']
[0.346s] Level 1:colcon.colcon_core.package_identification:_identify(src/lightsfm) by extension 'cmake'
[0.346s] Level 1:colcon.colcon_core.package_identification:_identify(src/lightsfm) by extension 'python'
[0.346s] Level 1:colcon.colcon_core.package_identification:_identify(src/lightsfm) by extensions ['python_setup_py']
[0.346s] Level 1:colcon.colcon_core.package_identification:_identify(src/lightsfm) by extension 'python_setup_py'
[0.346s] Level 1:colcon.colcon_core.package_identification:_identify(src/lightsfm/include) by extensions ['ignore', 'ignore_ament_install']
[0.346s] Level 1:colcon.colcon_core.package_identification:_identify(src/lightsfm/include) by extension 'ignore'
[0.346s] Level 1:colcon.colcon_core.package_identification:_identify(src/lightsfm/include) by extension 'ignore_ament_install'
[0.346s] Level 1:colcon.colcon_core.package_identification:_identify(src/lightsfm/include) by extensions ['colcon_pkg']
[0.346s] Level 1:colcon.colcon_core.package_identification:_identify(src/lightsfm/include) by extension 'colcon_pkg'
[0.346s] Level 1:colcon.colcon_core.package_identification:_identify(src/lightsfm/include) by extensions ['colcon_meta']
[0.346s] Level 1:colcon.colcon_core.package_identification:_identify(src/lightsfm/include) by extension 'colcon_meta'
[0.346s] Level 1:colcon.colcon_core.package_identification:_identify(src/lightsfm/include) by extensions ['ros']
[0.346s] Level 1:colcon.colcon_core.package_identification:_identify(src/lightsfm/include) by extension 'ros'
[0.346s] Level 1:colcon.colcon_core.package_identification:_identify(src/lightsfm/include) by extensions ['cmake', 'python']
[0.346s] Level 1:colcon.colcon_core.package_identification:_identify(src/lightsfm/include) by extension 'cmake'
[0.346s] Level 1:colcon.colcon_core.package_identification:_identify(src/lightsfm/include) by extension 'python'
[0.347s] Level 1:colcon.colcon_core.package_identification:_identify(src/lightsfm/include) by extensions ['python_setup_py']
[0.347s] Level 1:colcon.colcon_core.package_identification:_identify(src/lightsfm/include) by extension 'python_setup_py'
[0.347s] Level 1:colcon.colcon_core.package_identification:_identify(src/lightsfm/media) by extensions ['ignore', 'ignore_ament_install']
[0.347s] Level 1:colcon.colcon_core.package_identification:_identify(src/lightsfm/media) by extension 'ignore'
[0.347s] Level 1:colcon.colcon_core.package_identification:_identify(src/lightsfm/media) by extension 'ignore_ament_install'
[0.347s] Level 1:colcon.colcon_core.package_identification:_identify(src/lightsfm/media) by extensions ['colcon_pkg']
[0.347s] Level 1:colcon.colcon_core.package_identification:_identify(src/lightsfm/media) by extension 'colcon_pkg'
[0.347s] Level 1:colcon.colcon_core.package_identification:_identify(src/lightsfm/media) by extensions ['colcon_meta']
[0.347s] Level 1:colcon.colcon_core.package_identification:_identify(src/lightsfm/media) by extension 'colcon_meta'
[0.347s] Level 1:colcon.colcon_core.package_identification:_identify(src/lightsfm/media) by extensions ['ros']
[0.347s] Level 1:colcon.colcon_core.package_identification:_identify(src/lightsfm/media) by extension 'ros'
[0.347s] Level 1:colcon.colcon_core.package_identification:_identify(src/lightsfm/media) by extensions ['cmake', 'python']
[0.347s] Level 1:colcon.colcon_core.package_identification:_identify(src/lightsfm/media) by extension 'cmake'
[0.347s] Level 1:colcon.colcon_core.package_identification:_identify(src/lightsfm/media) by extension 'python'
[0.347s] Level 1:colcon.colcon_core.package_identification:_identify(src/lightsfm/media) by extensions ['python_setup_py']
[0.347s] Level 1:colcon.colcon_core.package_identification:_identify(src/lightsfm/media) by extension 'python_setup_py'
[0.347s] Level 1:colcon.colcon_core.package_identification:_identify(src/lightsfm/src) by extensions ['ignore', 'ignore_ament_install']
[0.347s] Level 1:colcon.colcon_core.package_identification:_identify(src/lightsfm/src) by extension 'ignore'
[0.347s] Level 1:colcon.colcon_core.package_identification:_identify(src/lightsfm/src) by extension 'ignore_ament_install'
[0.348s] Level 1:colcon.colcon_core.package_identification:_identify(src/lightsfm/src) by extensions ['colcon_pkg']
[0.348s] Level 1:colcon.colcon_core.package_identification:_identify(src/lightsfm/src) by extension 'colcon_pkg'
[0.348s] Level 1:colcon.colcon_core.package_identification:_identify(src/lightsfm/src) by extensions ['colcon_meta']
[0.348s] Level 1:colcon.colcon_core.package_identification:_identify(src/lightsfm/src) by extension 'colcon_meta'
[0.348s] Level 1:colcon.colcon_core.package_identification:_identify(src/lightsfm/src) by extensions ['ros']
[0.348s] Level 1:colcon.colcon_core.package_identification:_identify(src/lightsfm/src) by extension 'ros'
[0.348s] Level 1:colcon.colcon_core.package_identification:_identify(src/lightsfm/src) by extensions ['cmake', 'python']
[0.348s] Level 1:colcon.colcon_core.package_identification:_identify(src/lightsfm/src) by extension 'cmake'
[0.348s] Level 1:colcon.colcon_core.package_identification:_identify(src/lightsfm/src) by extension 'python'
[0.348s] Level 1:colcon.colcon_core.package_identification:_identify(src/lightsfm/src) by extensions ['python_setup_py']
[0.348s] Level 1:colcon.colcon_core.package_identification:_identify(src/lightsfm/src) by extension 'python_setup_py'
[0.348s] Level 1:colcon.colcon_core.package_identification:_identify(src/nav2_social_costmap_plugin) by extensions ['ignore', 'ignore_ament_install']
[0.348s] Level 1:colcon.colcon_core.package_identification:_identify(src/nav2_social_costmap_plugin) by extension 'ignore'
[0.348s] Level 1:colcon.colcon_core.package_identification:_identify(src/nav2_social_costmap_plugin) by extension 'ignore_ament_install'
[0.348s] Level 1:colcon.colcon_core.package_identification:_identify(src/nav2_social_costmap_plugin) by extensions ['colcon_pkg']
[0.348s] Level 1:colcon.colcon_core.package_identification:_identify(src/nav2_social_costmap_plugin) by extension 'colcon_pkg'
[0.348s] Level 1:colcon.colcon_core.package_identification:_identify(src/nav2_social_costmap_plugin) by extensions ['colcon_meta']
[0.348s] Level 1:colcon.colcon_core.package_identification:_identify(src/nav2_social_costmap_plugin) by extension 'colcon_meta'
[0.348s] Level 1:colcon.colcon_core.package_identification:_identify(src/nav2_social_costmap_plugin) by extensions ['ros']
[0.349s] Level 1:colcon.colcon_core.package_identification:_identify(src/nav2_social_costmap_plugin) by extension 'ros'
[0.349s] DEBUG:colcon.colcon_core.package_identification:Package 'src/nav2_social_costmap_plugin' with type 'ros.ament_cmake' and name 'nav2_social_costmap_plugin'
[0.350s] Level 1:colcon.colcon_core.package_identification:_identify(src/people) by extensions ['ignore', 'ignore_ament_install']
[0.350s] Level 1:colcon.colcon_core.package_identification:_identify(src/people) by extension 'ignore'
[0.350s] Level 1:colcon.colcon_core.package_identification:_identify(src/people) by extension 'ignore_ament_install'
[0.350s] Level 1:colcon.colcon_core.package_identification:_identify(src/people) by extensions ['colcon_pkg']
[0.350s] Level 1:colcon.colcon_core.package_identification:_identify(src/people) by extension 'colcon_pkg'
[0.350s] Level 1:colcon.colcon_core.package_identification:_identify(src/people) by extensions ['colcon_meta']
[0.350s] Level 1:colcon.colcon_core.package_identification:_identify(src/people) by extension 'colcon_meta'
[0.350s] Level 1:colcon.colcon_core.package_identification:_identify(src/people) by extensions ['ros']
[0.350s] Level 1:colcon.colcon_core.package_identification:_identify(src/people) by extension 'ros'
[0.350s] Level 1:colcon.colcon_core.package_identification:_identify(src/people) by extensions ['cmake', 'python']
[0.350s] Level 1:colcon.colcon_core.package_identification:_identify(src/people) by extension 'cmake'
[0.350s] Level 1:colcon.colcon_core.package_identification:_identify(src/people) by extension 'python'
[0.350s] Level 1:colcon.colcon_core.package_identification:_identify(src/people) by extensions ['python_setup_py']
[0.351s] Level 1:colcon.colcon_core.package_identification:_identify(src/people) by extension 'python_setup_py'
[0.351s] Level 1:colcon.colcon_core.package_identification:_identify(src/people/face_detector) by extensions ['ignore', 'ignore_ament_install']
[0.351s] Level 1:colcon.colcon_core.package_identification:_identify(src/people/face_detector) by extension 'ignore'
[0.351s] Level 1:colcon.colcon_core.package_identification:_identify(src/people/face_detector) ignored
[0.351s] Level 1:colcon.colcon_core.package_identification:_identify(src/people/leg_detector) by extensions ['ignore', 'ignore_ament_install']
[0.351s] Level 1:colcon.colcon_core.package_identification:_identify(src/people/leg_detector) by extension 'ignore'
[0.351s] Level 1:colcon.colcon_core.package_identification:_identify(src/people/leg_detector) ignored
[0.351s] Level 1:colcon.colcon_core.package_identification:_identify(src/people/people) by extensions ['ignore', 'ignore_ament_install']
[0.351s] Level 1:colcon.colcon_core.package_identification:_identify(src/people/people) by extension 'ignore'
[0.351s] Level 1:colcon.colcon_core.package_identification:_identify(src/people/people) ignored
[0.351s] Level 1:colcon.colcon_core.package_identification:_identify(src/people/people_msgs) by extensions ['ignore', 'ignore_ament_install']
[0.351s] Level 1:colcon.colcon_core.package_identification:_identify(src/people/people_msgs) by extension 'ignore'
[0.351s] Level 1:colcon.colcon_core.package_identification:_identify(src/people/people_msgs) by extension 'ignore_ament_install'
[0.351s] Level 1:colcon.colcon_core.package_identification:_identify(src/people/people_msgs) by extensions ['colcon_pkg']
[0.352s] Level 1:colcon.colcon_core.package_identification:_identify(src/people/people_msgs) by extension 'colcon_pkg'
[0.352s] Level 1:colcon.colcon_core.package_identification:_identify(src/people/people_msgs) by extensions ['colcon_meta']
[0.352s] Level 1:colcon.colcon_core.package_identification:_identify(src/people/people_msgs) by extension 'colcon_meta'
[0.352s] Level 1:colcon.colcon_core.package_identification:_identify(src/people/people_msgs) by extensions ['ros']
[0.352s] Level 1:colcon.colcon_core.package_identification:_identify(src/people/people_msgs) by extension 'ros'
[0.353s] DEBUG:colcon.colcon_core.package_identification:Package 'src/people/people_msgs' with type 'ros.ament_cmake' and name 'people_msgs'
[0.353s] Level 1:colcon.colcon_core.package_identification:_identify(src/people/people_tracking_filter) by extensions ['ignore', 'ignore_ament_install']
[0.353s] Level 1:colcon.colcon_core.package_identification:_identify(src/people/people_tracking_filter) by extension 'ignore'
[0.353s] Level 1:colcon.colcon_core.package_identification:_identify(src/people/people_tracking_filter) ignored
[0.353s] Level 1:colcon.colcon_core.package_identification:_identify(src/people/people_velocity_tracker) by extensions ['ignore', 'ignore_ament_install']
[0.353s] Level 1:colcon.colcon_core.package_identification:_identify(src/people/people_velocity_tracker) by extension 'ignore'
[0.353s] Level 1:colcon.colcon_core.package_identification:_identify(src/people/people_velocity_tracker) ignored
[0.353s] Level 1:colcon.colcon_core.package_discovery:discover_packages(recursive) using defaults
[0.353s] Level 1:colcon.colcon_core.package_discovery:discover_packages(ignore) discover
[0.353s] Level 1:colcon.colcon_core.package_discovery:discover_packages(ignore) using defaults
[0.353s] Level 1:colcon.colcon_core.package_discovery:discover_packages(path) discover
[0.353s] Level 1:colcon.colcon_core.package_discovery:discover_packages(path) using defaults
[0.401s] INFO:colcon.colcon_core.package_selection:Skipping not selected package 'hunav_msgs' in 'src/hunav_sim/hunav_msgs'
[0.402s] INFO:colcon.colcon_core.package_selection:Skipping not selected package 'people_msgs' in 'src/people/people_msgs'
[0.402s] INFO:colcon.colcon_core.package_selection:Skipping not selected package 'hunav_agent_manager' in 'src/hunav_sim/hunav_agent_manager'
[0.402s] INFO:colcon.colcon_core.package_selection:Skipping not selected package 'hunav_evaluator' in 'src/hunav_sim/hunav_evaluator'
[0.402s] INFO:colcon.colcon_core.package_selection:Skipping not selected package 'hunav_gazebo_wrapper' in 'src/hunav_gazebo_wrapper'
[0.402s] INFO:colcon.colcon_core.package_selection:Skipping not selected package 'hunav_rviz2_panel' in 'src/hunav_sim/hunav_rviz2_panel'
[0.402s] INFO:colcon.colcon_core.package_selection:Skipping not selected package 'hunav_behavior_tree_generator' in 'src/hunav_sim/hunav_behavior_tree_generator'
[0.402s] INFO:colcon.colcon_core.package_selection:Skipping not selected package 'hunav_sim' in 'src/hunav_sim/hunav_sim'
[0.402s] Level 1:colcon.colcon_core.package_discovery:discover_packages(prefix_path) check parameters
[0.402s] Level 1:colcon.colcon_core.package_discovery:discover_packages(prefix_path) discover
[0.405s] DEBUG:colcon.colcon_installed_package_information.package_discovery:Found 9 installed packages in /home/ambroise/hunav_ws/install
[0.407s] DEBUG:colcon.colcon_installed_package_information.package_discovery:Found 403 installed packages in /opt/ros/humble
[0.409s] Level 1:colcon.colcon_core.package_discovery:discover_packages(prefix_path) using defaults
[0.465s] Level 5:colcon.colcon_core.verb:set package 'nav2_social_costmap_plugin' build argument 'cmake_args' from command line to 'None'
[0.465s] Level 5:colcon.colcon_core.verb:set package 'nav2_social_costmap_plugin' build argument 'cmake_target' from command line to 'None'
[0.466s] Level 5:colcon.colcon_core.verb:set package 'nav2_social_costmap_plugin' build argument 'cmake_target_skip_unavailable' from command line to 'False'
[0.466s] Level 5:colcon.colcon_core.verb:set package 'nav2_social_costmap_plugin' build argument 'cmake_clean_cache' from command line to 'False'
[0.466s] Level 5:colcon.colcon_core.verb:set package 'nav2_social_costmap_plugin' build argument 'cmake_clean_first' from command line to 'False'
[0.466s] Level 5:colcon.colcon_core.verb:set package 'nav2_social_costmap_plugin' build argument 'cmake_force_configure' from command line to 'False'
[0.466s] Level 5:colcon.colcon_core.verb:set package 'nav2_social_costmap_plugin' build argument 'ament_cmake_args' from command line to 'None'
[0.466s] Level 5:colcon.colcon_core.verb:set package 'nav2_social_costmap_plugin' build argument 'catkin_cmake_args' from command line to 'None'
[0.466s] Level 5:colcon.colcon_core.verb:set package 'nav2_social_costmap_plugin' build argument 'catkin_skip_building_tests' from command line to 'False'
[0.466s] DEBUG:colcon.colcon_core.verb:Building package 'nav2_social_costmap_plugin' with the following arguments: {'ament_cmake_args': None, 'build_base': '/home/ambroise/hunav_ws/build/nav2_social_costmap_plugin', 'catkin_cmake_args': None, 'catkin_skip_building_tests': False, 'cmake_args': None, 'cmake_clean_cache': False, 'cmake_clean_first': False, 'cmake_force_configure': False, 'cmake_target': None, 'cmake_target_skip_unavailable': False, 'install_base': '/home/ambroise/hunav_ws/install/nav2_social_costmap_plugin', 'merge_install': False, 'path': '/home/ambroise/hunav_ws/src/nav2_social_costmap_plugin', 'symlink_install': False, 'test_result_base': None}
[0.466s] INFO:colcon.colcon_core.executor:Executing jobs using 'parallel' executor
[0.467s] DEBUG:colcon.colcon_parallel_executor.executor.parallel:run_until_complete
[0.468s] INFO:colcon.colcon_ros.task.ament_cmake.build:Building ROS package in '/home/ambroise/hunav_ws/src/nav2_social_costmap_plugin' with build type 'ament_cmake'
[0.468s] INFO:colcon.colcon_cmake.task.cmake.build:Building CMake package in '/home/ambroise/hunav_ws/src/nav2_social_costmap_plugin'
[0.471s] INFO:colcon.colcon_core.plugin_system:Skipping extension 'colcon_core.shell.bat': Not used on non-Windows systems
[0.471s] INFO:colcon.colcon_core.shell:Skip shell extension 'powershell' for command environment: Not usable outside of PowerShell
[0.471s] DEBUG:colcon.colcon_core.shell:Skip shell extension 'dsv' for command environment
[0.487s] DEBUG:colcon.colcon_core.event_handler.log_command:Invoking command in '/home/ambroise/hunav_ws/build/nav2_social_costmap_plugin': CMAKE_PREFIX_PATH=/home/ambroise/hunav_ws/install/people_msgs:/home/ambroise/hunav_ws/install/nav2_social_costmap_plugin:/home/ambroise/hunav_ws/install/hunav_sim:/home/ambroise/hunav_ws/install/hunav_agent_manager:/home/ambroise/hunav_ws/install/hunav_rviz2_panel:/home/ambroise/hunav_ws/install/hunav_gazebo_wrapper:/home/ambroise/hunav_ws/install/hunav_msgs:/home/ambroise/hunav_ws/install/hunav_behavior_tree_generator:/home/ambroise/hunav_ws/install/hunav_evaluator:/opt/ros/humble LD_LIBRARY_PATH=/home/ambroise/hunav_ws/install/people_msgs/lib:/home/ambroise/hunav_ws/install/nav2_social_costmap_plugin/lib:/home/ambroise/hunav_ws/install/hunav_rviz2_panel/lib:/home/ambroise/hunav_ws/install/hunav_gazebo_wrapper/lib:/home/ambroise/hunav_ws/install/hunav_msgs/lib:/usr/lib/x86_64-linux-gnu/gazebo-11/plugins:/opt/ros/humble/opt/rviz_ogre_vendor/lib:/opt/ros/humble/lib/x86_64-linux-gnu:/opt/ros/humble/lib:/usr/lib/x86_64-linux-gnu/gazebo-11/plugins:/home/ambroise/hunav_ws/install/hunav_gazebo_wrapper/lib /usr/bin/cmake /home/ambroise/hunav_ws/src/nav2_social_costmap_plugin -DCMAKE_INSTALL_PREFIX=/home/ambroise/hunav_ws/install/nav2_social_costmap_plugin
[1.474s] DEBUG:colcon.colcon_core.event_handler.log_command:Invoked command in '/home/ambroise/hunav_ws/build/nav2_social_costmap_plugin' returned '0': CMAKE_PREFIX_PATH=/home/ambroise/hunav_ws/install/people_msgs:/home/ambroise/hunav_ws/install/nav2_social_costmap_plugin:/home/ambroise/hunav_ws/install/hunav_sim:/home/ambroise/hunav_ws/install/hunav_agent_manager:/home/ambroise/hunav_ws/install/hunav_rviz2_panel:/home/ambroise/hunav_ws/install/hunav_gazebo_wrapper:/home/ambroise/hunav_ws/install/hunav_msgs:/home/ambroise/hunav_ws/install/hunav_behavior_tree_generator:/home/ambroise/hunav_ws/install/hunav_evaluator:/opt/ros/humble LD_LIBRARY_PATH=/home/ambroise/hunav_ws/install/people_msgs/lib:/home/ambroise/hunav_ws/install/nav2_social_costmap_plugin/lib:/home/ambroise/hunav_ws/install/hunav_rviz2_panel/lib:/home/ambroise/hunav_ws/install/hunav_gazebo_wrapper/lib:/home/ambroise/hunav_ws/install/hunav_msgs/lib:/usr/lib/x86_64-linux-gnu/gazebo-11/plugins:/opt/ros/humble/opt/rviz_ogre_vendor/lib:/opt/ros/humble/lib/x86_64-linux-gnu:/opt/ros/humble/lib:/usr/lib/x86_64-linux-gnu/gazebo-11/plugins:/home/ambroise/hunav_ws/install/hunav_gazebo_wrapper/lib /usr/bin/cmake /home/ambroise/hunav_ws/src/nav2_social_costmap_plugin -DCMAKE_INSTALL_PREFIX=/home/ambroise/hunav_ws/install/nav2_social_costmap_plugin
[1.476s] DEBUG:colcon.colcon_core.event_handler.log_command:Invoking command in '/home/ambroise/hunav_ws/build/nav2_social_costmap_plugin': CMAKE_PREFIX_PATH=/home/ambroise/hunav_ws/install/people_msgs:/home/ambroise/hunav_ws/install/nav2_social_costmap_plugin:/home/ambroise/hunav_ws/install/hunav_sim:/home/ambroise/hunav_ws/install/hunav_agent_manager:/home/ambroise/hunav_ws/install/hunav_rviz2_panel:/home/ambroise/hunav_ws/install/hunav_gazebo_wrapper:/home/ambroise/hunav_ws/install/hunav_msgs:/home/ambroise/hunav_ws/install/hunav_behavior_tree_generator:/home/ambroise/hunav_ws/install/hunav_evaluator:/opt/ros/humble LD_LIBRARY_PATH=/home/ambroise/hunav_ws/install/people_msgs/lib:/home/ambroise/hunav_ws/install/nav2_social_costmap_plugin/lib:/home/ambroise/hunav_ws/install/hunav_rviz2_panel/lib:/home/ambroise/hunav_ws/install/hunav_gazebo_wrapper/lib:/home/ambroise/hunav_ws/install/hunav_msgs/lib:/usr/lib/x86_64-linux-gnu/gazebo-11/plugins:/opt/ros/humble/opt/rviz_ogre_vendor/lib:/opt/ros/humble/lib/x86_64-linux-gnu:/opt/ros/humble/lib:/usr/lib/x86_64-linux-gnu/gazebo-11/plugins:/home/ambroise/hunav_ws/install/hunav_gazebo_wrapper/lib /usr/bin/cmake --build /home/ambroise/hunav_ws/build/nav2_social_costmap_plugin -- -j16 -l16
[1.593s] DEBUG:colcon.colcon_core.event_handler.log_command:Invoked command in '/home/ambroise/hunav_ws/build/nav2_social_costmap_plugin' returned '0': CMAKE_PREFIX_PATH=/home/ambroise/hunav_ws/install/people_msgs:/home/ambroise/hunav_ws/install/nav2_social_costmap_plugin:/home/ambroise/hunav_ws/install/hunav_sim:/home/ambroise/hunav_ws/install/hunav_agent_manager:/home/ambroise/hunav_ws/install/hunav_rviz2_panel:/home/ambroise/hunav_ws/install/hunav_gazebo_wrapper:/home/ambroise/hunav_ws/install/hunav_msgs:/home/ambroise/hunav_ws/install/hunav_behavior_tree_generator:/home/ambroise/hunav_ws/install/hunav_evaluator:/opt/ros/humble LD_LIBRARY_PATH=/home/ambroise/hunav_ws/install/people_msgs/lib:/home/ambroise/hunav_ws/install/nav2_social_costmap_plugin/lib:/home/ambroise/hunav_ws/install/hunav_rviz2_panel/lib:/home/ambroise/hunav_ws/install/hunav_gazebo_wrapper/lib:/home/ambroise/hunav_ws/install/hunav_msgs/lib:/usr/lib/x86_64-linux-gnu/gazebo-11/plugins:/opt/ros/humble/opt/rviz_ogre_vendor/lib:/opt/ros/humble/lib/x86_64-linux-gnu:/opt/ros/humble/lib:/usr/lib/x86_64-linux-gnu/gazebo-11/plugins:/home/ambroise/hunav_ws/install/hunav_gazebo_wrapper/lib /usr/bin/cmake --build /home/ambroise/hunav_ws/build/nav2_social_costmap_plugin -- -j16 -l16
[1.610s] DEBUG:colcon.colcon_core.event_handler.log_command:Invoking command in '/home/ambroise/hunav_ws/build/nav2_social_costmap_plugin': CMAKE_PREFIX_PATH=/home/ambroise/hunav_ws/install/people_msgs:/home/ambroise/hunav_ws/install/nav2_social_costmap_plugin:/home/ambroise/hunav_ws/install/hunav_sim:/home/ambroise/hunav_ws/install/hunav_agent_manager:/home/ambroise/hunav_ws/install/hunav_rviz2_panel:/home/ambroise/hunav_ws/install/hunav_gazebo_wrapper:/home/ambroise/hunav_ws/install/hunav_msgs:/home/ambroise/hunav_ws/install/hunav_behavior_tree_generator:/home/ambroise/hunav_ws/install/hunav_evaluator:/opt/ros/humble LD_LIBRARY_PATH=/home/ambroise/hunav_ws/install/people_msgs/lib:/home/ambroise/hunav_ws/install/nav2_social_costmap_plugin/lib:/home/ambroise/hunav_ws/install/hunav_rviz2_panel/lib:/home/ambroise/hunav_ws/install/hunav_gazebo_wrapper/lib:/home/ambroise/hunav_ws/install/hunav_msgs/lib:/usr/lib/x86_64-linux-gnu/gazebo-11/plugins:/opt/ros/humble/opt/rviz_ogre_vendor/lib:/opt/ros/humble/lib/x86_64-linux-gnu:/opt/ros/humble/lib:/usr/lib/x86_64-linux-gnu/gazebo-11/plugins:/home/ambroise/hunav_ws/install/hunav_gazebo_wrapper/lib /usr/bin/cmake --install /home/ambroise/hunav_ws/build/nav2_social_costmap_plugin
[1.640s] Level 1:colcon.colcon_core.environment:create_environment_scripts_only(nav2_social_costmap_plugin)
[1.642s] DEBUG:colcon.colcon_core.event_handler.log_command:Invoked command in '/home/ambroise/hunav_ws/build/nav2_social_costmap_plugin' returned '0': CMAKE_PREFIX_PATH=/home/ambroise/hunav_ws/install/people_msgs:/home/ambroise/hunav_ws/install/nav2_social_costmap_plugin:/home/ambroise/hunav_ws/install/hunav_sim:/home/ambroise/hunav_ws/install/hunav_agent_manager:/home/ambroise/hunav_ws/install/hunav_rviz2_panel:/home/ambroise/hunav_ws/install/hunav_gazebo_wrapper:/home/ambroise/hunav_ws/install/hunav_msgs:/home/ambroise/hunav_ws/install/hunav_behavior_tree_generator:/home/ambroise/hunav_ws/install/hunav_evaluator:/opt/ros/humble LD_LIBRARY_PATH=/home/ambroise/hunav_ws/install/people_msgs/lib:/home/ambroise/hunav_ws/install/nav2_social_costmap_plugin/lib:/home/ambroise/hunav_ws/install/hunav_rviz2_panel/lib:/home/ambroise/hunav_ws/install/hunav_gazebo_wrapper/lib:/home/ambroise/hunav_ws/install/hunav_msgs/lib:/usr/lib/x86_64-linux-gnu/gazebo-11/plugins:/opt/ros/humble/opt/rviz_ogre_vendor/lib:/opt/ros/humble/lib/x86_64-linux-gnu:/opt/ros/humble/lib:/usr/lib/x86_64-linux-gnu/gazebo-11/plugins:/home/ambroise/hunav_ws/install/hunav_gazebo_wrapper/lib /usr/bin/cmake --install /home/ambroise/hunav_ws/build/nav2_social_costmap_plugin
[1.643s] Level 1:colcon.colcon_core.environment:checking '/home/ambroise/hunav_ws/install/nav2_social_costmap_plugin' for CMake module files
[1.644s] Level 1:colcon.colcon_core.environment:checking '/home/ambroise/hunav_ws/install/nav2_social_costmap_plugin' for CMake config files
[1.644s] Level 1:colcon.colcon_core.shell:create_environment_hook('nav2_social_costmap_plugin', 'cmake_prefix_path')
[1.644s] INFO:colcon.colcon_core.shell:Creating environment hook '/home/ambroise/hunav_ws/install/nav2_social_costmap_plugin/share/nav2_social_costmap_plugin/hook/cmake_prefix_path.ps1'
[1.645s] INFO:colcon.colcon_core.shell:Creating environment descriptor '/home/ambroise/hunav_ws/install/nav2_social_costmap_plugin/share/nav2_social_costmap_plugin/hook/cmake_prefix_path.dsv'
[1.646s] INFO:colcon.colcon_core.shell:Creating environment hook '/home/ambroise/hunav_ws/install/nav2_social_costmap_plugin/share/nav2_social_costmap_plugin/hook/cmake_prefix_path.sh'
[1.647s] Level 1:colcon.colcon_core.environment:checking '/home/ambroise/hunav_ws/install/nav2_social_costmap_plugin/lib'
[1.647s] Level 1:colcon.colcon_core.shell:create_environment_hook('nav2_social_costmap_plugin', 'ld_library_path_lib')
[1.647s] INFO:colcon.colcon_core.shell:Creating environment hook '/home/ambroise/hunav_ws/install/nav2_social_costmap_plugin/share/nav2_social_costmap_plugin/hook/ld_library_path_lib.ps1'
[1.647s] INFO:colcon.colcon_core.shell:Creating environment descriptor '/home/ambroise/hunav_ws/install/nav2_social_costmap_plugin/share/nav2_social_costmap_plugin/hook/ld_library_path_lib.dsv'
[1.648s] INFO:colcon.colcon_core.shell:Creating environment hook '/home/ambroise/hunav_ws/install/nav2_social_costmap_plugin/share/nav2_social_costmap_plugin/hook/ld_library_path_lib.sh'
[1.648s] Level 1:colcon.colcon_core.environment:checking '/home/ambroise/hunav_ws/install/nav2_social_costmap_plugin/bin'
[1.648s] Level 1:colcon.colcon_core.environment:checking '/home/ambroise/hunav_ws/install/nav2_social_costmap_plugin/lib/pkgconfig/nav2_social_costmap_plugin.pc'
[1.648s] Level 1:colcon.colcon_core.environment:checking '/home/ambroise/hunav_ws/install/nav2_social_costmap_plugin/lib/python3.10/site-packages'
[1.649s] Level 1:colcon.colcon_core.environment:checking '/home/ambroise/hunav_ws/install/nav2_social_costmap_plugin/bin'
[1.649s] INFO:colcon.colcon_core.shell:Creating package script '/home/ambroise/hunav_ws/install/nav2_social_costmap_plugin/share/nav2_social_costmap_plugin/package.ps1'
[1.650s] INFO:colcon.colcon_core.shell:Creating package descriptor '/home/ambroise/hunav_ws/install/nav2_social_costmap_plugin/share/nav2_social_costmap_plugin/package.dsv'
[1.651s] INFO:colcon.colcon_core.shell:Creating package script '/home/ambroise/hunav_ws/install/nav2_social_costmap_plugin/share/nav2_social_costmap_plugin/package.sh'
[1.652s] INFO:colcon.colcon_core.shell:Creating package script '/home/ambroise/hunav_ws/install/nav2_social_costmap_plugin/share/nav2_social_costmap_plugin/package.bash'
[1.652s] INFO:colcon.colcon_core.shell:Creating package script '/home/ambroise/hunav_ws/install/nav2_social_costmap_plugin/share/nav2_social_costmap_plugin/package.zsh'
[1.653s] Level 1:colcon.colcon_core.environment:create_file_with_runtime_dependencies(/home/ambroise/hunav_ws/install/nav2_social_costmap_plugin/share/colcon-core/packages/nav2_social_costmap_plugin)
[1.654s] Level 1:colcon.colcon_core.environment:create_environment_scripts_only(nav2_social_costmap_plugin)
[1.654s] Level 1:colcon.colcon_core.environment:checking '/home/ambroise/hunav_ws/install/nav2_social_costmap_plugin' for CMake module files
[1.655s] Level 1:colcon.colcon_core.environment:checking '/home/ambroise/hunav_ws/install/nav2_social_costmap_plugin' for CMake config files
[1.655s] Level 1:colcon.colcon_core.shell:create_environment_hook('nav2_social_costmap_plugin', 'cmake_prefix_path')
[1.655s] INFO:colcon.colcon_core.shell:Creating environment hook '/home/ambroise/hunav_ws/install/nav2_social_costmap_plugin/share/nav2_social_costmap_plugin/hook/cmake_prefix_path.ps1'
[1.656s] INFO:colcon.colcon_core.shell:Creating environment descriptor '/home/ambroise/hunav_ws/install/nav2_social_costmap_plugin/share/nav2_social_costmap_plugin/hook/cmake_prefix_path.dsv'
[1.656s] INFO:colcon.colcon_core.shell:Creating environment hook '/home/ambroise/hunav_ws/install/nav2_social_costmap_plugin/share/nav2_social_costmap_plugin/hook/cmake_prefix_path.sh'
[1.657s] Level 1:colcon.colcon_core.environment:checking '/home/ambroise/hunav_ws/install/nav2_social_costmap_plugin/lib'
[1.657s] Level 1:colcon.colcon_core.shell:create_environment_hook('nav2_social_costmap_plugin', 'ld_library_path_lib')
[1.657s] INFO:colcon.colcon_core.shell:Creating environment hook '/home/ambroise/hunav_ws/install/nav2_social_costmap_plugin/share/nav2_social_costmap_plugin/hook/ld_library_path_lib.ps1'
[1.658s] INFO:colcon.colcon_core.shell:Creating environment descriptor '/home/ambroise/hunav_ws/install/nav2_social_costmap_plugin/share/nav2_social_costmap_plugin/hook/ld_library_path_lib.dsv'
[1.658s] INFO:colcon.colcon_core.shell:Creating environment hook '/home/ambroise/hunav_ws/install/nav2_social_costmap_plugin/share/nav2_social_costmap_plugin/hook/ld_library_path_lib.sh'
[1.659s] Level 1:colcon.colcon_core.environment:checking '/home/ambroise/hunav_ws/install/nav2_social_costmap_plugin/bin'
[1.659s] Level 1:colcon.colcon_core.environment:checking '/home/ambroise/hunav_ws/install/nav2_social_costmap_plugin/lib/pkgconfig/nav2_social_costmap_plugin.pc'
[1.659s] Level 1:colcon.colcon_core.environment:checking '/home/ambroise/hunav_ws/install/nav2_social_costmap_plugin/lib/python3.10/site-packages'
[1.660s] Level 1:colcon.colcon_core.environment:checking '/home/ambroise/hunav_ws/install/nav2_social_costmap_plugin/bin'
[1.660s] INFO:colcon.colcon_core.shell:Creating package script '/home/ambroise/hunav_ws/install/nav2_social_costmap_plugin/share/nav2_social_costmap_plugin/package.ps1'
[1.661s] INFO:colcon.colcon_core.shell:Creating package descriptor '/home/ambroise/hunav_ws/install/nav2_social_costmap_plugin/share/nav2_social_costmap_plugin/package.dsv'
[1.661s] INFO:colcon.colcon_core.shell:Creating package script '/home/ambroise/hunav_ws/install/nav2_social_costmap_plugin/share/nav2_social_costmap_plugin/package.sh'
[1.662s] INFO:colcon.colcon_core.shell:Creating package script '/home/ambroise/hunav_ws/install/nav2_social_costmap_plugin/share/nav2_social_costmap_plugin/package.bash'
[1.662s] INFO:colcon.colcon_core.shell:Creating package script '/home/ambroise/hunav_ws/install/nav2_social_costmap_plugin/share/nav2_social_costmap_plugin/package.zsh'
[1.663s] Level 1:colcon.colcon_core.environment:create_file_with_runtime_dependencies(/home/ambroise/hunav_ws/install/nav2_social_costmap_plugin/share/colcon-core/packages/nav2_social_costmap_plugin)
[1.663s] DEBUG:colcon.colcon_parallel_executor.executor.parallel:closing loop
[1.663s] DEBUG:colcon.colcon_parallel_executor.executor.parallel:loop closed
[1.663s] DEBUG:colcon.colcon_parallel_executor.executor.parallel:run_until_complete finished with '0'
[1.664s] DEBUG:colcon.colcon_core.event_reactor:joining thread
[1.670s] INFO:colcon.colcon_core.plugin_system:Skipping extension 'colcon_notification.desktop_notification.terminal_notifier': Not used on non-Darwin systems
[1.670s] INFO:colcon.colcon_core.plugin_system:Skipping extension 'colcon_notification.desktop_notification.win32': Not used on non-Windows systems
[1.670s] INFO:colcon.colcon_notification.desktop_notification:Sending desktop notification using 'notify2'
[1.685s] DEBUG:colcon.colcon_core.event_reactor:joined thread
[1.685s] INFO:colcon.colcon_core.shell:Creating prefix script '/home/ambroise/hunav_ws/install/local_setup.ps1'
[1.687s] INFO:colcon.colcon_core.shell:Creating prefix util module '/home/ambroise/hunav_ws/install/_local_setup_util_ps1.py'
[1.688s] INFO:colcon.colcon_core.shell:Creating prefix chain script '/home/ambroise/hunav_ws/install/setup.ps1'
[1.690s] INFO:colcon.colcon_core.shell:Creating prefix script '/home/ambroise/hunav_ws/install/local_setup.sh'
[1.691s] INFO:colcon.colcon_core.shell:Creating prefix util module '/home/ambroise/hunav_ws/install/_local_setup_util_sh.py'
[1.692s] INFO:colcon.colcon_core.shell:Creating prefix chain script '/home/ambroise/hunav_ws/install/setup.sh'
[1.693s] INFO:colcon.colcon_core.shell:Creating prefix script '/home/ambroise/hunav_ws/install/local_setup.bash'
[1.694s] INFO:colcon.colcon_core.shell:Creating prefix chain script '/home/ambroise/hunav_ws/install/setup.bash'
[1.696s] INFO:colcon.colcon_core.shell:Creating prefix script '/home/ambroise/hunav_ws/install/local_setup.zsh'
[1.696s] INFO:colcon.colcon_core.shell:Creating prefix chain script '/home/ambroise/hunav_ws/install/setup.zsh'
