[0.013s] Invoking command in '/home/ambroise/hunav_ws/build/people_msgs': CMAKE_PREFIX_PATH=${CMAKE_PREFIX_PATH}:/home/ambroise/hunav_ws/install/hunav_behavior_tree_generator:/home/ambroise/hunav_ws/install/hunav_evaluator:/opt/ros/humble /usr/bin/cmake --build /home/ambroise/hunav_ws/build/people_msgs -- -j16 -l16
[0.104s] [  1%] Built target people_msgs__rs
[0.104s] [  3%] Built target people_msgs__cpp
[0.113s] [ 14%] Built target people_msgs__rosidl_generator_c
[0.117s] [ 14%] Built target ament_cmake_python_symlink_people_msgs
[0.144s] [ 35%] Built target people_msgs__rosidl_typesupport_introspection_cpp
[0.144s] [ 35%] Built target people_msgs__rosidl_typesupport_cpp
[0.149s] [ 54%] Built target people_msgs__rosidl_typesupport_c
[0.149s] [ 57%] Built target people_msgs__rosidl_typesupport_fastrtps_cpp
[0.149s] [ 68%] Built target people_msgs__rosidl_typesupport_fastrtps_c
[0.149s] [ 79%] Built target people_msgs__rosidl_typesupport_introspection_c
[0.174s] [ 79%] Built target people_msgs
[0.197s] [ 81%] Built target people_msgs__py
[0.226s] [ 90%] Built target people_msgs__rosidl_generator_py
[0.255s] [100%] Built target people_msgs__rosidl_typesupport_introspection_c__pyext
[0.255s] [100%] Built target people_msgs__rosidl_typesupport_fastrtps_c__pyext
[0.256s] [100%] Built target people_msgs__rosidl_typesupport_c__pyext
[0.360s] running egg_info
[0.361s] writing people_msgs.egg-info/PKG-INFO
[0.361s] writing dependency_links to people_msgs.egg-info/dependency_links.txt
[0.361s] writing top-level names to people_msgs.egg-info/top_level.txt
[0.363s] reading manifest file 'people_msgs.egg-info/SOURCES.txt'
[0.364s] writing manifest file 'people_msgs.egg-info/SOURCES.txt'
[0.391s] [100%] Built target ament_cmake_python_build_people_msgs_egg
[0.404s] Invoked command in '/home/ambroise/hunav_ws/build/people_msgs' returned '0': CMAKE_PREFIX_PATH=${CMAKE_PREFIX_PATH}:/home/ambroise/hunav_ws/install/hunav_behavior_tree_generator:/home/ambroise/hunav_ws/install/hunav_evaluator:/opt/ros/humble /usr/bin/cmake --build /home/ambroise/hunav_ws/build/people_msgs -- -j16 -l16
[0.415s] Invoking command in '/home/ambroise/hunav_ws/build/people_msgs': CMAKE_PREFIX_PATH=${CMAKE_PREFIX_PATH}:/home/ambroise/hunav_ws/install/hunav_behavior_tree_generator:/home/ambroise/hunav_ws/install/hunav_evaluator:/opt/ros/humble /usr/bin/cmake --install /home/ambroise/hunav_ws/build/people_msgs
[0.423s] -- Install configuration: ""
[0.424s] -- Execute custom install script
[0.424s] -- Up-to-date symlink: /home/ambroise/hunav_ws/install/people_msgs/share/ament_index/resource_index/rosidl_interfaces/people_msgs
[0.425s] -- Up-to-date symlink: /home/ambroise/hunav_ws/install/people_msgs/include/people_msgs/people_msgs/msg/detail/people__functions.h
[0.425s] -- Up-to-date symlink: /home/ambroise/hunav_ws/install/people_msgs/include/people_msgs/people_msgs/msg/detail/people__struct.h
[0.425s] -- Up-to-date symlink: /home/ambroise/hunav_ws/install/people_msgs/include/people_msgs/people_msgs/msg/detail/people__type_support.h
[0.425s] -- Up-to-date symlink: /home/ambroise/hunav_ws/install/people_msgs/include/people_msgs/people_msgs/msg/detail/person__functions.h
[0.426s] -- Up-to-date symlink: /home/ambroise/hunav_ws/install/people_msgs/include/people_msgs/people_msgs/msg/detail/person__struct.h
[0.426s] -- Up-to-date symlink: /home/ambroise/hunav_ws/install/people_msgs/include/people_msgs/people_msgs/msg/detail/person__type_support.h
[0.426s] -- Up-to-date symlink: /home/ambroise/hunav_ws/install/people_msgs/include/people_msgs/people_msgs/msg/detail/person_stamped__functions.h
[0.426s] -- Up-to-date symlink: /home/ambroise/hunav_ws/install/people_msgs/include/people_msgs/people_msgs/msg/detail/person_stamped__struct.h
[0.426s] -- Up-to-date symlink: /home/ambroise/hunav_ws/install/people_msgs/include/people_msgs/people_msgs/msg/detail/person_stamped__type_support.h
[0.426s] -- Up-to-date symlink: /home/ambroise/hunav_ws/install/people_msgs/include/people_msgs/people_msgs/msg/detail/position_measurement__functions.h
[0.426s] -- Up-to-date symlink: /home/ambroise/hunav_ws/install/people_msgs/include/people_msgs/people_msgs/msg/detail/position_measurement__struct.h
[0.426s] -- Up-to-date symlink: /home/ambroise/hunav_ws/install/people_msgs/include/people_msgs/people_msgs/msg/detail/position_measurement__type_support.h
[0.426s] -- Up-to-date symlink: /home/ambroise/hunav_ws/install/people_msgs/include/people_msgs/people_msgs/msg/detail/position_measurement_array__functions.h
[0.427s] -- Up-to-date symlink: /home/ambroise/hunav_ws/install/people_msgs/include/people_msgs/people_msgs/msg/detail/position_measurement_array__struct.h
[0.427s] -- Up-to-date symlink: /home/ambroise/hunav_ws/install/people_msgs/include/people_msgs/people_msgs/msg/detail/position_measurement_array__type_support.h
[0.427s] -- Up-to-date symlink: /home/ambroise/hunav_ws/install/people_msgs/include/people_msgs/people_msgs/msg/people.h
[0.427s] -- Up-to-date symlink: /home/ambroise/hunav_ws/install/people_msgs/include/people_msgs/people_msgs/msg/person.h
[0.427s] -- Up-to-date symlink: /home/ambroise/hunav_ws/install/people_msgs/include/people_msgs/people_msgs/msg/person_stamped.h
[0.427s] -- Up-to-date symlink: /home/ambroise/hunav_ws/install/people_msgs/include/people_msgs/people_msgs/msg/position_measurement.h
[0.427s] -- Up-to-date symlink: /home/ambroise/hunav_ws/install/people_msgs/include/people_msgs/people_msgs/msg/position_measurement_array.h
[0.427s] -- Up-to-date symlink: /home/ambroise/hunav_ws/install/people_msgs/include/people_msgs/people_msgs/msg/rosidl_generator_c__visibility_control.h
[0.428s] -- Up-to-date symlink: /home/ambroise/hunav_ws/install/people_msgs/share/people_msgs/environment/library_path.sh
[0.428s] -- Up-to-date symlink: /home/ambroise/hunav_ws/install/people_msgs/share/people_msgs/environment/library_path.dsv
[0.428s] -- Up-to-date symlink: /home/ambroise/hunav_ws/install/people_msgs/include/people_msgs/people_msgs/msg/detail/people__rosidl_typesupport_fastrtps_c.h
[0.428s] -- Up-to-date symlink: /home/ambroise/hunav_ws/install/people_msgs/include/people_msgs/people_msgs/msg/detail/person__rosidl_typesupport_fastrtps_c.h
[0.428s] -- Up-to-date symlink: /home/ambroise/hunav_ws/install/people_msgs/include/people_msgs/people_msgs/msg/detail/person_stamped__rosidl_typesupport_fastrtps_c.h
[0.429s] -- Up-to-date symlink: /home/ambroise/hunav_ws/install/people_msgs/include/people_msgs/people_msgs/msg/detail/position_measurement__rosidl_typesupport_fastrtps_c.h
[0.429s] -- Up-to-date symlink: /home/ambroise/hunav_ws/install/people_msgs/include/people_msgs/people_msgs/msg/detail/position_measurement_array__rosidl_typesupport_fastrtps_c.h
[0.429s] -- Up-to-date symlink: /home/ambroise/hunav_ws/install/people_msgs/include/people_msgs/people_msgs/msg/rosidl_typesupport_fastrtps_c__visibility_control.h
[0.429s] -- Up-to-date symlink: /home/ambroise/hunav_ws/install/people_msgs/include/people_msgs/people_msgs/msg/detail/people__rosidl_typesupport_introspection_c.h
[0.429s] -- Up-to-date symlink: /home/ambroise/hunav_ws/install/people_msgs/include/people_msgs/people_msgs/msg/detail/person__rosidl_typesupport_introspection_c.h
[0.429s] -- Up-to-date symlink: /home/ambroise/hunav_ws/install/people_msgs/include/people_msgs/people_msgs/msg/detail/person_stamped__rosidl_typesupport_introspection_c.h
[0.429s] -- Up-to-date symlink: /home/ambroise/hunav_ws/install/people_msgs/include/people_msgs/people_msgs/msg/detail/position_measurement__rosidl_typesupport_introspection_c.h
[0.429s] -- Up-to-date symlink: /home/ambroise/hunav_ws/install/people_msgs/include/people_msgs/people_msgs/msg/detail/position_measurement_array__rosidl_typesupport_introspection_c.h
[0.429s] -- Up-to-date symlink: /home/ambroise/hunav_ws/install/people_msgs/include/people_msgs/people_msgs/msg/rosidl_typesupport_introspection_c__visibility_control.h
[0.430s] -- Up-to-date symlink: /home/ambroise/hunav_ws/install/people_msgs/include/people_msgs/people_msgs/msg/detail/people__builder.hpp
[0.430s] -- Up-to-date symlink: /home/ambroise/hunav_ws/install/people_msgs/include/people_msgs/people_msgs/msg/detail/people__struct.hpp
[0.430s] -- Up-to-date symlink: /home/ambroise/hunav_ws/install/people_msgs/include/people_msgs/people_msgs/msg/detail/people__traits.hpp
[0.430s] -- Up-to-date symlink: /home/ambroise/hunav_ws/install/people_msgs/include/people_msgs/people_msgs/msg/detail/people__type_support.hpp
[0.430s] -- Up-to-date symlink: /home/ambroise/hunav_ws/install/people_msgs/include/people_msgs/people_msgs/msg/detail/person__builder.hpp
[0.430s] -- Up-to-date symlink: /home/ambroise/hunav_ws/install/people_msgs/include/people_msgs/people_msgs/msg/detail/person__struct.hpp
[0.430s] -- Up-to-date symlink: /home/ambroise/hunav_ws/install/people_msgs/include/people_msgs/people_msgs/msg/detail/person__traits.hpp
[0.430s] -- Up-to-date symlink: /home/ambroise/hunav_ws/install/people_msgs/include/people_msgs/people_msgs/msg/detail/person__type_support.hpp
[0.430s] -- Up-to-date symlink: /home/ambroise/hunav_ws/install/people_msgs/include/people_msgs/people_msgs/msg/detail/person_stamped__builder.hpp
[0.431s] -- Up-to-date symlink: /home/ambroise/hunav_ws/install/people_msgs/include/people_msgs/people_msgs/msg/detail/person_stamped__struct.hpp
[0.431s] -- Up-to-date symlink: /home/ambroise/hunav_ws/install/people_msgs/include/people_msgs/people_msgs/msg/detail/person_stamped__traits.hpp
[0.431s] -- Up-to-date symlink: /home/ambroise/hunav_ws/install/people_msgs/include/people_msgs/people_msgs/msg/detail/person_stamped__type_support.hpp
[0.431s] -- Up-to-date symlink: /home/ambroise/hunav_ws/install/people_msgs/include/people_msgs/people_msgs/msg/detail/position_measurement__builder.hpp
[0.431s] -- Up-to-date symlink: /home/ambroise/hunav_ws/install/people_msgs/include/people_msgs/people_msgs/msg/detail/position_measurement__struct.hpp
[0.431s] -- Up-to-date symlink: /home/ambroise/hunav_ws/install/people_msgs/include/people_msgs/people_msgs/msg/detail/position_measurement__traits.hpp
[0.431s] -- Up-to-date symlink: /home/ambroise/hunav_ws/install/people_msgs/include/people_msgs/people_msgs/msg/detail/position_measurement__type_support.hpp
[0.431s] -- Up-to-date symlink: /home/ambroise/hunav_ws/install/people_msgs/include/people_msgs/people_msgs/msg/detail/position_measurement_array__builder.hpp
[0.431s] -- Up-to-date symlink: /home/ambroise/hunav_ws/install/people_msgs/include/people_msgs/people_msgs/msg/detail/position_measurement_array__struct.hpp
[0.432s] -- Up-to-date symlink: /home/ambroise/hunav_ws/install/people_msgs/include/people_msgs/people_msgs/msg/detail/position_measurement_array__traits.hpp
[0.432s] -- Up-to-date symlink: /home/ambroise/hunav_ws/install/people_msgs/include/people_msgs/people_msgs/msg/detail/position_measurement_array__type_support.hpp
[0.432s] -- Up-to-date symlink: /home/ambroise/hunav_ws/install/people_msgs/include/people_msgs/people_msgs/msg/people.hpp
[0.432s] -- Up-to-date symlink: /home/ambroise/hunav_ws/install/people_msgs/include/people_msgs/people_msgs/msg/person.hpp
[0.432s] -- Up-to-date symlink: /home/ambroise/hunav_ws/install/people_msgs/include/people_msgs/people_msgs/msg/person_stamped.hpp
[0.432s] -- Up-to-date symlink: /home/ambroise/hunav_ws/install/people_msgs/include/people_msgs/people_msgs/msg/position_measurement.hpp
[0.432s] -- Up-to-date symlink: /home/ambroise/hunav_ws/install/people_msgs/include/people_msgs/people_msgs/msg/position_measurement_array.hpp
[0.432s] -- Up-to-date symlink: /home/ambroise/hunav_ws/install/people_msgs/include/people_msgs/people_msgs/msg/rosidl_generator_cpp__visibility_control.hpp
[0.432s] -- Up-to-date symlink: /home/ambroise/hunav_ws/install/people_msgs/include/people_msgs/people_msgs/msg/detail/people__rosidl_typesupport_fastrtps_cpp.hpp
[0.432s] -- Up-to-date symlink: /home/ambroise/hunav_ws/install/people_msgs/include/people_msgs/people_msgs/msg/detail/person__rosidl_typesupport_fastrtps_cpp.hpp
[0.433s] -- Up-to-date symlink: /home/ambroise/hunav_ws/install/people_msgs/include/people_msgs/people_msgs/msg/detail/person_stamped__rosidl_typesupport_fastrtps_cpp.hpp
[0.433s] -- Up-to-date symlink: /home/ambroise/hunav_ws/install/people_msgs/include/people_msgs/people_msgs/msg/detail/position_measurement__rosidl_typesupport_fastrtps_cpp.hpp
[0.433s] -- Up-to-date symlink: /home/ambroise/hunav_ws/install/people_msgs/include/people_msgs/people_msgs/msg/detail/position_measurement_array__rosidl_typesupport_fastrtps_cpp.hpp
[0.433s] -- Up-to-date symlink: /home/ambroise/hunav_ws/install/people_msgs/include/people_msgs/people_msgs/msg/rosidl_typesupport_fastrtps_cpp__visibility_control.h
[0.433s] -- Up-to-date symlink: /home/ambroise/hunav_ws/install/people_msgs/include/people_msgs/people_msgs/msg/detail/people__rosidl_typesupport_introspection_cpp.hpp
[0.433s] -- Up-to-date symlink: /home/ambroise/hunav_ws/install/people_msgs/include/people_msgs/people_msgs/msg/detail/person__rosidl_typesupport_introspection_cpp.hpp
[0.434s] -- Up-to-date symlink: /home/ambroise/hunav_ws/install/people_msgs/include/people_msgs/people_msgs/msg/detail/person_stamped__rosidl_typesupport_introspection_cpp.hpp
[0.434s] -- Up-to-date symlink: /home/ambroise/hunav_ws/install/people_msgs/include/people_msgs/people_msgs/msg/detail/position_measurement__rosidl_typesupport_introspection_cpp.hpp
[0.434s] -- Up-to-date symlink: /home/ambroise/hunav_ws/install/people_msgs/include/people_msgs/people_msgs/msg/detail/position_measurement_array__rosidl_typesupport_introspection_cpp.hpp
[0.434s] -- Up-to-date symlink: /home/ambroise/hunav_ws/install/people_msgs/share/people_msgs/environment/pythonpath.sh
[0.434s] -- Up-to-date symlink: /home/ambroise/hunav_ws/install/people_msgs/share/people_msgs/environment/pythonpath.dsv
[0.434s] -- Up-to-date symlink: /home/ambroise/hunav_ws/install/people_msgs/local/lib/python3.10/dist-packages/people_msgs-1.3.0-py3.10.egg-info/PKG-INFO
[0.434s] -- Up-to-date symlink: /home/ambroise/hunav_ws/install/people_msgs/local/lib/python3.10/dist-packages/people_msgs-1.3.0-py3.10.egg-info/SOURCES.txt
[0.435s] -- Up-to-date symlink: /home/ambroise/hunav_ws/install/people_msgs/local/lib/python3.10/dist-packages/people_msgs-1.3.0-py3.10.egg-info/dependency_links.txt
[0.435s] -- Up-to-date symlink: /home/ambroise/hunav_ws/install/people_msgs/local/lib/python3.10/dist-packages/people_msgs-1.3.0-py3.10.egg-info/top_level.txt
[0.435s] -- Up-to-date symlink: /home/ambroise/hunav_ws/install/people_msgs/local/lib/python3.10/dist-packages/people_msgs/__init__.py
[0.435s] -- Up-to-date symlink: /home/ambroise/hunav_ws/install/people_msgs/local/lib/python3.10/dist-packages/people_msgs/_people_msgs_s.ep.rosidl_typesupport_c.c
[0.436s] -- Up-to-date symlink: /home/ambroise/hunav_ws/install/people_msgs/local/lib/python3.10/dist-packages/people_msgs/_people_msgs_s.ep.rosidl_typesupport_fastrtps_c.c
[0.436s] -- Up-to-date symlink: /home/ambroise/hunav_ws/install/people_msgs/local/lib/python3.10/dist-packages/people_msgs/_people_msgs_s.ep.rosidl_typesupport_introspection_c.c
[0.436s] -- Up-to-date symlink: /home/ambroise/hunav_ws/install/people_msgs/local/lib/python3.10/dist-packages/people_msgs/libpeople_msgs__rosidl_generator_py.so
[0.436s] -- Up-to-date symlink: /home/ambroise/hunav_ws/install/people_msgs/local/lib/python3.10/dist-packages/people_msgs/msg/__init__.py
[0.436s] -- Up-to-date symlink: /home/ambroise/hunav_ws/install/people_msgs/local/lib/python3.10/dist-packages/people_msgs/msg/_people.py
[0.436s] -- Up-to-date symlink: /home/ambroise/hunav_ws/install/people_msgs/local/lib/python3.10/dist-packages/people_msgs/msg/_people_s.c
[0.436s] -- Up-to-date symlink: /home/ambroise/hunav_ws/install/people_msgs/local/lib/python3.10/dist-packages/people_msgs/msg/_person.py
[0.436s] -- Up-to-date symlink: /home/ambroise/hunav_ws/install/people_msgs/local/lib/python3.10/dist-packages/people_msgs/msg/_person_s.c
[0.436s] -- Up-to-date symlink: /home/ambroise/hunav_ws/install/people_msgs/local/lib/python3.10/dist-packages/people_msgs/msg/_person_stamped.py
[0.437s] -- Up-to-date symlink: /home/ambroise/hunav_ws/install/people_msgs/local/lib/python3.10/dist-packages/people_msgs/msg/_person_stamped_s.c
[0.437s] -- Up-to-date symlink: /home/ambroise/hunav_ws/install/people_msgs/local/lib/python3.10/dist-packages/people_msgs/msg/_position_measurement.py
[0.437s] -- Up-to-date symlink: /home/ambroise/hunav_ws/install/people_msgs/local/lib/python3.10/dist-packages/people_msgs/msg/_position_measurement_array.py
[0.437s] -- Up-to-date symlink: /home/ambroise/hunav_ws/install/people_msgs/local/lib/python3.10/dist-packages/people_msgs/msg/_position_measurement_array_s.c
[0.437s] -- Up-to-date symlink: /home/ambroise/hunav_ws/install/people_msgs/local/lib/python3.10/dist-packages/people_msgs/msg/_position_measurement_s.c
[0.437s] -- Up-to-date symlink: /home/ambroise/hunav_ws/install/people_msgs/local/lib/python3.10/dist-packages/people_msgs/people_msgs_s__rosidl_typesupport_c.cpython-310-x86_64-linux-gnu.so
[0.437s] -- Up-to-date symlink: /home/ambroise/hunav_ws/install/people_msgs/local/lib/python3.10/dist-packages/people_msgs/people_msgs_s__rosidl_typesupport_fastrtps_c.cpython-310-x86_64-linux-gnu.so
[0.437s] -- Up-to-date symlink: /home/ambroise/hunav_ws/install/people_msgs/local/lib/python3.10/dist-packages/people_msgs/people_msgs_s__rosidl_typesupport_introspection_c.cpython-310-x86_64-linux-gnu.so
[0.437s] -- Up-to-date symlink: /home/ambroise/hunav_ws/install/people_msgs/local/lib/python3.10/dist-packages/people_msgs/people_msgs_s__rosidl_typesupport_fastrtps_c.cpython-310-x86_64-linux-gnu.so
[0.437s] -- Up-to-date symlink: /home/ambroise/hunav_ws/install/people_msgs/local/lib/python3.10/dist-packages/people_msgs/people_msgs_s__rosidl_typesupport_introspection_c.cpython-310-x86_64-linux-gnu.so
[0.438s] -- Up-to-date symlink: /home/ambroise/hunav_ws/install/people_msgs/local/lib/python3.10/dist-packages/people_msgs/people_msgs_s__rosidl_typesupport_c.cpython-310-x86_64-linux-gnu.so
[0.438s] -- Up-to-date symlink: /home/ambroise/hunav_ws/install/people_msgs/share/ament_index/resource_index/rust_packages/people_msgs
[0.438s] -- Up-to-date symlink: /home/ambroise/hunav_ws/install/people_msgs/share/people_msgs/rust/Cargo.toml
[0.438s] -- Up-to-date symlink: /home/ambroise/hunav_ws/install/people_msgs/share/people_msgs/rust/build.rs
[0.438s] -- Up-to-date symlink: /home/ambroise/hunav_ws/install/people_msgs/share/people_msgs/rust/src/lib.rs
[0.438s] -- Up-to-date symlink: /home/ambroise/hunav_ws/install/people_msgs/share/people_msgs/rust/src/msg.rs
[0.438s] -- Up-to-date symlink: /home/ambroise/hunav_ws/install/people_msgs/share/people_msgs/rust/src/msg/rmw.rs
[0.438s] -- Up-to-date symlink: /home/ambroise/hunav_ws/install/people_msgs/share/people_msgs/msg/People.idl
[0.439s] -- Up-to-date symlink: /home/ambroise/hunav_ws/install/people_msgs/share/people_msgs/msg/Person.idl
[0.439s] -- Up-to-date symlink: /home/ambroise/hunav_ws/install/people_msgs/share/people_msgs/msg/PersonStamped.idl
[0.439s] -- Up-to-date symlink: /home/ambroise/hunav_ws/install/people_msgs/share/people_msgs/msg/PositionMeasurement.idl
[0.439s] -- Up-to-date symlink: /home/ambroise/hunav_ws/install/people_msgs/share/people_msgs/msg/PositionMeasurementArray.idl
[0.439s] -- Up-to-date symlink: /home/ambroise/hunav_ws/install/people_msgs/share/people_msgs/msg/People.msg
[0.439s] -- Up-to-date symlink: /home/ambroise/hunav_ws/install/people_msgs/share/people_msgs/msg/Person.msg
[0.439s] -- Up-to-date symlink: /home/ambroise/hunav_ws/install/people_msgs/share/people_msgs/msg/PersonStamped.msg
[0.439s] -- Up-to-date symlink: /home/ambroise/hunav_ws/install/people_msgs/share/people_msgs/msg/PositionMeasurement.msg
[0.439s] -- Up-to-date symlink: /home/ambroise/hunav_ws/install/people_msgs/share/people_msgs/msg/PositionMeasurementArray.msg
[0.440s] -- Up-to-date symlink: /home/ambroise/hunav_ws/install/people_msgs/share/ament_index/resource_index/package_run_dependencies/people_msgs
[0.440s] -- Up-to-date symlink: /home/ambroise/hunav_ws/install/people_msgs/share/ament_index/resource_index/parent_prefix_path/people_msgs
[0.440s] -- Up-to-date symlink: /home/ambroise/hunav_ws/install/people_msgs/share/people_msgs/environment/ament_prefix_path.sh
[0.440s] -- Up-to-date symlink: /home/ambroise/hunav_ws/install/people_msgs/share/people_msgs/environment/ament_prefix_path.dsv
[0.440s] -- Up-to-date symlink: /home/ambroise/hunav_ws/install/people_msgs/share/people_msgs/environment/path.sh
[0.440s] -- Up-to-date symlink: /home/ambroise/hunav_ws/install/people_msgs/share/people_msgs/environment/path.dsv
[0.440s] -- Up-to-date symlink: /home/ambroise/hunav_ws/install/people_msgs/share/people_msgs/local_setup.bash
[0.440s] -- Up-to-date symlink: /home/ambroise/hunav_ws/install/people_msgs/share/people_msgs/local_setup.sh
[0.440s] -- Up-to-date symlink: /home/ambroise/hunav_ws/install/people_msgs/share/people_msgs/local_setup.zsh
[0.441s] -- Up-to-date symlink: /home/ambroise/hunav_ws/install/people_msgs/share/people_msgs/local_setup.dsv
[0.441s] -- Symlinking: /home/ambroise/hunav_ws/install/people_msgs/share/people_msgs/package.dsv
[0.450s] -- Up-to-date symlink: /home/ambroise/hunav_ws/install/people_msgs/share/ament_index/resource_index/packages/people_msgs
[0.451s] -- Up-to-date symlink: /home/ambroise/hunav_ws/install/people_msgs/share/people_msgs/cmake/rosidl_cmake-extras.cmake
[0.451s] -- Up-to-date symlink: /home/ambroise/hunav_ws/install/people_msgs/share/people_msgs/cmake/ament_cmake_export_dependencies-extras.cmake
[0.451s] -- Up-to-date symlink: /home/ambroise/hunav_ws/install/people_msgs/share/people_msgs/cmake/ament_cmake_export_include_directories-extras.cmake
[0.451s] -- Up-to-date symlink: /home/ambroise/hunav_ws/install/people_msgs/share/people_msgs/cmake/ament_cmake_export_libraries-extras.cmake
[0.451s] -- Up-to-date symlink: /home/ambroise/hunav_ws/install/people_msgs/share/people_msgs/cmake/ament_cmake_export_targets-extras.cmake
[0.451s] -- Up-to-date symlink: /home/ambroise/hunav_ws/install/people_msgs/share/people_msgs/cmake/rosidl_cmake_export_typesupport_targets-extras.cmake
[0.451s] -- Up-to-date symlink: /home/ambroise/hunav_ws/install/people_msgs/share/people_msgs/cmake/rosidl_cmake_export_typesupport_libraries-extras.cmake
[0.451s] -- Up-to-date symlink: /home/ambroise/hunav_ws/install/people_msgs/share/people_msgs/cmake/people_msgsConfig.cmake
[0.452s] -- Up-to-date symlink: /home/ambroise/hunav_ws/install/people_msgs/share/people_msgs/cmake/people_msgsConfig-version.cmake
[0.452s] -- Up-to-date symlink: /home/ambroise/hunav_ws/install/people_msgs/share/people_msgs/package.xml
[0.452s] -- Up-to-date: /home/ambroise/hunav_ws/install/people_msgs/lib/libpeople_msgs__rosidl_generator_c.so
[0.452s] -- Up-to-date: /home/ambroise/hunav_ws/install/people_msgs/lib/libpeople_msgs__rosidl_typesupport_fastrtps_c.so
[0.453s] -- Up-to-date: /home/ambroise/hunav_ws/install/people_msgs/lib/libpeople_msgs__rosidl_typesupport_introspection_c.so
[0.453s] -- Up-to-date: /home/ambroise/hunav_ws/install/people_msgs/lib/libpeople_msgs__rosidl_typesupport_c.so
[0.453s] -- Up-to-date: /home/ambroise/hunav_ws/install/people_msgs/lib/libpeople_msgs__rosidl_typesupport_fastrtps_cpp.so
[0.453s] -- Up-to-date: /home/ambroise/hunav_ws/install/people_msgs/lib/libpeople_msgs__rosidl_typesupport_introspection_cpp.so
[0.454s] -- Up-to-date: /home/ambroise/hunav_ws/install/people_msgs/lib/libpeople_msgs__rosidl_typesupport_cpp.so
[0.481s] Listing '/home/ambroise/hunav_ws/install/people_msgs/local/lib/python3.10/dist-packages/people_msgs'...
[0.481s] Listing '/home/ambroise/hunav_ws/install/people_msgs/local/lib/python3.10/dist-packages/people_msgs/msg'...
[0.485s] -- Up-to-date: /home/ambroise/hunav_ws/install/people_msgs/lib/libpeople_msgs__rosidl_generator_py.so
[0.486s] -- Up-to-date: /home/ambroise/hunav_ws/install/people_msgs/share/people_msgs/cmake/export_people_msgs__rosidl_generator_cExport.cmake
[0.486s] -- Up-to-date: /home/ambroise/hunav_ws/install/people_msgs/share/people_msgs/cmake/export_people_msgs__rosidl_generator_cExport-noconfig.cmake
[0.486s] -- Up-to-date: /home/ambroise/hunav_ws/install/people_msgs/share/people_msgs/cmake/export_people_msgs__rosidl_typesupport_fastrtps_cExport.cmake
[0.486s] -- Up-to-date: /home/ambroise/hunav_ws/install/people_msgs/share/people_msgs/cmake/export_people_msgs__rosidl_typesupport_fastrtps_cExport-noconfig.cmake
[0.486s] -- Up-to-date: /home/ambroise/hunav_ws/install/people_msgs/share/people_msgs/cmake/people_msgs__rosidl_typesupport_introspection_cExport.cmake
[0.486s] -- Up-to-date: /home/ambroise/hunav_ws/install/people_msgs/share/people_msgs/cmake/people_msgs__rosidl_typesupport_introspection_cExport-noconfig.cmake
[0.486s] -- Up-to-date: /home/ambroise/hunav_ws/install/people_msgs/share/people_msgs/cmake/people_msgs__rosidl_typesupport_cExport.cmake
[0.486s] -- Up-to-date: /home/ambroise/hunav_ws/install/people_msgs/share/people_msgs/cmake/people_msgs__rosidl_typesupport_cExport-noconfig.cmake
[0.487s] -- Up-to-date: /home/ambroise/hunav_ws/install/people_msgs/share/people_msgs/cmake/export_people_msgs__rosidl_generator_cppExport.cmake
[0.487s] -- Up-to-date: /home/ambroise/hunav_ws/install/people_msgs/share/people_msgs/cmake/export_people_msgs__rosidl_typesupport_fastrtps_cppExport.cmake
[0.487s] -- Up-to-date: /home/ambroise/hunav_ws/install/people_msgs/share/people_msgs/cmake/export_people_msgs__rosidl_typesupport_fastrtps_cppExport-noconfig.cmake
[0.487s] -- Up-to-date: /home/ambroise/hunav_ws/install/people_msgs/share/people_msgs/cmake/people_msgs__rosidl_typesupport_introspection_cppExport.cmake
[0.487s] -- Up-to-date: /home/ambroise/hunav_ws/install/people_msgs/share/people_msgs/cmake/people_msgs__rosidl_typesupport_introspection_cppExport-noconfig.cmake
[0.487s] -- Up-to-date: /home/ambroise/hunav_ws/install/people_msgs/share/people_msgs/cmake/people_msgs__rosidl_typesupport_cppExport.cmake
[0.487s] -- Up-to-date: /home/ambroise/hunav_ws/install/people_msgs/share/people_msgs/cmake/people_msgs__rosidl_typesupport_cppExport-noconfig.cmake
[0.487s] -- Up-to-date: /home/ambroise/hunav_ws/install/people_msgs/share/people_msgs/cmake/export_people_msgs__rosidl_generator_pyExport.cmake
[0.487s] -- Up-to-date: /home/ambroise/hunav_ws/install/people_msgs/share/people_msgs/cmake/export_people_msgs__rosidl_generator_pyExport-noconfig.cmake
[0.489s] Invoked command in '/home/ambroise/hunav_ws/build/people_msgs' returned '0': CMAKE_PREFIX_PATH=${CMAKE_PREFIX_PATH}:/home/ambroise/hunav_ws/install/hunav_behavior_tree_generator:/home/ambroise/hunav_ws/install/hunav_evaluator:/opt/ros/humble /usr/bin/cmake --install /home/ambroise/hunav_ws/build/people_msgs
