[0.232s] Invoking command in '/home/ambroise/hunav_ws/build/hunav_rviz2_panel': CMAKE_PREFIX_PATH=/home/ambroise/hunav_ws/install/hunav_msgs:/home/ambroise/hunav_ws/install/hunav_sim:/home/ambroise/hunav_ws/install/hunav_agent_manager:/home/ambroise/hunav_ws/install/people_msgs:/home/ambroise/hunav_ws/install/hunav_rviz2_panel:/home/ambroise/hunav_ws/install/hunav_gazebo_wrapper:/home/ambroise/hunav_ws/install/hunav_behavior_tree_generator:/home/ambroise/hunav_ws/install/hunav_evaluator:/opt/ros/humble LD_LIBRARY_PATH=/home/ambroise/hunav_ws/install/hunav_msgs/lib:/home/ambroise/hunav_ws/install/people_msgs/lib:/home/ambroise/hunav_ws/install/hunav_rviz2_panel/lib:/home/ambroise/hunav_ws/install/hunav_gazebo_wrapper/lib:/usr/lib/x86_64-linux-gnu/gazebo-11/plugins:/opt/ros/humble/opt/rviz_ogre_vendor/lib:/opt/ros/humble/lib/x86_64-linux-gnu:/opt/ros/humble/lib:/usr/lib/x86_64-linux-gnu/gazebo-11/plugins:/home/ambroise/hunav_ws/install/hunav_gazebo_wrapper/lib /usr/bin/cmake /home/ambroise/hunav_ws/src/hunav_sim/hunav_rviz2_panel -DAMENT_CMAKE_SYMLINK_INSTALL=1 -DCMAKE_INSTALL_PREFIX=/home/ambroise/hunav_ws/install/hunav_rviz2_panel
[0.283s] -- The C compiler identification is GNU 11.4.0
[0.333s] -- The CXX compiler identification is GNU 11.4.0
[0.339s] -- Detecting C compiler ABI info
[0.410s] -- Detecting C compiler ABI info - done
[0.419s] -- Check for working C compiler: /usr/bin/cc - skipped
[0.420s] -- Detecting C compile features
[0.420s] -- Detecting C compile features - done
[0.423s] -- Detecting CXX compiler ABI info
[0.502s] -- Detecting CXX compiler ABI info - done
[0.508s] -- Check for working CXX compiler: /usr/bin/c++ - skipped
[0.508s] -- Detecting CXX compile features
[0.509s] -- Detecting CXX compile features - done
[0.511s] -- Found ament_cmake: 1.3.14 (/opt/ros/humble/share/ament_cmake/cmake)
[0.648s] -- Found Python3: /usr/bin/python3 (found version "3.10.12") found components: Interpreter 
[0.717s] -- Override CMake install command with custom implementation using symlinks instead of copying resources
[0.747s] -- Found ament_index_cpp: 1.4.1 (/opt/ros/humble/share/ament_index_cpp/cmake)
[0.749s] -- Found geometry_msgs: 4.9.1 (/opt/ros/humble/share/geometry_msgs/cmake)
[0.785s] -- Found rosidl_generator_c: 3.1.8 (/opt/ros/humble/share/rosidl_generator_c/cmake)
[0.790s] -- Found rosidl_adapter: 3.1.8 (/opt/ros/humble/share/rosidl_adapter/cmake)
[0.798s] -- Found rosidl_generator_cpp: 3.1.8 (/opt/ros/humble/share/rosidl_generator_cpp/cmake)
[0.809s] -- Using all available rosidl_typesupport_c: rosidl_typesupport_fastrtps_c;rosidl_typesupport_introspection_c
[0.823s] -- Using all available rosidl_typesupport_cpp: rosidl_typesupport_fastrtps_cpp;rosidl_typesupport_introspection_cpp
[0.859s] -- Found nav2_util: 1.1.20 (/opt/ros/humble/share/nav2_util/cmake)
[0.996s] -- Found rmw_implementation_cmake: 6.1.2 (/opt/ros/humble/share/rmw_implementation_cmake/cmake)
[0.999s] -- Found rmw_fastrtps_cpp: 6.2.10 (/opt/ros/humble/share/rmw_fastrtps_cpp/cmake)
[1.089s] -- Found OpenSSL: /usr/lib/x86_64-linux-gnu/libcrypto.so (found version "3.0.2")  
[1.120s] -- Found FastRTPS: /opt/ros/humble/include  
[1.165s] -- Using RMW implementation 'rmw_fastrtps_cpp' as default
[1.174s] -- Looking for pthread.h
[1.252s] -- Looking for pthread.h - found
[1.252s] -- Performing Test CMAKE_HAVE_LIBC_PTHREAD
[1.328s] -- Performing Test CMAKE_HAVE_LIBC_PTHREAD - Success
[1.329s] -- Found Threads: TRUE  
[1.417s] -- Found eigen3_cmake_module: 0.1.1 (/opt/ros/humble/share/eigen3_cmake_module/cmake)
[1.417s] -- Found Eigen3: TRUE (found version "3.4.0") 
[1.417s] -- Ensuring Eigen3 include directory is part of orocos-kdl CMake target
[1.461s] -- Found hunav_msgs: 1.0.0 (/home/ambroise/hunav_ws/install/hunav_msgs/share/hunav_msgs/cmake)
[1.477s] -- Found pluginlib: 5.1.4 (/opt/ros/humble/share/pluginlib/cmake)
[1.513s] -- Found rviz_common: 11.2.26 (/opt/ros/humble/share/rviz_common/cmake)
[1.520s] -- Setting assimp_DIR to: '/opt/ros/humble/share/rviz_assimp_vendor/cmake/../../../opt/rviz_assimp_vendor/lib/cmake/assimp-4.1'
[1.528s] -- Setting OGRE_DIR to: '/opt/ros/humble/share/rviz_ogre_vendor/cmake/../../../opt/rviz_ogre_vendor/lib/OGRE/cmake'
[1.530s] -- Found OGRE
[1.530s] --   static     : OFF
[1.530s] --   components : HLMS;MeshLodGenerator;Overlay;Paging;Property;RTShaderSystem;Terrain;Volume
[1.530s] --   plugins    : Plugin_BSPSceneManager;Plugin_OctreeSceneManager;Plugin_PCZSceneManager;Plugin_ParticleFX;RenderSystem_GL;RenderSystem_GL3Plus;Codec_STBI
[1.530s] --   media      : /opt/ros/humble/opt/rviz_ogre_vendor/share/OGRE/Media
[1.530s] -- OGRE_LIBRARIES: OgreHLMS;OgreMeshLodGenerator;OgreOverlay;OgrePaging;OgreProperty;OgreRTShaderSystem;OgreTerrain;OgreVolume;OgreMain
[1.530s] -- OGRE_LIBRARY_DIRS: /opt/ros/humble/opt/rviz_ogre_vendor/lib
[1.530s] -- OGRE_PLUGINS: Plugin_BSPSceneManager;Plugin_OctreeSceneManager;Plugin_PCZSceneManager;Plugin_ParticleFX;RenderSystem_GL;RenderSystem_GL3Plus;Codec_STBI
[1.530s] -- OGRE_PLUGIN_DIR: /opt/ros/humble/opt/rviz_ogre_vendor/lib/OGRE
[1.530s] -- rviz_ogre_vendor::OgreOverlay for IMPORTED_LOCATION_RELEASE: /opt/ros/humble/opt/rviz_ogre_vendor/lib/libOgreOverlay.so
[1.530s] -- rviz_ogre_vendor::OgreOverlay for IMPORTED_LOCATION_DEBUG: /opt/ros/humble/opt/rviz_ogre_vendor/lib/libOgreOverlay.so
[1.530s] -- rviz_ogre_vendor::OgreMain for IMPORTED_LOCATION_RELEASE: /opt/ros/humble/opt/rviz_ogre_vendor/lib/libOgreMain.so
[1.530s] -- rviz_ogre_vendor::OgreMain for IMPORTED_LOCATION_DEBUG: /opt/ros/humble/opt/rviz_ogre_vendor/lib/libOgreMain.so
[1.550s] -- Found ZLIB: /usr/lib/x86_64-linux-gnu/libz.so (found version "1.2.11") 
[1.554s] -- Found OpenGL: /usr/lib/x86_64-linux-gnu/libOpenGL.so   
[1.679s] -- Found X11: /usr/include   
[1.682s] -- Looking for XOpenDisplay in /usr/lib/x86_64-linux-gnu/libX11.so;/usr/lib/x86_64-linux-gnu/libXext.so
[1.841s] -- Looking for XOpenDisplay in /usr/lib/x86_64-linux-gnu/libX11.so;/usr/lib/x86_64-linux-gnu/libXext.so - found
[1.841s] -- Looking for gethostbyname
[1.979s] -- Looking for gethostbyname - found
[1.979s] -- Looking for connect
[2.158s] -- Looking for connect - found
[2.160s] -- Looking for remove
[2.305s] -- Looking for remove - found
[2.306s] -- Looking for shmat
[2.577s] -- Looking for shmat - found
[2.577s] -- Looking for IceConnectionNumber in ICE
[2.852s] -- Looking for IceConnectionNumber in ICE - found
[3.170s] -- library: /usr/lib/x86_64-linux-gnu/libcurl.so
[3.344s] -- Found rviz_default_plugins: 11.2.26 (/opt/ros/humble/share/rviz_default_plugins/cmake)
[3.546s] -- Found behaviortree_cpp: 4.9.0 (/opt/ros/humble/share/behaviortree_cpp/cmake)
[3.642s] -- Found ament_lint_auto: 0.12.15 (/opt/ros/humble/share/ament_lint_auto/cmake)
[3.958s] -- Added test 'copyright' to check source files copyright and LICENSE
[3.978s] -- Added test 'cppcheck' to perform static code analysis on C / C++ code
[3.979s] -- Configured cppcheck include dirs: /home/ambroise/hunav_ws/src/hunav_sim/hunav_rviz2_panel/include
[3.979s] -- Configured cppcheck exclude dirs and/or files: 
[3.986s] -- Added test 'cpplint' to check C / C++ code against the Google style
[3.986s] -- Configured cpplint exclude dirs and/or files: 
[3.988s] -- Added test 'flake8' to check Python code syntax and style conventions
[3.993s] -- Added test 'lint_cmake' to check CMake code style
[3.994s] -- Added test 'pep257' to check Python code against some of the docstring style conventions in PEP 257
[4.014s] -- Added test 'uncrustify' to check C / C++ code style
[4.014s] -- Configured uncrustify additional arguments: 
[4.014s] -- Added test 'xmllint' to check XML markup files
[4.018s] -- Configuring done
[4.196s] -- Generating done
[4.224s] -- Build files have been written to: /home/ambroise/hunav_ws/build/hunav_rviz2_panel
[4.288s] Invoked command in '/home/ambroise/hunav_ws/build/hunav_rviz2_panel' returned '0': CMAKE_PREFIX_PATH=/home/ambroise/hunav_ws/install/hunav_msgs:/home/ambroise/hunav_ws/install/hunav_sim:/home/ambroise/hunav_ws/install/hunav_agent_manager:/home/ambroise/hunav_ws/install/people_msgs:/home/ambroise/hunav_ws/install/hunav_rviz2_panel:/home/ambroise/hunav_ws/install/hunav_gazebo_wrapper:/home/ambroise/hunav_ws/install/hunav_behavior_tree_generator:/home/ambroise/hunav_ws/install/hunav_evaluator:/opt/ros/humble LD_LIBRARY_PATH=/home/ambroise/hunav_ws/install/hunav_msgs/lib:/home/ambroise/hunav_ws/install/people_msgs/lib:/home/ambroise/hunav_ws/install/hunav_rviz2_panel/lib:/home/ambroise/hunav_ws/install/hunav_gazebo_wrapper/lib:/usr/lib/x86_64-linux-gnu/gazebo-11/plugins:/opt/ros/humble/opt/rviz_ogre_vendor/lib:/opt/ros/humble/lib/x86_64-linux-gnu:/opt/ros/humble/lib:/usr/lib/x86_64-linux-gnu/gazebo-11/plugins:/home/ambroise/hunav_ws/install/hunav_gazebo_wrapper/lib /usr/bin/cmake /home/ambroise/hunav_ws/src/hunav_sim/hunav_rviz2_panel -DAMENT_CMAKE_SYMLINK_INSTALL=1 -DCMAKE_INSTALL_PREFIX=/home/ambroise/hunav_ws/install/hunav_rviz2_panel
[4.292s] Invoking command in '/home/ambroise/hunav_ws/build/hunav_rviz2_panel': CMAKE_PREFIX_PATH=/home/ambroise/hunav_ws/install/hunav_msgs:/home/ambroise/hunav_ws/install/hunav_sim:/home/ambroise/hunav_ws/install/hunav_agent_manager:/home/ambroise/hunav_ws/install/people_msgs:/home/ambroise/hunav_ws/install/hunav_rviz2_panel:/home/ambroise/hunav_ws/install/hunav_gazebo_wrapper:/home/ambroise/hunav_ws/install/hunav_behavior_tree_generator:/home/ambroise/hunav_ws/install/hunav_evaluator:/opt/ros/humble LD_LIBRARY_PATH=/home/ambroise/hunav_ws/install/hunav_msgs/lib:/home/ambroise/hunav_ws/install/people_msgs/lib:/home/ambroise/hunav_ws/install/hunav_rviz2_panel/lib:/home/ambroise/hunav_ws/install/hunav_gazebo_wrapper/lib:/usr/lib/x86_64-linux-gnu/gazebo-11/plugins:/opt/ros/humble/opt/rviz_ogre_vendor/lib:/opt/ros/humble/lib/x86_64-linux-gnu:/opt/ros/humble/lib:/usr/lib/x86_64-linux-gnu/gazebo-11/plugins:/home/ambroise/hunav_ws/install/hunav_gazebo_wrapper/lib /usr/bin/cmake --build /home/ambroise/hunav_ws/build/hunav_rviz2_panel -- -j16 -l16
[4.480s] [ 14%] [34m[1mAutomatic MOC for target hunav_rviz2_panel[0m
[7.130s] [ 14%] Built target hunav_rviz2_panel_autogen
[7.207s] [ 28%] [32mBuilding CXX object CMakeFiles/hunav_rviz2_panel.dir/hunav_rviz2_panel_autogen/mocs_compilation.cpp.o[0m
[7.211s] [ 42%] [32mBuilding CXX object CMakeFiles/hunav_rviz2_panel.dir/src/actor_panel.cpp.o[0m
[7.214s] [ 57%] [32mBuilding CXX object CMakeFiles/hunav_rviz2_panel.dir/src/goal_tool.cpp.o[0m
[7.222s] [ 85%] [32mBuilding CXX object CMakeFiles/hunav_rviz2_panel.dir/src/BTConfigDialog.cpp.o[0m
[7.222s] [ 85%] [32mBuilding CXX object CMakeFiles/hunav_rviz2_panel.dir/src/metrics_panel.cpp.o[0m
[39.199s] [100%] [32m[1mLinking CXX shared library libhunav_rviz2_panel.so[0m
[43.032s] [100%] Built target hunav_rviz2_panel
[43.048s] Invoked command in '/home/ambroise/hunav_ws/build/hunav_rviz2_panel' returned '0': CMAKE_PREFIX_PATH=/home/ambroise/hunav_ws/install/hunav_msgs:/home/ambroise/hunav_ws/install/hunav_sim:/home/ambroise/hunav_ws/install/hunav_agent_manager:/home/ambroise/hunav_ws/install/people_msgs:/home/ambroise/hunav_ws/install/hunav_rviz2_panel:/home/ambroise/hunav_ws/install/hunav_gazebo_wrapper:/home/ambroise/hunav_ws/install/hunav_behavior_tree_generator:/home/ambroise/hunav_ws/install/hunav_evaluator:/opt/ros/humble LD_LIBRARY_PATH=/home/ambroise/hunav_ws/install/hunav_msgs/lib:/home/ambroise/hunav_ws/install/people_msgs/lib:/home/ambroise/hunav_ws/install/hunav_rviz2_panel/lib:/home/ambroise/hunav_ws/install/hunav_gazebo_wrapper/lib:/usr/lib/x86_64-linux-gnu/gazebo-11/plugins:/opt/ros/humble/opt/rviz_ogre_vendor/lib:/opt/ros/humble/lib/x86_64-linux-gnu:/opt/ros/humble/lib:/usr/lib/x86_64-linux-gnu/gazebo-11/plugins:/home/ambroise/hunav_ws/install/hunav_gazebo_wrapper/lib /usr/bin/cmake --build /home/ambroise/hunav_ws/build/hunav_rviz2_panel -- -j16 -l16
[43.050s] Invoking command in '/home/ambroise/hunav_ws/build/hunav_rviz2_panel': CMAKE_PREFIX_PATH=/home/ambroise/hunav_ws/install/hunav_msgs:/home/ambroise/hunav_ws/install/hunav_sim:/home/ambroise/hunav_ws/install/hunav_agent_manager:/home/ambroise/hunav_ws/install/people_msgs:/home/ambroise/hunav_ws/install/hunav_rviz2_panel:/home/ambroise/hunav_ws/install/hunav_gazebo_wrapper:/home/ambroise/hunav_ws/install/hunav_behavior_tree_generator:/home/ambroise/hunav_ws/install/hunav_evaluator:/opt/ros/humble LD_LIBRARY_PATH=/home/ambroise/hunav_ws/install/hunav_msgs/lib:/home/ambroise/hunav_ws/install/people_msgs/lib:/home/ambroise/hunav_ws/install/hunav_rviz2_panel/lib:/home/ambroise/hunav_ws/install/hunav_gazebo_wrapper/lib:/usr/lib/x86_64-linux-gnu/gazebo-11/plugins:/opt/ros/humble/opt/rviz_ogre_vendor/lib:/opt/ros/humble/lib/x86_64-linux-gnu:/opt/ros/humble/lib:/usr/lib/x86_64-linux-gnu/gazebo-11/plugins:/home/ambroise/hunav_ws/install/hunav_gazebo_wrapper/lib /usr/bin/cmake --install /home/ambroise/hunav_ws/build/hunav_rviz2_panel
[43.057s] -- Install configuration: ""
[43.057s] -- Execute custom install script
[43.057s] -- Symlinking: /home/ambroise/hunav_ws/install/hunav_rviz2_panel/share/hunav_rviz2_panel//plugins_description.xml
[43.066s] -- Symlinking: /home/ambroise/hunav_ws/install/hunav_rviz2_panel/include//headers/BTConfigDialog.h
[43.075s] -- Symlinking: /home/ambroise/hunav_ws/install/hunav_rviz2_panel/include//headers/actor_panel.hpp
[43.084s] -- Symlinking: /home/ambroise/hunav_ws/install/hunav_rviz2_panel/include//headers/goal_common.hpp
[43.093s] -- Symlinking: /home/ambroise/hunav_ws/install/hunav_rviz2_panel/include//headers/goal_pose_updater.hpp
[43.101s] -- Symlinking: /home/ambroise/hunav_ws/install/hunav_rviz2_panel/include//headers/goal_tool.hpp
[43.112s] -- Symlinking: /home/ambroise/hunav_ws/install/hunav_rviz2_panel/include//headers/metrics_panel.hpp
[43.122s] -- Symlinking: /home/ambroise/hunav_ws/install/hunav_rviz2_panel/share/hunav_rviz2_panel/meshes/casual_man.dae
[43.132s] -- Symlinking: /home/ambroise/hunav_ws/install/hunav_rviz2_panel/share/hunav_rviz2_panel/meshes/elegant_man.dae
[43.141s] -- Symlinking: /home/ambroise/hunav_ws/install/hunav_rviz2_panel/share/hunav_rviz2_panel/meshes/elegant_woman.dae
[43.149s] -- Symlinking: /home/ambroise/hunav_ws/install/hunav_rviz2_panel/share/hunav_rviz2_panel/meshes/regular_man.dae
[43.158s] -- Symlinking: /home/ambroise/hunav_ws/install/hunav_rviz2_panel/share/hunav_rviz2_panel/meshes/ring.dae
[43.168s] -- Symlinking: /home/ambroise/hunav_ws/install/hunav_rviz2_panel/share/hunav_rviz2_panel/meshes/textures/braid01_diffuse.png
[43.177s] -- Symlinking: /home/ambroise/hunav_ws/install/hunav_rviz2_panel/share/hunav_rviz2_panel/meshes/textures/brown_eye.png
[43.186s] -- Symlinking: /home/ambroise/hunav_ws/install/hunav_rviz2_panel/share/hunav_rviz2_panel/meshes/textures/eyebrow001.png
[43.196s] -- Symlinking: /home/ambroise/hunav_ws/install/hunav_rviz2_panel/share/hunav_rviz2_panel/meshes/textures/eyelashes01.png
[43.205s] -- Symlinking: /home/ambroise/hunav_ws/install/hunav_rviz2_panel/share/hunav_rviz2_panel/meshes/textures/female_casualsuit01_diffuse.png
[43.214s] -- Symlinking: /home/ambroise/hunav_ws/install/hunav_rviz2_panel/share/hunav_rviz2_panel/meshes/textures/female_casualsuit01_normal.png
[43.223s] -- Symlinking: /home/ambroise/hunav_ws/install/hunav_rviz2_panel/share/hunav_rviz2_panel/meshes/textures/male_casualsuit01_diffuse.png
[43.235s] -- Symlinking: /home/ambroise/hunav_ws/install/hunav_rviz2_panel/share/hunav_rviz2_panel/meshes/textures/male_casualsuit01_normal.png
[43.244s] -- Symlinking: /home/ambroise/hunav_ws/install/hunav_rviz2_panel/share/hunav_rviz2_panel/meshes/textures/male_casualsuit04_diffuse.png
[43.253s] -- Symlinking: /home/ambroise/hunav_ws/install/hunav_rviz2_panel/share/hunav_rviz2_panel/meshes/textures/male_casualsuit04_normal.png
[43.263s] -- Symlinking: /home/ambroise/hunav_ws/install/hunav_rviz2_panel/share/hunav_rviz2_panel/meshes/textures/male_casualsuit06_diffuse.png
[43.272s] -- Symlinking: /home/ambroise/hunav_ws/install/hunav_rviz2_panel/share/hunav_rviz2_panel/meshes/textures/male_casualsuit06_normal.png
[43.282s] -- Symlinking: /home/ambroise/hunav_ws/install/hunav_rviz2_panel/share/hunav_rviz2_panel/meshes/textures/male_elegantsuit01_diffuse.png
[43.293s] -- Symlinking: /home/ambroise/hunav_ws/install/hunav_rviz2_panel/share/hunav_rviz2_panel/meshes/textures/male_worksuit01_diffuse.png
[43.303s] -- Symlinking: /home/ambroise/hunav_ws/install/hunav_rviz2_panel/share/hunav_rviz2_panel/meshes/textures/male_worksuit01_normal.png
[43.313s] -- Symlinking: /home/ambroise/hunav_ws/install/hunav_rviz2_panel/share/hunav_rviz2_panel/meshes/textures/middleage_darkskinned_male_diffuse.png
[43.322s] -- Symlinking: /home/ambroise/hunav_ws/install/hunav_rviz2_panel/share/hunav_rviz2_panel/meshes/textures/middleage_lightskinned_male_diffuse.png
[43.334s] -- Symlinking: /home/ambroise/hunav_ws/install/hunav_rviz2_panel/share/hunav_rviz2_panel/meshes/textures/shoes01_diffuse.png
[43.343s] -- Symlinking: /home/ambroise/hunav_ws/install/hunav_rviz2_panel/share/hunav_rviz2_panel/meshes/textures/shoes01_normal.png
[43.352s] -- Symlinking: /home/ambroise/hunav_ws/install/hunav_rviz2_panel/share/hunav_rviz2_panel/meshes/textures/shoes03_diffuse.png
[43.362s] -- Symlinking: /home/ambroise/hunav_ws/install/hunav_rviz2_panel/share/hunav_rviz2_panel/meshes/textures/shoes05_diffuse.png
[43.371s] -- Symlinking: /home/ambroise/hunav_ws/install/hunav_rviz2_panel/share/hunav_rviz2_panel/meshes/textures/short01_diffuse.png
[43.380s] -- Symlinking: /home/ambroise/hunav_ws/install/hunav_rviz2_panel/share/hunav_rviz2_panel/meshes/textures/short02_diffuse.png
[43.389s] -- Symlinking: /home/ambroise/hunav_ws/install/hunav_rviz2_panel/share/hunav_rviz2_panel/meshes/textures/short03_diffuse.png
[43.399s] -- Symlinking: /home/ambroise/hunav_ws/install/hunav_rviz2_panel/share/hunav_rviz2_panel/meshes/walk.dae
[43.408s] -- Symlinking: /home/ambroise/hunav_ws/install/hunav_rviz2_panel/share/hunav_rviz2_panel/meshes/worker_man.dae
[43.418s] -- Symlinking: /home/ambroise/hunav_ws/install/hunav_rviz2_panel/share/hunav_rviz2_panel/launch/hunav_rviz2_launch.py
[43.429s] -- Symlinking: /home/ambroise/hunav_ws/install/hunav_rviz2_panel/share/hunav_rviz2_panel/launch/rviz2.rviz
[43.439s] -- Symlinking: /home/ambroise/hunav_ws/install/hunav_rviz2_panel/share/hunav_rviz2_panel/environment/library_path.sh
[43.448s] -- Symlinking: /home/ambroise/hunav_ws/install/hunav_rviz2_panel/share/hunav_rviz2_panel/environment/library_path.dsv
[43.458s] -- Symlinking: /home/ambroise/hunav_ws/install/hunav_rviz2_panel/share/ament_index/resource_index/package_run_dependencies/hunav_rviz2_panel
[43.467s] -- Symlinking: /home/ambroise/hunav_ws/install/hunav_rviz2_panel/share/ament_index/resource_index/parent_prefix_path/hunav_rviz2_panel
[43.477s] -- Symlinking: /home/ambroise/hunav_ws/install/hunav_rviz2_panel/share/hunav_rviz2_panel/environment/ament_prefix_path.sh
[43.487s] -- Symlinking: /home/ambroise/hunav_ws/install/hunav_rviz2_panel/share/hunav_rviz2_panel/environment/ament_prefix_path.dsv
[43.498s] -- Symlinking: /home/ambroise/hunav_ws/install/hunav_rviz2_panel/share/hunav_rviz2_panel/environment/path.sh
[43.507s] -- Symlinking: /home/ambroise/hunav_ws/install/hunav_rviz2_panel/share/hunav_rviz2_panel/environment/path.dsv
[43.519s] -- Symlinking: /home/ambroise/hunav_ws/install/hunav_rviz2_panel/share/hunav_rviz2_panel/local_setup.bash
[43.529s] -- Symlinking: /home/ambroise/hunav_ws/install/hunav_rviz2_panel/share/hunav_rviz2_panel/local_setup.sh
[43.537s] -- Symlinking: /home/ambroise/hunav_ws/install/hunav_rviz2_panel/share/hunav_rviz2_panel/local_setup.zsh
[43.547s] -- Symlinking: /home/ambroise/hunav_ws/install/hunav_rviz2_panel/share/hunav_rviz2_panel/local_setup.dsv
[43.558s] -- Symlinking: /home/ambroise/hunav_ws/install/hunav_rviz2_panel/share/hunav_rviz2_panel/package.dsv
[43.568s] -- Symlinking: /home/ambroise/hunav_ws/install/hunav_rviz2_panel/share/ament_index/resource_index/packages/hunav_rviz2_panel
[43.576s] -- Symlinking: /home/ambroise/hunav_ws/install/hunav_rviz2_panel/share/ament_index/resource_index/rviz_common__pluginlib__plugin/hunav_rviz2_panel
[43.587s] -- Symlinking: /home/ambroise/hunav_ws/install/hunav_rviz2_panel/share/hunav_rviz2_panel/cmake/ament_cmake_export_include_directories-extras.cmake
[43.596s] -- Symlinking: /home/ambroise/hunav_ws/install/hunav_rviz2_panel/share/hunav_rviz2_panel/cmake/ament_cmake_export_targets-extras.cmake
[43.606s] -- Symlinking: /home/ambroise/hunav_ws/install/hunav_rviz2_panel/share/hunav_rviz2_panel/cmake/ament_cmake_export_dependencies-extras.cmake
[43.616s] -- Symlinking: /home/ambroise/hunav_ws/install/hunav_rviz2_panel/share/hunav_rviz2_panel/cmake/hunav_rviz2_panelConfig.cmake
[43.625s] -- Symlinking: /home/ambroise/hunav_ws/install/hunav_rviz2_panel/share/hunav_rviz2_panel/cmake/hunav_rviz2_panelConfig-version.cmake
[43.634s] -- Symlinking: /home/ambroise/hunav_ws/install/hunav_rviz2_panel/share/hunav_rviz2_panel/package.xml
[43.644s] -- Installing: /home/ambroise/hunav_ws/install/hunav_rviz2_panel/lib/libhunav_rviz2_panel.so
[43.662s] -- Set runtime path of "/home/ambroise/hunav_ws/install/hunav_rviz2_panel/lib/libhunav_rviz2_panel.so" to ""
[43.662s] -- Installing: /home/ambroise/hunav_ws/install/hunav_rviz2_panel/share/hunav_rviz2_panel/cmake/hunav_rviz2_panelExport.cmake
[43.663s] -- Installing: /home/ambroise/hunav_ws/install/hunav_rviz2_panel/share/hunav_rviz2_panel/cmake/hunav_rviz2_panelExport-noconfig.cmake
[43.665s] Invoked command in '/home/ambroise/hunav_ws/build/hunav_rviz2_panel' returned '0': CMAKE_PREFIX_PATH=/home/ambroise/hunav_ws/install/hunav_msgs:/home/ambroise/hunav_ws/install/hunav_sim:/home/ambroise/hunav_ws/install/hunav_agent_manager:/home/ambroise/hunav_ws/install/people_msgs:/home/ambroise/hunav_ws/install/hunav_rviz2_panel:/home/ambroise/hunav_ws/install/hunav_gazebo_wrapper:/home/ambroise/hunav_ws/install/hunav_behavior_tree_generator:/home/ambroise/hunav_ws/install/hunav_evaluator:/opt/ros/humble LD_LIBRARY_PATH=/home/ambroise/hunav_ws/install/hunav_msgs/lib:/home/ambroise/hunav_ws/install/people_msgs/lib:/home/ambroise/hunav_ws/install/hunav_rviz2_panel/lib:/home/ambroise/hunav_ws/install/hunav_gazebo_wrapper/lib:/usr/lib/x86_64-linux-gnu/gazebo-11/plugins:/opt/ros/humble/opt/rviz_ogre_vendor/lib:/opt/ros/humble/lib/x86_64-linux-gnu:/opt/ros/humble/lib:/usr/lib/x86_64-linux-gnu/gazebo-11/plugins:/home/ambroise/hunav_ws/install/hunav_gazebo_wrapper/lib /usr/bin/cmake --install /home/ambroise/hunav_ws/build/hunav_rviz2_panel
