running develop
running egg_info
creating hunav_evaluator.egg-info
writing hunav_evaluator.egg-info/PKG-INFO
writing dependency_links to hunav_evaluator.egg-info/dependency_links.txt
writing entry points to hunav_evaluator.egg-info/entry_points.txt
writing requirements to hunav_evaluator.egg-info/requires.txt
writing top-level names to hunav_evaluator.egg-info/top_level.txt
writing manifest file 'hunav_evaluator.egg-info/SOURCES.txt'
reading manifest file 'hunav_evaluator.egg-info/SOURCES.txt'
writing manifest file 'hunav_evaluator.egg-info/SOURCES.txt'
running build_ext
Creating /home/ambroise/hunav_ws/install/hunav_evaluator/lib/python3.10/site-packages/hunav-evaluator.egg-link (link to .)
Installing hunav_evaluator_node script to /home/ambroise/hunav_ws/install/hunav_evaluator/lib/hunav_evaluator

Installed /home/ambroise/hunav_ws/build/hunav_evaluator
running symlink_data
creating /home/ambroise/hunav_ws/install/hunav_evaluator/share/ament_index
creating /home/ambroise/hunav_ws/install/hunav_evaluator/share/ament_index/resource_index
creating /home/ambroise/hunav_ws/install/hunav_evaluator/share/ament_index/resource_index/packages
symbolically linking /home/ambroise/hunav_ws/build/hunav_evaluator/resource/hunav_evaluator -> /home/ambroise/hunav_ws/install/hunav_evaluator/share/ament_index/resource_index/packages
symbolically linking /home/ambroise/hunav_ws/build/hunav_evaluator/package.xml -> /home/ambroise/hunav_ws/install/hunav_evaluator/share/hunav_evaluator
creating /home/ambroise/hunav_ws/install/hunav_evaluator/share/hunav_evaluator/launch
symbolically linking /home/ambroise/hunav_ws/build/hunav_evaluator/launch/hunav_evaluator.launch.py -> /home/ambroise/hunav_ws/install/hunav_evaluator/share/hunav_evaluator/launch
creating /home/ambroise/hunav_ws/install/hunav_evaluator/share/hunav_evaluator/config
symbolically linking /home/ambroise/hunav_ws/build/hunav_evaluator/config/metrics.yaml -> /home/ambroise/hunav_ws/install/hunav_evaluator/share/hunav_evaluator/config
