[0.638s] Invoking command in '/home/ambroise/hunav_ws/build/hunav_evaluator': CMAKE_PREFIX_PATH=/home/ambroise/hunav_ws/install/hunav_msgs:/home/ambroise/hunav_ws/install/hunav_sim:/home/ambroise/hunav_ws/install/hunav_agent_manager:/home/ambroise/hunav_ws/install/people_msgs:/home/ambroise/hunav_ws/install/hunav_rviz2_panel:/home/ambroise/hunav_ws/install/hunav_gazebo_wrapper LD_LIBRARY_PATH=/home/ambroise/hunav_ws/install/hunav_msgs/lib:/home/ambroise/hunav_ws/install/people_msgs/lib:/home/ambroise/hunav_ws/install/hunav_rviz2_panel/lib:/home/ambroise/hunav_ws/install/hunav_gazebo_wrapper/lib:/usr/lib/x86_64-linux-gnu/gazebo-11/plugins:/opt/ros/humble/opt/rviz_ogre_vendor/lib:/opt/ros/humble/lib/x86_64-linux-gnu:/opt/ros/humble/lib:/usr/lib/x86_64-linux-gnu/gazebo-11/plugins:/home/ambroise/hunav_ws/install/hunav_gazebo_wrapper/lib PYTHONPATH=/home/ambroise/hunav_ws/build/hunav_evaluator/prefix_override:/usr/lib/python3/dist-packages/colcon_core/task/python/colcon_distutils_commands:/home/ambroise/hunav_ws/install/hunav_evaluator/lib/python3.10/site-packages:${PYTHONPATH} /usr/bin/python3 -W ignore:setup.py install is deprecated -W ignore:easy_install command is deprecated setup.py develop --editable --build-directory /home/ambroise/hunav_ws/build/hunav_evaluator/build --no-deps symlink_data
[0.859s] running develop
[0.993s] running egg_info
[0.993s] creating hunav_evaluator.egg-info
[0.993s] writing hunav_evaluator.egg-info/PKG-INFO
[0.993s] writing dependency_links to hunav_evaluator.egg-info/dependency_links.txt
[0.993s] writing entry points to hunav_evaluator.egg-info/entry_points.txt
[0.993s] writing requirements to hunav_evaluator.egg-info/requires.txt
[0.993s] writing top-level names to hunav_evaluator.egg-info/top_level.txt
[0.993s] writing manifest file 'hunav_evaluator.egg-info/SOURCES.txt'
[0.995s] reading manifest file 'hunav_evaluator.egg-info/SOURCES.txt'
[0.995s] writing manifest file 'hunav_evaluator.egg-info/SOURCES.txt'
[0.997s] running build_ext
[0.997s] Creating /home/ambroise/hunav_ws/install/hunav_evaluator/lib/python3.10/site-packages/hunav-evaluator.egg-link (link to .)
[0.998s] Installing hunav_evaluator_node script to /home/ambroise/hunav_ws/install/hunav_evaluator/lib/hunav_evaluator
[0.998s] 
[0.998s] Installed /home/ambroise/hunav_ws/build/hunav_evaluator
[0.998s] running symlink_data
[0.998s] creating /home/ambroise/hunav_ws/install/hunav_evaluator/share/ament_index
[0.998s] creating /home/ambroise/hunav_ws/install/hunav_evaluator/share/ament_index/resource_index
[0.998s] creating /home/ambroise/hunav_ws/install/hunav_evaluator/share/ament_index/resource_index/packages
[0.998s] symbolically linking /home/ambroise/hunav_ws/build/hunav_evaluator/resource/hunav_evaluator -> /home/ambroise/hunav_ws/install/hunav_evaluator/share/ament_index/resource_index/packages
[0.999s] symbolically linking /home/ambroise/hunav_ws/build/hunav_evaluator/package.xml -> /home/ambroise/hunav_ws/install/hunav_evaluator/share/hunav_evaluator
[0.999s] creating /home/ambroise/hunav_ws/install/hunav_evaluator/share/hunav_evaluator/launch
[0.999s] symbolically linking /home/ambroise/hunav_ws/build/hunav_evaluator/launch/hunav_evaluator.launch.py -> /home/ambroise/hunav_ws/install/hunav_evaluator/share/hunav_evaluator/launch
[0.999s] creating /home/ambroise/hunav_ws/install/hunav_evaluator/share/hunav_evaluator/config
[0.999s] symbolically linking /home/ambroise/hunav_ws/build/hunav_evaluator/config/metrics.yaml -> /home/ambroise/hunav_ws/install/hunav_evaluator/share/hunav_evaluator/config
[1.040s] Invoked command in '/home/ambroise/hunav_ws/build/hunav_evaluator' returned '0': CMAKE_PREFIX_PATH=/home/ambroise/hunav_ws/install/hunav_msgs:/home/ambroise/hunav_ws/install/hunav_sim:/home/ambroise/hunav_ws/install/hunav_agent_manager:/home/ambroise/hunav_ws/install/people_msgs:/home/ambroise/hunav_ws/install/hunav_rviz2_panel:/home/ambroise/hunav_ws/install/hunav_gazebo_wrapper LD_LIBRARY_PATH=/home/ambroise/hunav_ws/install/hunav_msgs/lib:/home/ambroise/hunav_ws/install/people_msgs/lib:/home/ambroise/hunav_ws/install/hunav_rviz2_panel/lib:/home/ambroise/hunav_ws/install/hunav_gazebo_wrapper/lib:/usr/lib/x86_64-linux-gnu/gazebo-11/plugins:/opt/ros/humble/opt/rviz_ogre_vendor/lib:/opt/ros/humble/lib/x86_64-linux-gnu:/opt/ros/humble/lib:/usr/lib/x86_64-linux-gnu/gazebo-11/plugins:/home/ambroise/hunav_ws/install/hunav_gazebo_wrapper/lib PYTHONPATH=/home/ambroise/hunav_ws/build/hunav_evaluator/prefix_override:/usr/lib/python3/dist-packages/colcon_core/task/python/colcon_distutils_commands:/home/ambroise/hunav_ws/install/hunav_evaluator/lib/python3.10/site-packages:${PYTHONPATH} /usr/bin/python3 -W ignore:setup.py install is deprecated -W ignore:easy_install command is deprecated setup.py develop --editable --build-directory /home/ambroise/hunav_ws/build/hunav_evaluator/build --no-deps symlink_data
