[0.012s] Invoking command in '/home/ambroise/hunav_ws/build/hunav_msgs': CMAKE_PREFIX_PATH=${CMAKE_PREFIX_PATH}:/home/ambroise/hunav_ws/install/hunav_behavior_tree_generator:/home/ambroise/hunav_ws/install/hunav_evaluator:/opt/ros/humble /usr/bin/cmake /home/ambroise/hunav_ws/src/hunav_sim/hunav_msgs -DAMENT_CMAKE_SYMLINK_INSTALL=1 -DCMAKE_INSTALL_PREFIX=/home/ambroise/hunav_ws/install/hunav_msgs
[0.102s] -- The C compiler identification is GNU 11.4.0
[0.175s] -- The CXX compiler identification is GNU 11.4.0
[0.183s] -- Detecting C compiler ABI info
[0.253s] -- Detecting C compiler ABI info - done
[0.258s] -- Check for working C compiler: /usr/bin/cc - skipped
[0.258s] -- Detecting C compile features
[0.258s] -- Detecting C compile features - done
[0.261s] -- Detecting CXX compiler ABI info
[0.337s] -- Detecting CXX compiler ABI info - done
[0.342s] -- Check for working CXX compiler: /usr/bin/c++ - skipped
[0.342s] -- Detecting CXX compile features
[0.342s] -- Detecting CXX compile features - done
[0.346s] -- Found ament_cmake: 1.3.14 (/opt/ros/humble/share/ament_cmake/cmake)
[0.472s] -- Found Python3: /usr/bin/python3 (found version "3.10.12") found components: Interpreter 
[0.525s] -- Override CMake install command with custom implementation using symlinks instead of copying resources
[0.555s] -- Found builtin_interfaces: 1.2.2 (/opt/ros/humble/share/builtin_interfaces/cmake)
[0.585s] -- Found rosidl_generator_c: 3.1.8 (/opt/ros/humble/share/rosidl_generator_c/cmake)
[0.589s] -- Found rosidl_adapter: 3.1.8 (/opt/ros/humble/share/rosidl_adapter/cmake)
[0.596s] -- Found rosidl_generator_cpp: 3.1.8 (/opt/ros/humble/share/rosidl_generator_cpp/cmake)
[0.607s] -- Using all available rosidl_typesupport_c: rosidl_typesupport_fastrtps_c;rosidl_typesupport_introspection_c
[0.620s] -- Using all available rosidl_typesupport_cpp: rosidl_typesupport_fastrtps_cpp;rosidl_typesupport_introspection_cpp
[0.633s] -- Found geometry_msgs: 4.9.1 (/opt/ros/humble/share/geometry_msgs/cmake)
[0.656s] -- Found rosidl_default_generators: 1.2.1 (/opt/ros/humble/share/rosidl_default_generators/cmake)
[0.959s] -- Found ament_cmake_ros: 0.10.0 (/opt/ros/humble/share/ament_cmake_ros/cmake)
[1.307s] -- Using all available rosidl_typesupport_c: rosidl_typesupport_fastrtps_c;rosidl_typesupport_introspection_c
[1.440s] -- Using all available rosidl_typesupport_cpp: rosidl_typesupport_fastrtps_cpp;rosidl_typesupport_introspection_cpp
[1.459s] -- Found PythonInterp: /usr/bin/python3 (found suitable version "3.10.12", minimum required is "3.6") 
[1.460s] -- Found python_cmake_module: 0.10.0 (/opt/ros/humble/share/python_cmake_module/cmake)
[1.483s] -- Found PythonLibs: /usr/lib/x86_64-linux-gnu/libpython3.10.so (found suitable version "3.10.12", minimum required is "3.5") 
[1.483s] -- Using PYTHON_EXECUTABLE: /usr/bin/python3
[1.483s] -- Using PYTHON_INCLUDE_DIRS: /usr/include/python3.10
[1.483s] -- Using PYTHON_LIBRARIES: /usr/lib/x86_64-linux-gnu/libpython3.10.so
[1.500s] -- Found PythonExtra: .so  
[1.628s] -- Configuring done
[1.669s] -- Generating done
[1.679s] -- Build files have been written to: /home/ambroise/hunav_ws/build/hunav_msgs
[1.692s] Invoked command in '/home/ambroise/hunav_ws/build/hunav_msgs' returned '0': CMAKE_PREFIX_PATH=${CMAKE_PREFIX_PATH}:/home/ambroise/hunav_ws/install/hunav_behavior_tree_generator:/home/ambroise/hunav_ws/install/hunav_evaluator:/opt/ros/humble /usr/bin/cmake /home/ambroise/hunav_ws/src/hunav_sim/hunav_msgs -DAMENT_CMAKE_SYMLINK_INSTALL=1 -DCMAKE_INSTALL_PREFIX=/home/ambroise/hunav_ws/install/hunav_msgs
[1.694s] Invoking command in '/home/ambroise/hunav_ws/build/hunav_msgs': CMAKE_PREFIX_PATH=${CMAKE_PREFIX_PATH}:/home/ambroise/hunav_ws/install/hunav_behavior_tree_generator:/home/ambroise/hunav_ws/install/hunav_evaluator:/opt/ros/humble /usr/bin/cmake --build /home/ambroise/hunav_ws/build/hunav_msgs -- -j16 -l16
[1.741s] [  1%] [34m[1mGenerating C code for ROS interfaces[0m
[1.751s] [  2%] [34m[1mGenerating C++ code for ROS interfaces[0m
[1.751s] [  2%] [34m[1mGenerating Rust code for ROS interfaces[0m
[1.762s] [  2%] Built target ament_cmake_python_symlink_hunav_msgs
[2.092s] running egg_info
[2.093s] creating hunav_msgs.egg-info
[2.093s] writing hunav_msgs.egg-info/PKG-INFO
[2.093s] writing dependency_links to hunav_msgs.egg-info/dependency_links.txt
[2.095s] writing top-level names to hunav_msgs.egg-info/top_level.txt
[2.095s] writing manifest file 'hunav_msgs.egg-info/SOURCES.txt'
[2.097s] reading manifest file 'hunav_msgs.egg-info/SOURCES.txt'
[2.098s] writing manifest file 'hunav_msgs.egg-info/SOURCES.txt'
[2.167s] [  2%] Built target ament_cmake_python_build_hunav_msgs_egg
[2.494s] [  2%] Built target hunav_msgs__rs
[3.059s] [  4%] [32mBuilding C object CMakeFiles/hunav_msgs__rosidl_generator_c.dir/rosidl_generator_c/hunav_msgs/srv/detail/compute_agents__functions.c.o[0m
[3.059s] [  5%] [32mBuilding C object CMakeFiles/hunav_msgs__rosidl_generator_c.dir/rosidl_generator_c/hunav_msgs/msg/detail/agents__functions.c.o[0m
[3.060s] [  7%] [32mBuilding C object CMakeFiles/hunav_msgs__rosidl_generator_c.dir/rosidl_generator_c/hunav_msgs/srv/detail/compute_agent__functions.c.o[0m
[3.065s] [  7%] [32mBuilding C object CMakeFiles/hunav_msgs__rosidl_generator_c.dir/rosidl_generator_c/hunav_msgs/srv/detail/get_parameters__functions.c.o[0m
[3.065s] [  8%] [32mBuilding C object CMakeFiles/hunav_msgs__rosidl_generator_c.dir/rosidl_generator_c/hunav_msgs/msg/detail/agent_behavior__functions.c.o[0m
[3.065s] [  8%] [32mBuilding C object CMakeFiles/hunav_msgs__rosidl_generator_c.dir/rosidl_generator_c/hunav_msgs/msg/detail/agent__functions.c.o[0m
[3.066s] [ 10%] [32mBuilding C object CMakeFiles/hunav_msgs__rosidl_generator_c.dir/rosidl_generator_c/hunav_msgs/srv/detail/get_agents__functions.c.o[0m
[3.066s] [ 10%] [32mBuilding C object CMakeFiles/hunav_msgs__rosidl_generator_c.dir/rosidl_generator_c/hunav_msgs/srv/detail/move_agent__functions.c.o[0m
[3.073s] [ 11%] [32mBuilding C object CMakeFiles/hunav_msgs__rosidl_generator_c.dir/rosidl_generator_c/hunav_msgs/srv/detail/reset_agents__functions.c.o[0m
[3.096s] [ 12%] [32mBuilding C object CMakeFiles/hunav_msgs__rosidl_generator_c.dir/rosidl_generator_c/hunav_msgs/srv/detail/start_evaluation__functions.c.o[0m
[3.298s] [ 12%] Built target hunav_msgs__cpp
[3.338s] [ 13%] [34m[1mGenerating C++ type support dispatch for ROS interfaces[0m
[3.345s] [ 14%] [34m[1mGenerating C++ introspection for ROS interfaces[0m
[3.350s] [ 15%] [34m[1mGenerating C++ type support for eProsima Fast-RTPS[0m
[3.434s] [ 16%] [32m[1mLinking C shared library libhunav_msgs__rosidl_generator_c.so[0m
[3.557s] [ 16%] Built target hunav_msgs__rosidl_generator_c
[3.604s] [ 17%] [34m[1mGenerating C introspection for ROS interfaces[0m
[3.604s] [ 18%] [34m[1mGenerating C type support for eProsima Fast-RTPS[0m
[3.606s] [ 19%] [34m[1mGenerating C type support dispatch for ROS interfaces[0m
[4.418s] [ 23%] [32mBuilding CXX object CMakeFiles/hunav_msgs__rosidl_typesupport_cpp.dir/rosidl_typesupport_cpp/hunav_msgs/msg/agents__type_support.cpp.o[0m
[4.418s] [ 23%] [32mBuilding CXX object CMakeFiles/hunav_msgs__rosidl_typesupport_cpp.dir/rosidl_typesupport_cpp/hunav_msgs/srv/compute_agents__type_support.cpp.o[0m
[4.418s] [ 23%] [32mBuilding CXX object CMakeFiles/hunav_msgs__rosidl_typesupport_cpp.dir/rosidl_typesupport_cpp/hunav_msgs/msg/agent__type_support.cpp.o[0m
[4.418s] [ 23%] [32mBuilding CXX object CMakeFiles/hunav_msgs__rosidl_typesupport_cpp.dir/rosidl_typesupport_cpp/hunav_msgs/srv/get_agents__type_support.cpp.o[0m
[4.418s] [ 24%] [32mBuilding CXX object CMakeFiles/hunav_msgs__rosidl_typesupport_cpp.dir/rosidl_typesupport_cpp/hunav_msgs/srv/move_agent__type_support.cpp.o[0m
[4.418s] [ 25%] [32mBuilding CXX object CMakeFiles/hunav_msgs__rosidl_typesupport_cpp.dir/rosidl_typesupport_cpp/hunav_msgs/srv/compute_agent__type_support.cpp.o[0m
[4.424s] [ 26%] [32mBuilding CXX object CMakeFiles/hunav_msgs__rosidl_typesupport_cpp.dir/rosidl_typesupport_cpp/hunav_msgs/srv/get_parameters__type_support.cpp.o[0m
[4.425s] [ 28%] [32mBuilding CXX object CMakeFiles/hunav_msgs__rosidl_typesupport_cpp.dir/rosidl_typesupport_cpp/hunav_msgs/srv/start_evaluation__type_support.cpp.o[0m
[4.425s] [ 28%] [32mBuilding CXX object CMakeFiles/hunav_msgs__rosidl_typesupport_cpp.dir/rosidl_typesupport_cpp/hunav_msgs/msg/agent_behavior__type_support.cpp.o[0m
[4.436s] [ 29%] [32mBuilding CXX object CMakeFiles/hunav_msgs__rosidl_typesupport_cpp.dir/rosidl_typesupport_cpp/hunav_msgs/srv/reset_agents__type_support.cpp.o[0m
[4.813s] [ 30%] [32mBuilding CXX object CMakeFiles/hunav_msgs__rosidl_typesupport_introspection_cpp.dir/rosidl_typesupport_introspection_cpp/hunav_msgs/msg/detail/agent__type_support.cpp.o[0m
[4.874s] [ 31%] [32mBuilding CXX object CMakeFiles/hunav_msgs__rosidl_typesupport_introspection_cpp.dir/rosidl_typesupport_introspection_cpp/hunav_msgs/msg/detail/agents__type_support.cpp.o[0m
[4.909s] [ 32%] [32mBuilding CXX object CMakeFiles/hunav_msgs__rosidl_typesupport_introspection_cpp.dir/rosidl_typesupport_introspection_cpp/hunav_msgs/msg/detail/agent_behavior__type_support.cpp.o[0m
[4.946s] [ 33%] [32mBuilding CXX object CMakeFiles/hunav_msgs__rosidl_typesupport_introspection_cpp.dir/rosidl_typesupport_introspection_cpp/hunav_msgs/srv/detail/compute_agents__type_support.cpp.o[0m
[4.946s] [ 35%] [32mBuilding CXX object CMakeFiles/hunav_msgs__rosidl_typesupport_introspection_cpp.dir/rosidl_typesupport_introspection_cpp/hunav_msgs/srv/detail/move_agent__type_support.cpp.o[0m
[4.946s] [ 36%] [32mBuilding CXX object CMakeFiles/hunav_msgs__rosidl_typesupport_introspection_cpp.dir/rosidl_typesupport_introspection_cpp/hunav_msgs/srv/detail/get_parameters__type_support.cpp.o[0m
[4.946s] [ 36%] [32mBuilding CXX object CMakeFiles/hunav_msgs__rosidl_typesupport_introspection_cpp.dir/rosidl_typesupport_introspection_cpp/hunav_msgs/srv/detail/compute_agent__type_support.cpp.o[0m
[4.947s] [ 37%] [32mBuilding CXX object CMakeFiles/hunav_msgs__rosidl_typesupport_introspection_cpp.dir/rosidl_typesupport_introspection_cpp/hunav_msgs/srv/detail/get_agents__type_support.cpp.o[0m
[4.977s] [ 37%] [32mBuilding CXX object CMakeFiles/hunav_msgs__rosidl_typesupport_c.dir/rosidl_typesupport_c/hunav_msgs/msg/agent__type_support.cpp.o[0m
[4.977s] [ 38%] [32mBuilding CXX object CMakeFiles/hunav_msgs__rosidl_typesupport_introspection_cpp.dir/rosidl_typesupport_introspection_cpp/hunav_msgs/srv/detail/start_evaluation__type_support.cpp.o[0m
[4.979s] [ 39%] [32mBuilding CXX object CMakeFiles/hunav_msgs__rosidl_typesupport_introspection_cpp.dir/rosidl_typesupport_introspection_cpp/hunav_msgs/srv/detail/reset_agents__type_support.cpp.o[0m
[5.036s] [ 40%] [32mBuilding CXX object CMakeFiles/hunav_msgs__rosidl_typesupport_c.dir/rosidl_typesupport_c/hunav_msgs/msg/agents__type_support.cpp.o[0m
[5.074s] [ 41%] [32mBuilding CXX object CMakeFiles/hunav_msgs__rosidl_typesupport_c.dir/rosidl_typesupport_c/hunav_msgs/msg/agent_behavior__type_support.cpp.o[0m
[5.109s] [ 42%] [32mBuilding CXX object CMakeFiles/hunav_msgs__rosidl_typesupport_c.dir/rosidl_typesupport_c/hunav_msgs/srv/compute_agents__type_support.cpp.o[0m
[5.134s] [ 43%] [32mBuilding CXX object CMakeFiles/hunav_msgs__rosidl_typesupport_c.dir/rosidl_typesupport_c/hunav_msgs/srv/compute_agent__type_support.cpp.o[0m
[5.140s] [ 44%] [32m[1mLinking CXX shared library libhunav_msgs__rosidl_typesupport_cpp.so[0m
[5.200s] [ 45%] [32mBuilding CXX object CMakeFiles/hunav_msgs__rosidl_typesupport_c.dir/rosidl_typesupport_c/hunav_msgs/srv/move_agent__type_support.cpp.o[0m
[5.211s] [ 46%] [32mBuilding CXX object CMakeFiles/hunav_msgs__rosidl_typesupport_c.dir/rosidl_typesupport_c/hunav_msgs/srv/get_agents__type_support.cpp.o[0m
[5.235s] [ 46%] Built target hunav_msgs__rosidl_typesupport_cpp
[5.281s] [ 47%] [32mBuilding CXX object CMakeFiles/hunav_msgs__rosidl_typesupport_c.dir/rosidl_typesupport_c/hunav_msgs/srv/get_parameters__type_support.cpp.o[0m
[5.292s] [ 47%] [32mBuilding C object CMakeFiles/hunav_msgs__rosidl_typesupport_introspection_c.dir/rosidl_typesupport_introspection_c/hunav_msgs/msg/detail/agent__type_support.c.o[0m
[5.300s] [ 48%] [32mBuilding CXX object CMakeFiles/hunav_msgs__rosidl_typesupport_c.dir/rosidl_typesupport_c/hunav_msgs/srv/start_evaluation__type_support.cpp.o[0m
[5.301s] [ 49%] [32mBuilding CXX object CMakeFiles/hunav_msgs__rosidl_typesupport_c.dir/rosidl_typesupport_c/hunav_msgs/srv/reset_agents__type_support.cpp.o[0m
[5.327s] [ 50%] [32mBuilding CXX object CMakeFiles/hunav_msgs__rosidl_typesupport_fastrtps_cpp.dir/rosidl_typesupport_fastrtps_cpp/hunav_msgs/msg/detail/dds_fastrtps/agent__type_support.cpp.o[0m
[5.331s] [ 51%] [32mBuilding C object CMakeFiles/hunav_msgs__rosidl_typesupport_introspection_c.dir/rosidl_typesupport_introspection_c/hunav_msgs/msg/detail/agents__type_support.c.o[0m
[5.359s] [ 51%] [32mBuilding CXX object CMakeFiles/hunav_msgs__rosidl_typesupport_fastrtps_c.dir/rosidl_typesupport_fastrtps_c/hunav_msgs/msg/detail/agent__type_support_c.cpp.o[0m
[5.379s] [ 53%] [32m[1mLinking CXX shared library libhunav_msgs__rosidl_typesupport_c.so[0m
[5.382s] [ 53%] [32mBuilding CXX object CMakeFiles/hunav_msgs__rosidl_typesupport_fastrtps_cpp.dir/rosidl_typesupport_fastrtps_cpp/hunav_msgs/msg/detail/dds_fastrtps/agents__type_support.cpp.o[0m
[5.388s] [ 54%] [32mBuilding C object CMakeFiles/hunav_msgs__rosidl_typesupport_introspection_c.dir/rosidl_typesupport_introspection_c/hunav_msgs/msg/detail/agent_behavior__type_support.c.o[0m
[5.419s] [ 55%] [32mBuilding CXX object CMakeFiles/hunav_msgs__rosidl_typesupport_fastrtps_cpp.dir/rosidl_typesupport_fastrtps_cpp/hunav_msgs/msg/detail/dds_fastrtps/agent_behavior__type_support.cpp.o[0m
[5.451s] [ 56%] [32mBuilding C object CMakeFiles/hunav_msgs__rosidl_typesupport_introspection_c.dir/rosidl_typesupport_introspection_c/hunav_msgs/srv/detail/compute_agents__type_support.c.o[0m
[5.528s] [ 56%] Built target hunav_msgs__rosidl_typesupport_c
[5.547s] [ 57%] [32mBuilding C object CMakeFiles/hunav_msgs__rosidl_typesupport_introspection_c.dir/rosidl_typesupport_introspection_c/hunav_msgs/srv/detail/move_agent__type_support.c.o[0m
[5.554s] [ 58%] [32mBuilding C object CMakeFiles/hunav_msgs__rosidl_typesupport_introspection_c.dir/rosidl_typesupport_introspection_c/hunav_msgs/srv/detail/compute_agent__type_support.c.o[0m
[5.565s] [ 59%] [32mBuilding CXX object CMakeFiles/hunav_msgs__rosidl_typesupport_fastrtps_cpp.dir/rosidl_typesupport_fastrtps_cpp/hunav_msgs/srv/detail/dds_fastrtps/compute_agents__type_support.cpp.o[0m
[5.618s] [ 60%] [32mBuilding C object CMakeFiles/hunav_msgs__rosidl_typesupport_introspection_c.dir/rosidl_typesupport_introspection_c/hunav_msgs/srv/detail/get_agents__type_support.c.o[0m
[5.620s] [ 61%] [32mBuilding CXX object CMakeFiles/hunav_msgs__rosidl_typesupport_fastrtps_cpp.dir/rosidl_typesupport_fastrtps_cpp/hunav_msgs/srv/detail/dds_fastrtps/compute_agent__type_support.cpp.o[0m
[5.621s] [ 62%] [32mBuilding CXX object CMakeFiles/hunav_msgs__rosidl_typesupport_fastrtps_c.dir/rosidl_typesupport_fastrtps_c/hunav_msgs/msg/detail/agents__type_support_c.cpp.o[0m
[5.657s] [ 63%] [32mBuilding CXX object CMakeFiles/hunav_msgs__rosidl_typesupport_fastrtps_cpp.dir/rosidl_typesupport_fastrtps_cpp/hunav_msgs/srv/detail/dds_fastrtps/move_agent__type_support.cpp.o[0m
[5.668s] [ 64%] [32mBuilding CXX object CMakeFiles/hunav_msgs__rosidl_typesupport_fastrtps_c.dir/rosidl_typesupport_fastrtps_c/hunav_msgs/msg/detail/agent_behavior__type_support_c.cpp.o[0m
[5.668s] [ 65%] [32mBuilding CXX object CMakeFiles/hunav_msgs__rosidl_typesupport_fastrtps_cpp.dir/rosidl_typesupport_fastrtps_cpp/hunav_msgs/srv/detail/dds_fastrtps/get_agents__type_support.cpp.o[0m
[5.677s] [ 66%] [32mBuilding CXX object CMakeFiles/hunav_msgs__rosidl_typesupport_fastrtps_c.dir/rosidl_typesupport_fastrtps_c/hunav_msgs/srv/detail/compute_agents__type_support_c.cpp.o[0m
[5.696s] [ 67%] [32mBuilding CXX object CMakeFiles/hunav_msgs__rosidl_typesupport_fastrtps_c.dir/rosidl_typesupport_fastrtps_c/hunav_msgs/srv/detail/compute_agent__type_support_c.cpp.o[0m
[5.700s] [ 68%] [32mBuilding C object CMakeFiles/hunav_msgs__rosidl_typesupport_introspection_c.dir/rosidl_typesupport_introspection_c/hunav_msgs/srv/detail/get_parameters__type_support.c.o[0m
[5.743s] [ 69%] [32mBuilding C object CMakeFiles/hunav_msgs__rosidl_typesupport_introspection_c.dir/rosidl_typesupport_introspection_c/hunav_msgs/srv/detail/reset_agents__type_support.c.o[0m
[5.750s] [ 70%] [32mBuilding CXX object CMakeFiles/hunav_msgs__rosidl_typesupport_fastrtps_cpp.dir/rosidl_typesupport_fastrtps_cpp/hunav_msgs/srv/detail/dds_fastrtps/get_parameters__type_support.cpp.o[0m
[5.784s] [ 71%] [32m[1mLinking CXX shared library libhunav_msgs__rosidl_typesupport_introspection_cpp.so[0m
[5.799s] [ 72%] [32mBuilding CXX object CMakeFiles/hunav_msgs__rosidl_typesupport_fastrtps_cpp.dir/rosidl_typesupport_fastrtps_cpp/hunav_msgs/srv/detail/dds_fastrtps/reset_agents__type_support.cpp.o[0m
[5.834s] [ 73%] [32mBuilding C object CMakeFiles/hunav_msgs__rosidl_typesupport_introspection_c.dir/rosidl_typesupport_introspection_c/hunav_msgs/srv/detail/start_evaluation__type_support.c.o[0m
[5.943s] [ 74%] [32m[1mLinking C shared library libhunav_msgs__rosidl_typesupport_introspection_c.so[0m
[6.033s] [ 75%] [32mBuilding CXX object CMakeFiles/hunav_msgs__rosidl_typesupport_fastrtps_c.dir/rosidl_typesupport_fastrtps_c/hunav_msgs/srv/detail/move_agent__type_support_c.cpp.o[0m
[6.067s] [ 75%] Built target hunav_msgs__rosidl_typesupport_introspection_c
[6.091s] [ 75%] Built target hunav_msgs__rosidl_typesupport_introspection_cpp
[6.114s] [ 76%] [32mBuilding CXX object CMakeFiles/hunav_msgs__rosidl_typesupport_fastrtps_c.dir/rosidl_typesupport_fastrtps_c/hunav_msgs/srv/detail/get_agents__type_support_c.cpp.o[0m
[6.117s] [ 77%] [32mBuilding CXX object CMakeFiles/hunav_msgs__rosidl_typesupport_fastrtps_c.dir/rosidl_typesupport_fastrtps_c/hunav_msgs/srv/detail/reset_agents__type_support_c.cpp.o[0m
[6.120s] [ 78%] [32mBuilding CXX object CMakeFiles/hunav_msgs__rosidl_typesupport_fastrtps_c.dir/rosidl_typesupport_fastrtps_c/hunav_msgs/srv/detail/get_parameters__type_support_c.cpp.o[0m
[6.229s] [ 79%] [32mBuilding CXX object CMakeFiles/hunav_msgs__rosidl_typesupport_fastrtps_c.dir/rosidl_typesupport_fastrtps_c/hunav_msgs/srv/detail/start_evaluation__type_support_c.cpp.o[0m
[6.242s] [ 80%] [32mBuilding CXX object CMakeFiles/hunav_msgs__rosidl_typesupport_fastrtps_cpp.dir/rosidl_typesupport_fastrtps_cpp/hunav_msgs/srv/detail/dds_fastrtps/start_evaluation__type_support.cpp.o[0m
[6.720s] [ 81%] [32m[1mLinking CXX shared library libhunav_msgs__rosidl_typesupport_fastrtps_c.so[0m
[6.768s] [ 82%] [32m[1mLinking CXX shared library libhunav_msgs__rosidl_typesupport_fastrtps_cpp.so[0m
[6.805s] [ 82%] Built target hunav_msgs__rosidl_typesupport_fastrtps_c
[6.850s] [ 82%] Built target hunav_msgs__rosidl_typesupport_fastrtps_cpp
[6.872s] [ 82%] Built target hunav_msgs
[6.893s] [ 83%] [34m[1mGenerating Python code for ROS interfaces[0m
[8.323s] [ 83%] Built target hunav_msgs__py
[8.346s] [ 91%] [32mBuilding C object CMakeFiles/hunav_msgs__rosidl_generator_py.dir/rosidl_generator_py/hunav_msgs/srv/_reset_agents_s.c.o[0m
[8.346s] [ 91%] [32mBuilding C object CMakeFiles/hunav_msgs__rosidl_generator_py.dir/rosidl_generator_py/hunav_msgs/msg/_agent_behavior_s.c.o[0m
[8.346s] [ 91%] [32mBuilding C object CMakeFiles/hunav_msgs__rosidl_generator_py.dir/rosidl_generator_py/hunav_msgs/srv/_get_parameters_s.c.o[0m
[8.346s] [ 91%] [32mBuilding C object CMakeFiles/hunav_msgs__rosidl_generator_py.dir/rosidl_generator_py/hunav_msgs/srv/_get_agents_s.c.o[0m
[8.346s] [ 91%] [32mBuilding C object CMakeFiles/hunav_msgs__rosidl_generator_py.dir/rosidl_generator_py/hunav_msgs/msg/_agents_s.c.o[0m
[8.346s] [ 91%] [32mBuilding C object CMakeFiles/hunav_msgs__rosidl_generator_py.dir/rosidl_generator_py/hunav_msgs/msg/_agent_s.c.o[0m
[8.346s] [ 91%] [32mBuilding C object CMakeFiles/hunav_msgs__rosidl_generator_py.dir/rosidl_generator_py/hunav_msgs/srv/_compute_agent_s.c.o[0m
[8.346s] [ 91%] [32mBuilding C object CMakeFiles/hunav_msgs__rosidl_generator_py.dir/rosidl_generator_py/hunav_msgs/srv/_move_agent_s.c.o[0m
[8.346s] [ 92%] [32mBuilding C object CMakeFiles/hunav_msgs__rosidl_generator_py.dir/rosidl_generator_py/hunav_msgs/srv/_compute_agents_s.c.o[0m
[8.348s] [ 93%] [32mBuilding C object CMakeFiles/hunav_msgs__rosidl_generator_py.dir/rosidl_generator_py/hunav_msgs/srv/_start_evaluation_s.c.o[0m
[8.498s] [ 94%] [32m[1mLinking C shared library rosidl_generator_py/hunav_msgs/libhunav_msgs__rosidl_generator_py.so[0m
[8.545s] [ 94%] Built target hunav_msgs__rosidl_generator_py
[8.566s] [ 97%] [32mBuilding C object CMakeFiles/hunav_msgs__rosidl_typesupport_introspection_c__pyext.dir/rosidl_generator_py/hunav_msgs/_hunav_msgs_s.ep.rosidl_typesupport_introspection_c.c.o[0m
[8.567s] [ 97%] [32mBuilding C object CMakeFiles/hunav_msgs__rosidl_typesupport_fastrtps_c__pyext.dir/rosidl_generator_py/hunav_msgs/_hunav_msgs_s.ep.rosidl_typesupport_fastrtps_c.c.o[0m
[8.567s] [ 97%] [32mBuilding C object CMakeFiles/hunav_msgs__rosidl_typesupport_c__pyext.dir/rosidl_generator_py/hunav_msgs/_hunav_msgs_s.ep.rosidl_typesupport_c.c.o[0m
[8.693s] [ 99%] [32m[1mLinking C shared library rosidl_generator_py/hunav_msgs/hunav_msgs_s__rosidl_typesupport_c.cpython-310-x86_64-linux-gnu.so[0m
[8.693s] [ 99%] [32m[1mLinking C shared library rosidl_generator_py/hunav_msgs/hunav_msgs_s__rosidl_typesupport_fastrtps_c.cpython-310-x86_64-linux-gnu.so[0m
[8.693s] [100%] [32m[1mLinking C shared library rosidl_generator_py/hunav_msgs/hunav_msgs_s__rosidl_typesupport_introspection_c.cpython-310-x86_64-linux-gnu.so[0m
[8.734s] [100%] Built target hunav_msgs__rosidl_typesupport_c__pyext
[8.734s] [100%] Built target hunav_msgs__rosidl_typesupport_fastrtps_c__pyext
[8.734s] [100%] Built target hunav_msgs__rosidl_typesupport_introspection_c__pyext
[8.747s] Invoked command in '/home/ambroise/hunav_ws/build/hunav_msgs' returned '0': CMAKE_PREFIX_PATH=${CMAKE_PREFIX_PATH}:/home/ambroise/hunav_ws/install/hunav_behavior_tree_generator:/home/ambroise/hunav_ws/install/hunav_evaluator:/opt/ros/humble /usr/bin/cmake --build /home/ambroise/hunav_ws/build/hunav_msgs -- -j16 -l16
[8.748s] Invoking command in '/home/ambroise/hunav_ws/build/hunav_msgs': CMAKE_PREFIX_PATH=${CMAKE_PREFIX_PATH}:/home/ambroise/hunav_ws/install/hunav_behavior_tree_generator:/home/ambroise/hunav_ws/install/hunav_evaluator:/opt/ros/humble /usr/bin/cmake --install /home/ambroise/hunav_ws/build/hunav_msgs
[8.756s] -- Install configuration: ""
[8.757s] -- Execute custom install script
[8.757s] -- Symlinking: /home/ambroise/hunav_ws/install/hunav_msgs/share/ament_index/resource_index/rosidl_interfaces/hunav_msgs
[8.767s] -- Symlinking: /home/ambroise/hunav_ws/install/hunav_msgs/include/hunav_msgs/hunav_msgs/msg/agent.h
[8.777s] -- Symlinking: /home/ambroise/hunav_ws/install/hunav_msgs/include/hunav_msgs/hunav_msgs/msg/agent_behavior.h
[8.786s] -- Symlinking: /home/ambroise/hunav_ws/install/hunav_msgs/include/hunav_msgs/hunav_msgs/msg/agents.h
[8.795s] -- Symlinking: /home/ambroise/hunav_ws/install/hunav_msgs/include/hunav_msgs/hunav_msgs/msg/detail/agent__functions.h
[8.805s] -- Symlinking: /home/ambroise/hunav_ws/install/hunav_msgs/include/hunav_msgs/hunav_msgs/msg/detail/agent__struct.h
[8.813s] -- Symlinking: /home/ambroise/hunav_ws/install/hunav_msgs/include/hunav_msgs/hunav_msgs/msg/detail/agent__type_support.h
[8.821s] -- Symlinking: /home/ambroise/hunav_ws/install/hunav_msgs/include/hunav_msgs/hunav_msgs/msg/detail/agent_behavior__functions.h
[8.832s] -- Symlinking: /home/ambroise/hunav_ws/install/hunav_msgs/include/hunav_msgs/hunav_msgs/msg/detail/agent_behavior__struct.h
[8.840s] -- Symlinking: /home/ambroise/hunav_ws/install/hunav_msgs/include/hunav_msgs/hunav_msgs/msg/detail/agent_behavior__type_support.h
[8.849s] -- Symlinking: /home/ambroise/hunav_ws/install/hunav_msgs/include/hunav_msgs/hunav_msgs/msg/detail/agents__functions.h
[8.857s] -- Symlinking: /home/ambroise/hunav_ws/install/hunav_msgs/include/hunav_msgs/hunav_msgs/msg/detail/agents__struct.h
[8.869s] -- Symlinking: /home/ambroise/hunav_ws/install/hunav_msgs/include/hunav_msgs/hunav_msgs/msg/detail/agents__type_support.h
[8.879s] -- Symlinking: /home/ambroise/hunav_ws/install/hunav_msgs/include/hunav_msgs/hunav_msgs/msg/rosidl_generator_c__visibility_control.h
[8.888s] -- Symlinking: /home/ambroise/hunav_ws/install/hunav_msgs/include/hunav_msgs/hunav_msgs/srv/compute_agent.h
[8.898s] -- Symlinking: /home/ambroise/hunav_ws/install/hunav_msgs/include/hunav_msgs/hunav_msgs/srv/compute_agents.h
[8.906s] -- Symlinking: /home/ambroise/hunav_ws/install/hunav_msgs/include/hunav_msgs/hunav_msgs/srv/detail/compute_agent__functions.h
[8.915s] -- Symlinking: /home/ambroise/hunav_ws/install/hunav_msgs/include/hunav_msgs/hunav_msgs/srv/detail/compute_agent__struct.h
[8.924s] -- Symlinking: /home/ambroise/hunav_ws/install/hunav_msgs/include/hunav_msgs/hunav_msgs/srv/detail/compute_agent__type_support.h
[8.933s] -- Symlinking: /home/ambroise/hunav_ws/install/hunav_msgs/include/hunav_msgs/hunav_msgs/srv/detail/compute_agents__functions.h
[8.941s] -- Symlinking: /home/ambroise/hunav_ws/install/hunav_msgs/include/hunav_msgs/hunav_msgs/srv/detail/compute_agents__struct.h
[8.950s] -- Symlinking: /home/ambroise/hunav_ws/install/hunav_msgs/include/hunav_msgs/hunav_msgs/srv/detail/compute_agents__type_support.h
[8.960s] -- Symlinking: /home/ambroise/hunav_ws/install/hunav_msgs/include/hunav_msgs/hunav_msgs/srv/detail/get_agents__functions.h
[8.969s] -- Symlinking: /home/ambroise/hunav_ws/install/hunav_msgs/include/hunav_msgs/hunav_msgs/srv/detail/get_agents__struct.h
[8.977s] -- Symlinking: /home/ambroise/hunav_ws/install/hunav_msgs/include/hunav_msgs/hunav_msgs/srv/detail/get_agents__type_support.h
[8.988s] -- Symlinking: /home/ambroise/hunav_ws/install/hunav_msgs/include/hunav_msgs/hunav_msgs/srv/detail/get_parameters__functions.h
[8.998s] -- Symlinking: /home/ambroise/hunav_ws/install/hunav_msgs/include/hunav_msgs/hunav_msgs/srv/detail/get_parameters__struct.h
[9.008s] -- Symlinking: /home/ambroise/hunav_ws/install/hunav_msgs/include/hunav_msgs/hunav_msgs/srv/detail/get_parameters__type_support.h
[9.016s] -- Symlinking: /home/ambroise/hunav_ws/install/hunav_msgs/include/hunav_msgs/hunav_msgs/srv/detail/move_agent__functions.h
[9.026s] -- Symlinking: /home/ambroise/hunav_ws/install/hunav_msgs/include/hunav_msgs/hunav_msgs/srv/detail/move_agent__struct.h
[9.035s] -- Symlinking: /home/ambroise/hunav_ws/install/hunav_msgs/include/hunav_msgs/hunav_msgs/srv/detail/move_agent__type_support.h
[9.043s] -- Symlinking: /home/ambroise/hunav_ws/install/hunav_msgs/include/hunav_msgs/hunav_msgs/srv/detail/reset_agents__functions.h
[9.051s] -- Symlinking: /home/ambroise/hunav_ws/install/hunav_msgs/include/hunav_msgs/hunav_msgs/srv/detail/reset_agents__struct.h
[9.060s] -- Symlinking: /home/ambroise/hunav_ws/install/hunav_msgs/include/hunav_msgs/hunav_msgs/srv/detail/reset_agents__type_support.h
[9.068s] -- Symlinking: /home/ambroise/hunav_ws/install/hunav_msgs/include/hunav_msgs/hunav_msgs/srv/detail/start_evaluation__functions.h
[9.081s] -- Symlinking: /home/ambroise/hunav_ws/install/hunav_msgs/include/hunav_msgs/hunav_msgs/srv/detail/start_evaluation__struct.h
[9.092s] -- Symlinking: /home/ambroise/hunav_ws/install/hunav_msgs/include/hunav_msgs/hunav_msgs/srv/detail/start_evaluation__type_support.h
[9.101s] -- Symlinking: /home/ambroise/hunav_ws/install/hunav_msgs/include/hunav_msgs/hunav_msgs/srv/get_agents.h
[9.111s] -- Symlinking: /home/ambroise/hunav_ws/install/hunav_msgs/include/hunav_msgs/hunav_msgs/srv/get_parameters.h
[9.120s] -- Symlinking: /home/ambroise/hunav_ws/install/hunav_msgs/include/hunav_msgs/hunav_msgs/srv/move_agent.h
[9.129s] -- Symlinking: /home/ambroise/hunav_ws/install/hunav_msgs/include/hunav_msgs/hunav_msgs/srv/reset_agents.h
[9.138s] -- Symlinking: /home/ambroise/hunav_ws/install/hunav_msgs/include/hunav_msgs/hunav_msgs/srv/start_evaluation.h
[9.148s] -- Symlinking: /home/ambroise/hunav_ws/install/hunav_msgs/share/hunav_msgs/environment/library_path.sh
[9.158s] -- Symlinking: /home/ambroise/hunav_ws/install/hunav_msgs/share/hunav_msgs/environment/library_path.dsv
[9.168s] -- Symlinking: /home/ambroise/hunav_ws/install/hunav_msgs/include/hunav_msgs/hunav_msgs/msg/detail/agent__rosidl_typesupport_fastrtps_c.h
[9.179s] -- Symlinking: /home/ambroise/hunav_ws/install/hunav_msgs/include/hunav_msgs/hunav_msgs/msg/detail/agent_behavior__rosidl_typesupport_fastrtps_c.h
[9.189s] -- Symlinking: /home/ambroise/hunav_ws/install/hunav_msgs/include/hunav_msgs/hunav_msgs/msg/detail/agents__rosidl_typesupport_fastrtps_c.h
[9.198s] -- Symlinking: /home/ambroise/hunav_ws/install/hunav_msgs/include/hunav_msgs/hunav_msgs/msg/rosidl_typesupport_fastrtps_c__visibility_control.h
[9.207s] -- Symlinking: /home/ambroise/hunav_ws/install/hunav_msgs/include/hunav_msgs/hunav_msgs/srv/detail/compute_agent__rosidl_typesupport_fastrtps_c.h
[9.216s] -- Symlinking: /home/ambroise/hunav_ws/install/hunav_msgs/include/hunav_msgs/hunav_msgs/srv/detail/compute_agents__rosidl_typesupport_fastrtps_c.h
[9.225s] -- Symlinking: /home/ambroise/hunav_ws/install/hunav_msgs/include/hunav_msgs/hunav_msgs/srv/detail/get_agents__rosidl_typesupport_fastrtps_c.h
[9.234s] -- Symlinking: /home/ambroise/hunav_ws/install/hunav_msgs/include/hunav_msgs/hunav_msgs/srv/detail/get_parameters__rosidl_typesupport_fastrtps_c.h
[9.243s] -- Symlinking: /home/ambroise/hunav_ws/install/hunav_msgs/include/hunav_msgs/hunav_msgs/srv/detail/move_agent__rosidl_typesupport_fastrtps_c.h
[9.252s] -- Symlinking: /home/ambroise/hunav_ws/install/hunav_msgs/include/hunav_msgs/hunav_msgs/srv/detail/reset_agents__rosidl_typesupport_fastrtps_c.h
[9.262s] -- Symlinking: /home/ambroise/hunav_ws/install/hunav_msgs/include/hunav_msgs/hunav_msgs/srv/detail/start_evaluation__rosidl_typesupport_fastrtps_c.h
[9.274s] -- Symlinking: /home/ambroise/hunav_ws/install/hunav_msgs/include/hunav_msgs/hunav_msgs/msg/agent.hpp
[9.284s] -- Symlinking: /home/ambroise/hunav_ws/install/hunav_msgs/include/hunav_msgs/hunav_msgs/msg/agent_behavior.hpp
[9.293s] -- Symlinking: /home/ambroise/hunav_ws/install/hunav_msgs/include/hunav_msgs/hunav_msgs/msg/agents.hpp
[9.302s] -- Symlinking: /home/ambroise/hunav_ws/install/hunav_msgs/include/hunav_msgs/hunav_msgs/msg/detail/agent__builder.hpp
[9.312s] -- Symlinking: /home/ambroise/hunav_ws/install/hunav_msgs/include/hunav_msgs/hunav_msgs/msg/detail/agent__struct.hpp
[9.320s] -- Symlinking: /home/ambroise/hunav_ws/install/hunav_msgs/include/hunav_msgs/hunav_msgs/msg/detail/agent__traits.hpp
[9.329s] -- Symlinking: /home/ambroise/hunav_ws/install/hunav_msgs/include/hunav_msgs/hunav_msgs/msg/detail/agent__type_support.hpp
[9.338s] -- Symlinking: /home/ambroise/hunav_ws/install/hunav_msgs/include/hunav_msgs/hunav_msgs/msg/detail/agent_behavior__builder.hpp
[9.347s] -- Symlinking: /home/ambroise/hunav_ws/install/hunav_msgs/include/hunav_msgs/hunav_msgs/msg/detail/agent_behavior__struct.hpp
[9.354s] -- Symlinking: /home/ambroise/hunav_ws/install/hunav_msgs/include/hunav_msgs/hunav_msgs/msg/detail/agent_behavior__traits.hpp
[9.363s] -- Symlinking: /home/ambroise/hunav_ws/install/hunav_msgs/include/hunav_msgs/hunav_msgs/msg/detail/agent_behavior__type_support.hpp
[9.370s] -- Symlinking: /home/ambroise/hunav_ws/install/hunav_msgs/include/hunav_msgs/hunav_msgs/msg/detail/agents__builder.hpp
[9.379s] -- Symlinking: /home/ambroise/hunav_ws/install/hunav_msgs/include/hunav_msgs/hunav_msgs/msg/detail/agents__struct.hpp
[9.387s] -- Symlinking: /home/ambroise/hunav_ws/install/hunav_msgs/include/hunav_msgs/hunav_msgs/msg/detail/agents__traits.hpp
[9.397s] -- Symlinking: /home/ambroise/hunav_ws/install/hunav_msgs/include/hunav_msgs/hunav_msgs/msg/detail/agents__type_support.hpp
[9.405s] -- Symlinking: /home/ambroise/hunav_ws/install/hunav_msgs/include/hunav_msgs/hunav_msgs/msg/rosidl_generator_cpp__visibility_control.hpp
[9.413s] -- Symlinking: /home/ambroise/hunav_ws/install/hunav_msgs/include/hunav_msgs/hunav_msgs/srv/compute_agent.hpp
[9.422s] -- Symlinking: /home/ambroise/hunav_ws/install/hunav_msgs/include/hunav_msgs/hunav_msgs/srv/compute_agents.hpp
[9.431s] -- Symlinking: /home/ambroise/hunav_ws/install/hunav_msgs/include/hunav_msgs/hunav_msgs/srv/detail/compute_agent__builder.hpp
[9.440s] -- Symlinking: /home/ambroise/hunav_ws/install/hunav_msgs/include/hunav_msgs/hunav_msgs/srv/detail/compute_agent__struct.hpp
[9.449s] -- Symlinking: /home/ambroise/hunav_ws/install/hunav_msgs/include/hunav_msgs/hunav_msgs/srv/detail/compute_agent__traits.hpp
[9.458s] -- Symlinking: /home/ambroise/hunav_ws/install/hunav_msgs/include/hunav_msgs/hunav_msgs/srv/detail/compute_agent__type_support.hpp
[9.467s] -- Symlinking: /home/ambroise/hunav_ws/install/hunav_msgs/include/hunav_msgs/hunav_msgs/srv/detail/compute_agents__builder.hpp
[9.477s] -- Symlinking: /home/ambroise/hunav_ws/install/hunav_msgs/include/hunav_msgs/hunav_msgs/srv/detail/compute_agents__struct.hpp
[9.487s] -- Symlinking: /home/ambroise/hunav_ws/install/hunav_msgs/include/hunav_msgs/hunav_msgs/srv/detail/compute_agents__traits.hpp
[9.496s] -- Symlinking: /home/ambroise/hunav_ws/install/hunav_msgs/include/hunav_msgs/hunav_msgs/srv/detail/compute_agents__type_support.hpp
[9.505s] -- Symlinking: /home/ambroise/hunav_ws/install/hunav_msgs/include/hunav_msgs/hunav_msgs/srv/detail/get_agents__builder.hpp
[9.514s] -- Symlinking: /home/ambroise/hunav_ws/install/hunav_msgs/include/hunav_msgs/hunav_msgs/srv/detail/get_agents__struct.hpp
[9.525s] -- Symlinking: /home/ambroise/hunav_ws/install/hunav_msgs/include/hunav_msgs/hunav_msgs/srv/detail/get_agents__traits.hpp
[9.535s] -- Symlinking: /home/ambroise/hunav_ws/install/hunav_msgs/include/hunav_msgs/hunav_msgs/srv/detail/get_agents__type_support.hpp
[9.544s] -- Symlinking: /home/ambroise/hunav_ws/install/hunav_msgs/include/hunav_msgs/hunav_msgs/srv/detail/get_parameters__builder.hpp
[9.553s] -- Symlinking: /home/ambroise/hunav_ws/install/hunav_msgs/include/hunav_msgs/hunav_msgs/srv/detail/get_parameters__struct.hpp
[9.562s] -- Symlinking: /home/ambroise/hunav_ws/install/hunav_msgs/include/hunav_msgs/hunav_msgs/srv/detail/get_parameters__traits.hpp
[9.571s] -- Symlinking: /home/ambroise/hunav_ws/install/hunav_msgs/include/hunav_msgs/hunav_msgs/srv/detail/get_parameters__type_support.hpp
[9.580s] -- Symlinking: /home/ambroise/hunav_ws/install/hunav_msgs/include/hunav_msgs/hunav_msgs/srv/detail/move_agent__builder.hpp
[9.589s] -- Symlinking: /home/ambroise/hunav_ws/install/hunav_msgs/include/hunav_msgs/hunav_msgs/srv/detail/move_agent__struct.hpp
[9.598s] -- Symlinking: /home/ambroise/hunav_ws/install/hunav_msgs/include/hunav_msgs/hunav_msgs/srv/detail/move_agent__traits.hpp
[9.605s] -- Symlinking: /home/ambroise/hunav_ws/install/hunav_msgs/include/hunav_msgs/hunav_msgs/srv/detail/move_agent__type_support.hpp
[9.613s] -- Symlinking: /home/ambroise/hunav_ws/install/hunav_msgs/include/hunav_msgs/hunav_msgs/srv/detail/reset_agents__builder.hpp
[9.620s] -- Symlinking: /home/ambroise/hunav_ws/install/hunav_msgs/include/hunav_msgs/hunav_msgs/srv/detail/reset_agents__struct.hpp
[9.627s] -- Symlinking: /home/ambroise/hunav_ws/install/hunav_msgs/include/hunav_msgs/hunav_msgs/srv/detail/reset_agents__traits.hpp
[9.637s] -- Symlinking: /home/ambroise/hunav_ws/install/hunav_msgs/include/hunav_msgs/hunav_msgs/srv/detail/reset_agents__type_support.hpp
[9.646s] -- Symlinking: /home/ambroise/hunav_ws/install/hunav_msgs/include/hunav_msgs/hunav_msgs/srv/detail/start_evaluation__builder.hpp
[9.655s] -- Symlinking: /home/ambroise/hunav_ws/install/hunav_msgs/include/hunav_msgs/hunav_msgs/srv/detail/start_evaluation__struct.hpp
[9.666s] -- Symlinking: /home/ambroise/hunav_ws/install/hunav_msgs/include/hunav_msgs/hunav_msgs/srv/detail/start_evaluation__traits.hpp
[9.676s] -- Symlinking: /home/ambroise/hunav_ws/install/hunav_msgs/include/hunav_msgs/hunav_msgs/srv/detail/start_evaluation__type_support.hpp
[9.687s] -- Symlinking: /home/ambroise/hunav_ws/install/hunav_msgs/include/hunav_msgs/hunav_msgs/srv/get_agents.hpp
[9.697s] -- Symlinking: /home/ambroise/hunav_ws/install/hunav_msgs/include/hunav_msgs/hunav_msgs/srv/get_parameters.hpp
[9.707s] -- Symlinking: /home/ambroise/hunav_ws/install/hunav_msgs/include/hunav_msgs/hunav_msgs/srv/move_agent.hpp
[9.717s] -- Symlinking: /home/ambroise/hunav_ws/install/hunav_msgs/include/hunav_msgs/hunav_msgs/srv/reset_agents.hpp
[9.727s] -- Symlinking: /home/ambroise/hunav_ws/install/hunav_msgs/include/hunav_msgs/hunav_msgs/srv/start_evaluation.hpp
[9.737s] -- Symlinking: /home/ambroise/hunav_ws/install/hunav_msgs/include/hunav_msgs/hunav_msgs/msg/detail/agent__rosidl_typesupport_fastrtps_cpp.hpp
[9.746s] -- Symlinking: /home/ambroise/hunav_ws/install/hunav_msgs/include/hunav_msgs/hunav_msgs/msg/detail/agent_behavior__rosidl_typesupport_fastrtps_cpp.hpp
[9.754s] -- Symlinking: /home/ambroise/hunav_ws/install/hunav_msgs/include/hunav_msgs/hunav_msgs/msg/detail/agents__rosidl_typesupport_fastrtps_cpp.hpp
[9.765s] -- Symlinking: /home/ambroise/hunav_ws/install/hunav_msgs/include/hunav_msgs/hunav_msgs/msg/rosidl_typesupport_fastrtps_cpp__visibility_control.h
[9.773s] -- Symlinking: /home/ambroise/hunav_ws/install/hunav_msgs/include/hunav_msgs/hunav_msgs/srv/detail/compute_agent__rosidl_typesupport_fastrtps_cpp.hpp
[9.781s] -- Symlinking: /home/ambroise/hunav_ws/install/hunav_msgs/include/hunav_msgs/hunav_msgs/srv/detail/compute_agents__rosidl_typesupport_fastrtps_cpp.hpp
[9.791s] -- Symlinking: /home/ambroise/hunav_ws/install/hunav_msgs/include/hunav_msgs/hunav_msgs/srv/detail/get_agents__rosidl_typesupport_fastrtps_cpp.hpp
[9.800s] -- Symlinking: /home/ambroise/hunav_ws/install/hunav_msgs/include/hunav_msgs/hunav_msgs/srv/detail/get_parameters__rosidl_typesupport_fastrtps_cpp.hpp
[9.808s] -- Symlinking: /home/ambroise/hunav_ws/install/hunav_msgs/include/hunav_msgs/hunav_msgs/srv/detail/move_agent__rosidl_typesupport_fastrtps_cpp.hpp
[9.817s] -- Symlinking: /home/ambroise/hunav_ws/install/hunav_msgs/include/hunav_msgs/hunav_msgs/srv/detail/reset_agents__rosidl_typesupport_fastrtps_cpp.hpp
[9.826s] -- Symlinking: /home/ambroise/hunav_ws/install/hunav_msgs/include/hunav_msgs/hunav_msgs/srv/detail/start_evaluation__rosidl_typesupport_fastrtps_cpp.hpp
[9.836s] -- Symlinking: /home/ambroise/hunav_ws/install/hunav_msgs/include/hunav_msgs/hunav_msgs/msg/detail/agent__rosidl_typesupport_introspection_c.h
[9.844s] -- Symlinking: /home/ambroise/hunav_ws/install/hunav_msgs/include/hunav_msgs/hunav_msgs/msg/detail/agent_behavior__rosidl_typesupport_introspection_c.h
[9.854s] -- Symlinking: /home/ambroise/hunav_ws/install/hunav_msgs/include/hunav_msgs/hunav_msgs/msg/detail/agents__rosidl_typesupport_introspection_c.h
[9.862s] -- Symlinking: /home/ambroise/hunav_ws/install/hunav_msgs/include/hunav_msgs/hunav_msgs/msg/rosidl_typesupport_introspection_c__visibility_control.h
[9.870s] -- Symlinking: /home/ambroise/hunav_ws/install/hunav_msgs/include/hunav_msgs/hunav_msgs/srv/detail/compute_agent__rosidl_typesupport_introspection_c.h
[9.878s] -- Symlinking: /home/ambroise/hunav_ws/install/hunav_msgs/include/hunav_msgs/hunav_msgs/srv/detail/compute_agents__rosidl_typesupport_introspection_c.h
[9.891s] -- Symlinking: /home/ambroise/hunav_ws/install/hunav_msgs/include/hunav_msgs/hunav_msgs/srv/detail/get_agents__rosidl_typesupport_introspection_c.h
[9.901s] -- Symlinking: /home/ambroise/hunav_ws/install/hunav_msgs/include/hunav_msgs/hunav_msgs/srv/detail/get_parameters__rosidl_typesupport_introspection_c.h
[9.912s] -- Symlinking: /home/ambroise/hunav_ws/install/hunav_msgs/include/hunav_msgs/hunav_msgs/srv/detail/move_agent__rosidl_typesupport_introspection_c.h
[9.923s] -- Symlinking: /home/ambroise/hunav_ws/install/hunav_msgs/include/hunav_msgs/hunav_msgs/srv/detail/reset_agents__rosidl_typesupport_introspection_c.h
[9.932s] -- Symlinking: /home/ambroise/hunav_ws/install/hunav_msgs/include/hunav_msgs/hunav_msgs/srv/detail/start_evaluation__rosidl_typesupport_introspection_c.h
[9.941s] -- Symlinking: /home/ambroise/hunav_ws/install/hunav_msgs/include/hunav_msgs/hunav_msgs/msg/detail/agent__rosidl_typesupport_introspection_cpp.hpp
[9.950s] -- Symlinking: /home/ambroise/hunav_ws/install/hunav_msgs/include/hunav_msgs/hunav_msgs/msg/detail/agent_behavior__rosidl_typesupport_introspection_cpp.hpp
[9.958s] -- Symlinking: /home/ambroise/hunav_ws/install/hunav_msgs/include/hunav_msgs/hunav_msgs/msg/detail/agents__rosidl_typesupport_introspection_cpp.hpp
[9.967s] -- Symlinking: /home/ambroise/hunav_ws/install/hunav_msgs/include/hunav_msgs/hunav_msgs/srv/detail/compute_agent__rosidl_typesupport_introspection_cpp.hpp
[9.976s] -- Symlinking: /home/ambroise/hunav_ws/install/hunav_msgs/include/hunav_msgs/hunav_msgs/srv/detail/compute_agents__rosidl_typesupport_introspection_cpp.hpp
[9.986s] -- Symlinking: /home/ambroise/hunav_ws/install/hunav_msgs/include/hunav_msgs/hunav_msgs/srv/detail/get_agents__rosidl_typesupport_introspection_cpp.hpp
[9.995s] -- Symlinking: /home/ambroise/hunav_ws/install/hunav_msgs/include/hunav_msgs/hunav_msgs/srv/detail/get_parameters__rosidl_typesupport_introspection_cpp.hpp
[10.004s] -- Symlinking: /home/ambroise/hunav_ws/install/hunav_msgs/include/hunav_msgs/hunav_msgs/srv/detail/move_agent__rosidl_typesupport_introspection_cpp.hpp
[10.014s] -- Symlinking: /home/ambroise/hunav_ws/install/hunav_msgs/include/hunav_msgs/hunav_msgs/srv/detail/reset_agents__rosidl_typesupport_introspection_cpp.hpp
[10.023s] -- Symlinking: /home/ambroise/hunav_ws/install/hunav_msgs/include/hunav_msgs/hunav_msgs/srv/detail/start_evaluation__rosidl_typesupport_introspection_cpp.hpp
[10.032s] -- Symlinking: /home/ambroise/hunav_ws/install/hunav_msgs/share/hunav_msgs/environment/pythonpath.sh
[10.041s] -- Symlinking: /home/ambroise/hunav_ws/install/hunav_msgs/share/hunav_msgs/environment/pythonpath.dsv
[10.051s] -- Symlinking: /home/ambroise/hunav_ws/install/hunav_msgs/local/lib/python3.10/dist-packages/hunav_msgs-1.0.0-py3.10.egg-info/PKG-INFO
[10.059s] -- Symlinking: /home/ambroise/hunav_ws/install/hunav_msgs/local/lib/python3.10/dist-packages/hunav_msgs-1.0.0-py3.10.egg-info/SOURCES.txt
[10.070s] -- Symlinking: /home/ambroise/hunav_ws/install/hunav_msgs/local/lib/python3.10/dist-packages/hunav_msgs-1.0.0-py3.10.egg-info/dependency_links.txt
[10.081s] -- Symlinking: /home/ambroise/hunav_ws/install/hunav_msgs/local/lib/python3.10/dist-packages/hunav_msgs-1.0.0-py3.10.egg-info/top_level.txt
[10.092s] -- Symlinking: /home/ambroise/hunav_ws/install/hunav_msgs/local/lib/python3.10/dist-packages/hunav_msgs/__init__.py
[10.102s] -- Symlinking: /home/ambroise/hunav_ws/install/hunav_msgs/local/lib/python3.10/dist-packages/hunav_msgs/_hunav_msgs_s.ep.rosidl_typesupport_c.c
[10.112s] -- Symlinking: /home/ambroise/hunav_ws/install/hunav_msgs/local/lib/python3.10/dist-packages/hunav_msgs/_hunav_msgs_s.ep.rosidl_typesupport_fastrtps_c.c
[10.122s] -- Symlinking: /home/ambroise/hunav_ws/install/hunav_msgs/local/lib/python3.10/dist-packages/hunav_msgs/_hunav_msgs_s.ep.rosidl_typesupport_introspection_c.c
[10.131s] -- Symlinking: /home/ambroise/hunav_ws/install/hunav_msgs/local/lib/python3.10/dist-packages/hunav_msgs/hunav_msgs_s__rosidl_typesupport_c.cpython-310-x86_64-linux-gnu.so
[10.139s] -- Symlinking: /home/ambroise/hunav_ws/install/hunav_msgs/local/lib/python3.10/dist-packages/hunav_msgs/hunav_msgs_s__rosidl_typesupport_fastrtps_c.cpython-310-x86_64-linux-gnu.so
[10.149s] -- Symlinking: /home/ambroise/hunav_ws/install/hunav_msgs/local/lib/python3.10/dist-packages/hunav_msgs/hunav_msgs_s__rosidl_typesupport_introspection_c.cpython-310-x86_64-linux-gnu.so
[10.158s] -- Symlinking: /home/ambroise/hunav_ws/install/hunav_msgs/local/lib/python3.10/dist-packages/hunav_msgs/libhunav_msgs__rosidl_generator_py.so
[10.168s] -- Symlinking: /home/ambroise/hunav_ws/install/hunav_msgs/local/lib/python3.10/dist-packages/hunav_msgs/msg/__init__.py
[10.178s] -- Symlinking: /home/ambroise/hunav_ws/install/hunav_msgs/local/lib/python3.10/dist-packages/hunav_msgs/msg/_agent.py
[10.187s] -- Symlinking: /home/ambroise/hunav_ws/install/hunav_msgs/local/lib/python3.10/dist-packages/hunav_msgs/msg/_agent_behavior.py
[10.195s] -- Symlinking: /home/ambroise/hunav_ws/install/hunav_msgs/local/lib/python3.10/dist-packages/hunav_msgs/msg/_agent_behavior_s.c
[10.205s] -- Symlinking: /home/ambroise/hunav_ws/install/hunav_msgs/local/lib/python3.10/dist-packages/hunav_msgs/msg/_agent_s.c
[10.215s] -- Symlinking: /home/ambroise/hunav_ws/install/hunav_msgs/local/lib/python3.10/dist-packages/hunav_msgs/msg/_agents.py
[10.224s] -- Symlinking: /home/ambroise/hunav_ws/install/hunav_msgs/local/lib/python3.10/dist-packages/hunav_msgs/msg/_agents_s.c
[10.233s] -- Symlinking: /home/ambroise/hunav_ws/install/hunav_msgs/local/lib/python3.10/dist-packages/hunav_msgs/srv/__init__.py
[10.243s] -- Symlinking: /home/ambroise/hunav_ws/install/hunav_msgs/local/lib/python3.10/dist-packages/hunav_msgs/srv/_compute_agent.py
[10.252s] -- Symlinking: /home/ambroise/hunav_ws/install/hunav_msgs/local/lib/python3.10/dist-packages/hunav_msgs/srv/_compute_agent_s.c
[10.262s] -- Symlinking: /home/ambroise/hunav_ws/install/hunav_msgs/local/lib/python3.10/dist-packages/hunav_msgs/srv/_compute_agents.py
[10.271s] -- Symlinking: /home/ambroise/hunav_ws/install/hunav_msgs/local/lib/python3.10/dist-packages/hunav_msgs/srv/_compute_agents_s.c
[10.281s] -- Symlinking: /home/ambroise/hunav_ws/install/hunav_msgs/local/lib/python3.10/dist-packages/hunav_msgs/srv/_get_agents.py
[10.293s] -- Symlinking: /home/ambroise/hunav_ws/install/hunav_msgs/local/lib/python3.10/dist-packages/hunav_msgs/srv/_get_agents_s.c
[10.305s] -- Symlinking: /home/ambroise/hunav_ws/install/hunav_msgs/local/lib/python3.10/dist-packages/hunav_msgs/srv/_get_parameters.py
[10.315s] -- Symlinking: /home/ambroise/hunav_ws/install/hunav_msgs/local/lib/python3.10/dist-packages/hunav_msgs/srv/_get_parameters_s.c
[10.324s] -- Symlinking: /home/ambroise/hunav_ws/install/hunav_msgs/local/lib/python3.10/dist-packages/hunav_msgs/srv/_move_agent.py
[10.335s] -- Symlinking: /home/ambroise/hunav_ws/install/hunav_msgs/local/lib/python3.10/dist-packages/hunav_msgs/srv/_move_agent_s.c
[10.344s] -- Symlinking: /home/ambroise/hunav_ws/install/hunav_msgs/local/lib/python3.10/dist-packages/hunav_msgs/srv/_reset_agents.py
[10.354s] -- Symlinking: /home/ambroise/hunav_ws/install/hunav_msgs/local/lib/python3.10/dist-packages/hunav_msgs/srv/_reset_agents_s.c
[10.363s] -- Symlinking: /home/ambroise/hunav_ws/install/hunav_msgs/local/lib/python3.10/dist-packages/hunav_msgs/srv/_start_evaluation.py
[10.372s] -- Symlinking: /home/ambroise/hunav_ws/install/hunav_msgs/local/lib/python3.10/dist-packages/hunav_msgs/srv/_start_evaluation_s.c
[10.384s] -- Up-to-date symlink: /home/ambroise/hunav_ws/install/hunav_msgs/local/lib/python3.10/dist-packages/hunav_msgs/hunav_msgs_s__rosidl_typesupport_fastrtps_c.cpython-310-x86_64-linux-gnu.so
[10.384s] -- Up-to-date symlink: /home/ambroise/hunav_ws/install/hunav_msgs/local/lib/python3.10/dist-packages/hunav_msgs/hunav_msgs_s__rosidl_typesupport_introspection_c.cpython-310-x86_64-linux-gnu.so
[10.384s] -- Up-to-date symlink: /home/ambroise/hunav_ws/install/hunav_msgs/local/lib/python3.10/dist-packages/hunav_msgs/hunav_msgs_s__rosidl_typesupport_c.cpython-310-x86_64-linux-gnu.so
[10.384s] -- Symlinking: /home/ambroise/hunav_ws/install/hunav_msgs/share/ament_index/resource_index/rust_packages/hunav_msgs
[10.394s] -- Symlinking: /home/ambroise/hunav_ws/install/hunav_msgs/share/hunav_msgs/rust/Cargo.toml
[10.404s] -- Symlinking: /home/ambroise/hunav_ws/install/hunav_msgs/share/hunav_msgs/rust/build.rs
[10.411s] -- Symlinking: /home/ambroise/hunav_ws/install/hunav_msgs/share/hunav_msgs/rust/src/lib.rs
[10.419s] -- Symlinking: /home/ambroise/hunav_ws/install/hunav_msgs/share/hunav_msgs/rust/src/msg.rs
[10.428s] -- Symlinking: /home/ambroise/hunav_ws/install/hunav_msgs/share/hunav_msgs/rust/src/msg/rmw.rs
[10.437s] -- Symlinking: /home/ambroise/hunav_ws/install/hunav_msgs/share/hunav_msgs/rust/src/srv.rs
[10.444s] -- Symlinking: /home/ambroise/hunav_ws/install/hunav_msgs/share/hunav_msgs/rust/src/srv/rmw.rs
[10.452s] -- Symlinking: /home/ambroise/hunav_ws/install/hunav_msgs/share/hunav_msgs/msg/Agent.idl
[10.463s] -- Symlinking: /home/ambroise/hunav_ws/install/hunav_msgs/share/hunav_msgs/msg/Agents.idl
[10.473s] -- Symlinking: /home/ambroise/hunav_ws/install/hunav_msgs/share/hunav_msgs/msg/AgentBehavior.idl
[10.482s] -- Symlinking: /home/ambroise/hunav_ws/install/hunav_msgs/share/hunav_msgs/srv/ComputeAgents.idl
[10.491s] -- Symlinking: /home/ambroise/hunav_ws/install/hunav_msgs/share/hunav_msgs/srv/ComputeAgent.idl
[10.502s] -- Symlinking: /home/ambroise/hunav_ws/install/hunav_msgs/share/hunav_msgs/srv/MoveAgent.idl
[10.513s] -- Symlinking: /home/ambroise/hunav_ws/install/hunav_msgs/share/hunav_msgs/srv/GetAgents.idl
[10.521s] -- Symlinking: /home/ambroise/hunav_ws/install/hunav_msgs/share/hunav_msgs/srv/GetParameters.idl
[10.530s] -- Symlinking: /home/ambroise/hunav_ws/install/hunav_msgs/share/hunav_msgs/srv/ResetAgents.idl
[10.539s] -- Symlinking: /home/ambroise/hunav_ws/install/hunav_msgs/share/hunav_msgs/srv/StartEvaluation.idl
[10.548s] -- Symlinking: /home/ambroise/hunav_ws/install/hunav_msgs/share/hunav_msgs/msg/Agent.msg
[10.558s] -- Symlinking: /home/ambroise/hunav_ws/install/hunav_msgs/share/hunav_msgs/msg/Agents.msg
[10.568s] -- Symlinking: /home/ambroise/hunav_ws/install/hunav_msgs/share/hunav_msgs/msg/AgentBehavior.msg
[10.578s] -- Symlinking: /home/ambroise/hunav_ws/install/hunav_msgs/share/hunav_msgs/srv/ComputeAgents.srv
[10.587s] -- Symlinking: /home/ambroise/hunav_ws/install/hunav_msgs/share/hunav_msgs/srv/ComputeAgents_Request.msg
[10.596s] -- Symlinking: /home/ambroise/hunav_ws/install/hunav_msgs/share/hunav_msgs/srv/ComputeAgents_Response.msg
[10.605s] -- Symlinking: /home/ambroise/hunav_ws/install/hunav_msgs/share/hunav_msgs/srv/ComputeAgent.srv
[10.613s] -- Symlinking: /home/ambroise/hunav_ws/install/hunav_msgs/share/hunav_msgs/srv/ComputeAgent_Request.msg
[10.621s] -- Symlinking: /home/ambroise/hunav_ws/install/hunav_msgs/share/hunav_msgs/srv/ComputeAgent_Response.msg
[10.629s] -- Symlinking: /home/ambroise/hunav_ws/install/hunav_msgs/share/hunav_msgs/srv/MoveAgent.srv
[10.637s] -- Symlinking: /home/ambroise/hunav_ws/install/hunav_msgs/share/hunav_msgs/srv/MoveAgent_Request.msg
[10.646s] -- Symlinking: /home/ambroise/hunav_ws/install/hunav_msgs/share/hunav_msgs/srv/MoveAgent_Response.msg
[10.655s] -- Symlinking: /home/ambroise/hunav_ws/install/hunav_msgs/share/hunav_msgs/srv/GetAgents.srv
[10.664s] -- Symlinking: /home/ambroise/hunav_ws/install/hunav_msgs/share/hunav_msgs/srv/GetAgents_Request.msg
[10.672s] -- Symlinking: /home/ambroise/hunav_ws/install/hunav_msgs/share/hunav_msgs/srv/GetAgents_Response.msg
[10.679s] -- Symlinking: /home/ambroise/hunav_ws/install/hunav_msgs/share/hunav_msgs/srv/GetParameters.srv
[10.689s] -- Symlinking: /home/ambroise/hunav_ws/install/hunav_msgs/share/hunav_msgs/srv/GetParameters_Request.msg
[10.699s] -- Symlinking: /home/ambroise/hunav_ws/install/hunav_msgs/share/hunav_msgs/srv/GetParameters_Response.msg
[10.709s] -- Symlinking: /home/ambroise/hunav_ws/install/hunav_msgs/share/hunav_msgs/srv/ResetAgents.srv
[10.720s] -- Symlinking: /home/ambroise/hunav_ws/install/hunav_msgs/share/hunav_msgs/srv/ResetAgents_Request.msg
[10.729s] -- Symlinking: /home/ambroise/hunav_ws/install/hunav_msgs/share/hunav_msgs/srv/ResetAgents_Response.msg
[10.738s] -- Symlinking: /home/ambroise/hunav_ws/install/hunav_msgs/share/hunav_msgs/srv/StartEvaluation.srv
[10.746s] -- Symlinking: /home/ambroise/hunav_ws/install/hunav_msgs/share/hunav_msgs/srv/StartEvaluation_Request.msg
[10.757s] -- Symlinking: /home/ambroise/hunav_ws/install/hunav_msgs/share/hunav_msgs/srv/StartEvaluation_Response.msg
[10.765s] -- Symlinking: /home/ambroise/hunav_ws/install/hunav_msgs/share/ament_index/resource_index/package_run_dependencies/hunav_msgs
[10.773s] -- Symlinking: /home/ambroise/hunav_ws/install/hunav_msgs/share/ament_index/resource_index/parent_prefix_path/hunav_msgs
[10.784s] -- Symlinking: /home/ambroise/hunav_ws/install/hunav_msgs/share/hunav_msgs/environment/ament_prefix_path.sh
[10.794s] -- Symlinking: /home/ambroise/hunav_ws/install/hunav_msgs/share/hunav_msgs/environment/ament_prefix_path.dsv
[10.801s] -- Symlinking: /home/ambroise/hunav_ws/install/hunav_msgs/share/hunav_msgs/environment/path.sh
[10.810s] -- Symlinking: /home/ambroise/hunav_ws/install/hunav_msgs/share/hunav_msgs/environment/path.dsv
[10.819s] -- Symlinking: /home/ambroise/hunav_ws/install/hunav_msgs/share/hunav_msgs/local_setup.bash
[10.826s] -- Symlinking: /home/ambroise/hunav_ws/install/hunav_msgs/share/hunav_msgs/local_setup.sh
[10.833s] -- Symlinking: /home/ambroise/hunav_ws/install/hunav_msgs/share/hunav_msgs/local_setup.zsh
[10.842s] -- Symlinking: /home/ambroise/hunav_ws/install/hunav_msgs/share/hunav_msgs/local_setup.dsv
[10.851s] -- Symlinking: /home/ambroise/hunav_ws/install/hunav_msgs/share/hunav_msgs/package.dsv
[10.859s] -- Symlinking: /home/ambroise/hunav_ws/install/hunav_msgs/share/ament_index/resource_index/packages/hunav_msgs
[10.866s] -- Symlinking: /home/ambroise/hunav_ws/install/hunav_msgs/share/hunav_msgs/cmake/rosidl_cmake-extras.cmake
[10.875s] -- Symlinking: /home/ambroise/hunav_ws/install/hunav_msgs/share/hunav_msgs/cmake/ament_cmake_export_dependencies-extras.cmake
[10.887s] -- Symlinking: /home/ambroise/hunav_ws/install/hunav_msgs/share/hunav_msgs/cmake/ament_cmake_export_include_directories-extras.cmake
[10.896s] -- Symlinking: /home/ambroise/hunav_ws/install/hunav_msgs/share/hunav_msgs/cmake/ament_cmake_export_libraries-extras.cmake
[10.907s] -- Symlinking: /home/ambroise/hunav_ws/install/hunav_msgs/share/hunav_msgs/cmake/ament_cmake_export_targets-extras.cmake
[10.918s] -- Symlinking: /home/ambroise/hunav_ws/install/hunav_msgs/share/hunav_msgs/cmake/rosidl_cmake_export_typesupport_targets-extras.cmake
[10.926s] -- Symlinking: /home/ambroise/hunav_ws/install/hunav_msgs/share/hunav_msgs/cmake/rosidl_cmake_export_typesupport_libraries-extras.cmake
[10.934s] -- Symlinking: /home/ambroise/hunav_ws/install/hunav_msgs/share/hunav_msgs/cmake/hunav_msgsConfig.cmake
[10.943s] -- Symlinking: /home/ambroise/hunav_ws/install/hunav_msgs/share/hunav_msgs/cmake/hunav_msgsConfig-version.cmake
[10.953s] -- Symlinking: /home/ambroise/hunav_ws/install/hunav_msgs/share/hunav_msgs/package.xml
[10.962s] -- Installing: /home/ambroise/hunav_ws/install/hunav_msgs/lib/libhunav_msgs__rosidl_generator_c.so
[10.962s] -- Set runtime path of "/home/ambroise/hunav_ws/install/hunav_msgs/lib/libhunav_msgs__rosidl_generator_c.so" to ""
[10.962s] -- Installing: /home/ambroise/hunav_ws/install/hunav_msgs/lib/libhunav_msgs__rosidl_typesupport_fastrtps_c.so
[10.963s] -- Set runtime path of "/home/ambroise/hunav_ws/install/hunav_msgs/lib/libhunav_msgs__rosidl_typesupport_fastrtps_c.so" to ""
[10.963s] -- Installing: /home/ambroise/hunav_ws/install/hunav_msgs/lib/libhunav_msgs__rosidl_typesupport_fastrtps_cpp.so
[10.964s] -- Set runtime path of "/home/ambroise/hunav_ws/install/hunav_msgs/lib/libhunav_msgs__rosidl_typesupport_fastrtps_cpp.so" to ""
[10.964s] -- Installing: /home/ambroise/hunav_ws/install/hunav_msgs/lib/libhunav_msgs__rosidl_typesupport_introspection_c.so
[10.964s] -- Set runtime path of "/home/ambroise/hunav_ws/install/hunav_msgs/lib/libhunav_msgs__rosidl_typesupport_introspection_c.so" to ""
[10.964s] -- Installing: /home/ambroise/hunav_ws/install/hunav_msgs/lib/libhunav_msgs__rosidl_typesupport_c.so
[10.965s] -- Set runtime path of "/home/ambroise/hunav_ws/install/hunav_msgs/lib/libhunav_msgs__rosidl_typesupport_c.so" to ""
[10.965s] -- Installing: /home/ambroise/hunav_ws/install/hunav_msgs/lib/libhunav_msgs__rosidl_typesupport_introspection_cpp.so
[10.966s] -- Set runtime path of "/home/ambroise/hunav_ws/install/hunav_msgs/lib/libhunav_msgs__rosidl_typesupport_introspection_cpp.so" to ""
[10.966s] -- Installing: /home/ambroise/hunav_ws/install/hunav_msgs/lib/libhunav_msgs__rosidl_typesupport_cpp.so
[10.966s] -- Set runtime path of "/home/ambroise/hunav_ws/install/hunav_msgs/lib/libhunav_msgs__rosidl_typesupport_cpp.so" to ""
[11.006s] Listing '/home/ambroise/hunav_ws/install/hunav_msgs/local/lib/python3.10/dist-packages/hunav_msgs'...
[11.006s] Compiling '/home/ambroise/hunav_ws/install/hunav_msgs/local/lib/python3.10/dist-packages/hunav_msgs/__init__.py'...
[11.006s] Listing '/home/ambroise/hunav_ws/install/hunav_msgs/local/lib/python3.10/dist-packages/hunav_msgs/msg'...
[11.006s] Compiling '/home/ambroise/hunav_ws/install/hunav_msgs/local/lib/python3.10/dist-packages/hunav_msgs/msg/__init__.py'...
[11.006s] Compiling '/home/ambroise/hunav_ws/install/hunav_msgs/local/lib/python3.10/dist-packages/hunav_msgs/msg/_agent.py'...
[11.006s] Compiling '/home/ambroise/hunav_ws/install/hunav_msgs/local/lib/python3.10/dist-packages/hunav_msgs/msg/_agent_behavior.py'...
[11.006s] Compiling '/home/ambroise/hunav_ws/install/hunav_msgs/local/lib/python3.10/dist-packages/hunav_msgs/msg/_agents.py'...
[11.006s] Listing '/home/ambroise/hunav_ws/install/hunav_msgs/local/lib/python3.10/dist-packages/hunav_msgs/srv'...
[11.006s] Compiling '/home/ambroise/hunav_ws/install/hunav_msgs/local/lib/python3.10/dist-packages/hunav_msgs/srv/__init__.py'...
[11.006s] Compiling '/home/ambroise/hunav_ws/install/hunav_msgs/local/lib/python3.10/dist-packages/hunav_msgs/srv/_compute_agent.py'...
[11.006s] Compiling '/home/ambroise/hunav_ws/install/hunav_msgs/local/lib/python3.10/dist-packages/hunav_msgs/srv/_compute_agents.py'...
[11.007s] Compiling '/home/ambroise/hunav_ws/install/hunav_msgs/local/lib/python3.10/dist-packages/hunav_msgs/srv/_get_agents.py'...
[11.007s] Compiling '/home/ambroise/hunav_ws/install/hunav_msgs/local/lib/python3.10/dist-packages/hunav_msgs/srv/_get_parameters.py'...
[11.007s] Compiling '/home/ambroise/hunav_ws/install/hunav_msgs/local/lib/python3.10/dist-packages/hunav_msgs/srv/_move_agent.py'...
[11.007s] Compiling '/home/ambroise/hunav_ws/install/hunav_msgs/local/lib/python3.10/dist-packages/hunav_msgs/srv/_reset_agents.py'...
[11.007s] Compiling '/home/ambroise/hunav_ws/install/hunav_msgs/local/lib/python3.10/dist-packages/hunav_msgs/srv/_start_evaluation.py'...
[11.009s] -- Installing: /home/ambroise/hunav_ws/install/hunav_msgs/lib/libhunav_msgs__rosidl_generator_py.so
[11.010s] -- Set runtime path of "/home/ambroise/hunav_ws/install/hunav_msgs/lib/libhunav_msgs__rosidl_generator_py.so" to ""
[11.010s] -- Installing: /home/ambroise/hunav_ws/install/hunav_msgs/share/hunav_msgs/cmake/export_hunav_msgs__rosidl_generator_cExport.cmake
[11.010s] -- Installing: /home/ambroise/hunav_ws/install/hunav_msgs/share/hunav_msgs/cmake/export_hunav_msgs__rosidl_generator_cExport-noconfig.cmake
[11.010s] -- Installing: /home/ambroise/hunav_ws/install/hunav_msgs/share/hunav_msgs/cmake/export_hunav_msgs__rosidl_typesupport_fastrtps_cExport.cmake
[11.011s] -- Installing: /home/ambroise/hunav_ws/install/hunav_msgs/share/hunav_msgs/cmake/export_hunav_msgs__rosidl_typesupport_fastrtps_cExport-noconfig.cmake
[11.011s] -- Installing: /home/ambroise/hunav_ws/install/hunav_msgs/share/hunav_msgs/cmake/export_hunav_msgs__rosidl_generator_cppExport.cmake
[11.011s] -- Installing: /home/ambroise/hunav_ws/install/hunav_msgs/share/hunav_msgs/cmake/export_hunav_msgs__rosidl_typesupport_fastrtps_cppExport.cmake
[11.011s] -- Installing: /home/ambroise/hunav_ws/install/hunav_msgs/share/hunav_msgs/cmake/export_hunav_msgs__rosidl_typesupport_fastrtps_cppExport-noconfig.cmake
[11.011s] -- Installing: /home/ambroise/hunav_ws/install/hunav_msgs/share/hunav_msgs/cmake/hunav_msgs__rosidl_typesupport_introspection_cExport.cmake
[11.011s] -- Installing: /home/ambroise/hunav_ws/install/hunav_msgs/share/hunav_msgs/cmake/hunav_msgs__rosidl_typesupport_introspection_cExport-noconfig.cmake
[11.011s] -- Installing: /home/ambroise/hunav_ws/install/hunav_msgs/share/hunav_msgs/cmake/hunav_msgs__rosidl_typesupport_cExport.cmake
[11.012s] -- Installing: /home/ambroise/hunav_ws/install/hunav_msgs/share/hunav_msgs/cmake/hunav_msgs__rosidl_typesupport_cExport-noconfig.cmake
[11.012s] -- Installing: /home/ambroise/hunav_ws/install/hunav_msgs/share/hunav_msgs/cmake/hunav_msgs__rosidl_typesupport_introspection_cppExport.cmake
[11.012s] -- Installing: /home/ambroise/hunav_ws/install/hunav_msgs/share/hunav_msgs/cmake/hunav_msgs__rosidl_typesupport_introspection_cppExport-noconfig.cmake
[11.012s] -- Installing: /home/ambroise/hunav_ws/install/hunav_msgs/share/hunav_msgs/cmake/hunav_msgs__rosidl_typesupport_cppExport.cmake
[11.012s] -- Installing: /home/ambroise/hunav_ws/install/hunav_msgs/share/hunav_msgs/cmake/hunav_msgs__rosidl_typesupport_cppExport-noconfig.cmake
[11.012s] -- Installing: /home/ambroise/hunav_ws/install/hunav_msgs/share/hunav_msgs/cmake/export_hunav_msgs__rosidl_generator_pyExport.cmake
[11.012s] -- Installing: /home/ambroise/hunav_ws/install/hunav_msgs/share/hunav_msgs/cmake/export_hunav_msgs__rosidl_generator_pyExport-noconfig.cmake
[11.016s] Invoked command in '/home/ambroise/hunav_ws/build/hunav_msgs' returned '0': CMAKE_PREFIX_PATH=${CMAKE_PREFIX_PATH}:/home/ambroise/hunav_ws/install/hunav_behavior_tree_generator:/home/ambroise/hunav_ws/install/hunav_evaluator:/opt/ros/humble /usr/bin/cmake --install /home/ambroise/hunav_ws/build/hunav_msgs
