[0.017s] Invoking command in '/home/ambroise/hunav_ws/build/hunav_msgs': CMAKE_PREFIX_PATH=${CMAKE_PREFIX_PATH}:/home/ambroise/hunav_ws/install/hunav_behavior_tree_generator:/home/ambroise/hunav_ws/install/hunav_evaluator:/opt/ros/humble /usr/bin/cmake --build /home/ambroise/hunav_ws/build/hunav_msgs -- -j16 -l16
[0.111s] [35m[1mConsolidate compiler generated dependencies of target hunav_msgs__rosidl_generator_c[0m
[0.120s] [  1%] Built target hunav_msgs__rs
[0.120s] [  1%] Built target hunav_msgs__cpp
[0.137s] [  2%] Built target ament_cmake_python_symlink_hunav_msgs
[0.137s] [ 13%] Built target hunav_msgs__rosidl_generator_c
[0.148s] [35m[1mConsolidate compiler generated dependencies of target hunav_msgs__rosidl_typesupport_cpp[0m
[0.149s] [35m[1mConsolidate compiler generated dependencies of target hunav_msgs__rosidl_typesupport_introspection_cpp[0m
[0.155s] [35m[1mConsolidate compiler generated dependencies of target hunav_msgs__rosidl_typesupport_fastrtps_cpp[0m
[0.171s] [35m[1mConsolidate compiler generated dependencies of target hunav_msgs__rosidl_typesupport_c[0m
[0.174s] [35m[1mConsolidate compiler generated dependencies of target hunav_msgs__rosidl_typesupport_introspection_c[0m
[0.178s] [35m[1mConsolidate compiler generated dependencies of target hunav_msgs__rosidl_typesupport_fastrtps_c[0m
[0.191s] [ 36%] Built target hunav_msgs__rosidl_typesupport_introspection_cpp
[0.191s] [ 37%] Built target hunav_msgs__rosidl_typesupport_cpp
[0.191s] [ 53%] Built target hunav_msgs__rosidl_typesupport_fastrtps_cpp
[0.191s] [ 60%] Built target hunav_msgs__rosidl_typesupport_c
[0.199s] [ 71%] Built target hunav_msgs__rosidl_typesupport_introspection_c
[0.209s] [ 82%] Built target hunav_msgs__rosidl_typesupport_fastrtps_c
[0.247s] [ 82%] Built target hunav_msgs
[0.284s] [ 83%] Built target hunav_msgs__py
[0.305s] [35m[1mConsolidate compiler generated dependencies of target hunav_msgs__rosidl_generator_py[0m
[0.326s] [ 94%] Built target hunav_msgs__rosidl_generator_py
[0.348s] [35m[1mConsolidate compiler generated dependencies of target hunav_msgs__rosidl_typesupport_introspection_c__pyext[0m
[0.348s] [35m[1mConsolidate compiler generated dependencies of target hunav_msgs__rosidl_typesupport_fastrtps_c__pyext[0m
[0.348s] [35m[1mConsolidate compiler generated dependencies of target hunav_msgs__rosidl_typesupport_c__pyext[0m
[0.367s] [100%] Built target hunav_msgs__rosidl_typesupport_fastrtps_c__pyext
[0.367s] [100%] Built target hunav_msgs__rosidl_typesupport_introspection_c__pyext
[0.367s] [100%] Built target hunav_msgs__rosidl_typesupport_c__pyext
[0.413s] running egg_info
[0.414s] writing hunav_msgs.egg-info/PKG-INFO
[0.414s] writing dependency_links to hunav_msgs.egg-info/dependency_links.txt
[0.414s] writing top-level names to hunav_msgs.egg-info/top_level.txt
[0.417s] reading manifest file 'hunav_msgs.egg-info/SOURCES.txt'
[0.417s] writing manifest file 'hunav_msgs.egg-info/SOURCES.txt'
[0.480s] [100%] Built target ament_cmake_python_build_hunav_msgs_egg
[0.498s] Invoked command in '/home/ambroise/hunav_ws/build/hunav_msgs' returned '0': CMAKE_PREFIX_PATH=${CMAKE_PREFIX_PATH}:/home/ambroise/hunav_ws/install/hunav_behavior_tree_generator:/home/ambroise/hunav_ws/install/hunav_evaluator:/opt/ros/humble /usr/bin/cmake --build /home/ambroise/hunav_ws/build/hunav_msgs -- -j16 -l16
[0.513s] Invoking command in '/home/ambroise/hunav_ws/build/hunav_msgs': CMAKE_PREFIX_PATH=${CMAKE_PREFIX_PATH}:/home/ambroise/hunav_ws/install/hunav_behavior_tree_generator:/home/ambroise/hunav_ws/install/hunav_evaluator:/opt/ros/humble /usr/bin/cmake --install /home/ambroise/hunav_ws/build/hunav_msgs
[0.525s] -- Install configuration: ""
[0.526s] -- Execute custom install script
[0.526s] -- Up-to-date symlink: /home/ambroise/hunav_ws/install/hunav_msgs/share/ament_index/resource_index/rosidl_interfaces/hunav_msgs
[0.527s] -- Up-to-date symlink: /home/ambroise/hunav_ws/install/hunav_msgs/include/hunav_msgs/hunav_msgs/msg/agent.h
[0.527s] -- Up-to-date symlink: /home/ambroise/hunav_ws/install/hunav_msgs/include/hunav_msgs/hunav_msgs/msg/agent_behavior.h
[0.528s] -- Up-to-date symlink: /home/ambroise/hunav_ws/install/hunav_msgs/include/hunav_msgs/hunav_msgs/msg/agents.h
[0.528s] -- Up-to-date symlink: /home/ambroise/hunav_ws/install/hunav_msgs/include/hunav_msgs/hunav_msgs/msg/detail/agent__functions.h
[0.528s] -- Up-to-date symlink: /home/ambroise/hunav_ws/install/hunav_msgs/include/hunav_msgs/hunav_msgs/msg/detail/agent__struct.h
[0.528s] -- Up-to-date symlink: /home/ambroise/hunav_ws/install/hunav_msgs/include/hunav_msgs/hunav_msgs/msg/detail/agent__type_support.h
[0.528s] -- Up-to-date symlink: /home/ambroise/hunav_ws/install/hunav_msgs/include/hunav_msgs/hunav_msgs/msg/detail/agent_behavior__functions.h
[0.529s] -- Up-to-date symlink: /home/ambroise/hunav_ws/install/hunav_msgs/include/hunav_msgs/hunav_msgs/msg/detail/agent_behavior__struct.h
[0.529s] -- Up-to-date symlink: /home/ambroise/hunav_ws/install/hunav_msgs/include/hunav_msgs/hunav_msgs/msg/detail/agent_behavior__type_support.h
[0.529s] -- Up-to-date symlink: /home/ambroise/hunav_ws/install/hunav_msgs/include/hunav_msgs/hunav_msgs/msg/detail/agents__functions.h
[0.529s] -- Up-to-date symlink: /home/ambroise/hunav_ws/install/hunav_msgs/include/hunav_msgs/hunav_msgs/msg/detail/agents__struct.h
[0.530s] -- Up-to-date symlink: /home/ambroise/hunav_ws/install/hunav_msgs/include/hunav_msgs/hunav_msgs/msg/detail/agents__type_support.h
[0.530s] -- Up-to-date symlink: /home/ambroise/hunav_ws/install/hunav_msgs/include/hunav_msgs/hunav_msgs/msg/rosidl_generator_c__visibility_control.h
[0.530s] -- Up-to-date symlink: /home/ambroise/hunav_ws/install/hunav_msgs/include/hunav_msgs/hunav_msgs/srv/compute_agent.h
[0.530s] -- Up-to-date symlink: /home/ambroise/hunav_ws/install/hunav_msgs/include/hunav_msgs/hunav_msgs/srv/compute_agents.h
[0.530s] -- Up-to-date symlink: /home/ambroise/hunav_ws/install/hunav_msgs/include/hunav_msgs/hunav_msgs/srv/detail/compute_agent__functions.h
[0.531s] -- Up-to-date symlink: /home/ambroise/hunav_ws/install/hunav_msgs/include/hunav_msgs/hunav_msgs/srv/detail/compute_agent__struct.h
[0.531s] -- Up-to-date symlink: /home/ambroise/hunav_ws/install/hunav_msgs/include/hunav_msgs/hunav_msgs/srv/detail/compute_agent__type_support.h
[0.531s] -- Up-to-date symlink: /home/ambroise/hunav_ws/install/hunav_msgs/include/hunav_msgs/hunav_msgs/srv/detail/compute_agents__functions.h
[0.531s] -- Up-to-date symlink: /home/ambroise/hunav_ws/install/hunav_msgs/include/hunav_msgs/hunav_msgs/srv/detail/compute_agents__struct.h
[0.531s] -- Up-to-date symlink: /home/ambroise/hunav_ws/install/hunav_msgs/include/hunav_msgs/hunav_msgs/srv/detail/compute_agents__type_support.h
[0.531s] -- Up-to-date symlink: /home/ambroise/hunav_ws/install/hunav_msgs/include/hunav_msgs/hunav_msgs/srv/detail/get_agents__functions.h
[0.532s] -- Up-to-date symlink: /home/ambroise/hunav_ws/install/hunav_msgs/include/hunav_msgs/hunav_msgs/srv/detail/get_agents__struct.h
[0.532s] -- Up-to-date symlink: /home/ambroise/hunav_ws/install/hunav_msgs/include/hunav_msgs/hunav_msgs/srv/detail/get_agents__type_support.h
[0.532s] -- Up-to-date symlink: /home/ambroise/hunav_ws/install/hunav_msgs/include/hunav_msgs/hunav_msgs/srv/detail/get_parameters__functions.h
[0.532s] -- Up-to-date symlink: /home/ambroise/hunav_ws/install/hunav_msgs/include/hunav_msgs/hunav_msgs/srv/detail/get_parameters__struct.h
[0.533s] -- Up-to-date symlink: /home/ambroise/hunav_ws/install/hunav_msgs/include/hunav_msgs/hunav_msgs/srv/detail/get_parameters__type_support.h
[0.533s] -- Up-to-date symlink: /home/ambroise/hunav_ws/install/hunav_msgs/include/hunav_msgs/hunav_msgs/srv/detail/move_agent__functions.h
[0.533s] -- Up-to-date symlink: /home/ambroise/hunav_ws/install/hunav_msgs/include/hunav_msgs/hunav_msgs/srv/detail/move_agent__struct.h
[0.533s] -- Up-to-date symlink: /home/ambroise/hunav_ws/install/hunav_msgs/include/hunav_msgs/hunav_msgs/srv/detail/move_agent__type_support.h
[0.534s] -- Up-to-date symlink: /home/ambroise/hunav_ws/install/hunav_msgs/include/hunav_msgs/hunav_msgs/srv/detail/reset_agents__functions.h
[0.534s] -- Up-to-date symlink: /home/ambroise/hunav_ws/install/hunav_msgs/include/hunav_msgs/hunav_msgs/srv/detail/reset_agents__struct.h
[0.534s] -- Up-to-date symlink: /home/ambroise/hunav_ws/install/hunav_msgs/include/hunav_msgs/hunav_msgs/srv/detail/reset_agents__type_support.h
[0.535s] -- Up-to-date symlink: /home/ambroise/hunav_ws/install/hunav_msgs/include/hunav_msgs/hunav_msgs/srv/detail/start_evaluation__functions.h
[0.535s] -- Up-to-date symlink: /home/ambroise/hunav_ws/install/hunav_msgs/include/hunav_msgs/hunav_msgs/srv/detail/start_evaluation__struct.h
[0.535s] -- Up-to-date symlink: /home/ambroise/hunav_ws/install/hunav_msgs/include/hunav_msgs/hunav_msgs/srv/detail/start_evaluation__type_support.h
[0.535s] -- Up-to-date symlink: /home/ambroise/hunav_ws/install/hunav_msgs/include/hunav_msgs/hunav_msgs/srv/get_agents.h
[0.536s] -- Up-to-date symlink: /home/ambroise/hunav_ws/install/hunav_msgs/include/hunav_msgs/hunav_msgs/srv/get_parameters.h
[0.536s] -- Up-to-date symlink: /home/ambroise/hunav_ws/install/hunav_msgs/include/hunav_msgs/hunav_msgs/srv/move_agent.h
[0.536s] -- Up-to-date symlink: /home/ambroise/hunav_ws/install/hunav_msgs/include/hunav_msgs/hunav_msgs/srv/reset_agents.h
[0.537s] -- Up-to-date symlink: /home/ambroise/hunav_ws/install/hunav_msgs/include/hunav_msgs/hunav_msgs/srv/start_evaluation.h
[0.537s] -- Up-to-date symlink: /home/ambroise/hunav_ws/install/hunav_msgs/share/hunav_msgs/environment/library_path.sh
[0.537s] -- Up-to-date symlink: /home/ambroise/hunav_ws/install/hunav_msgs/share/hunav_msgs/environment/library_path.dsv
[0.538s] -- Up-to-date symlink: /home/ambroise/hunav_ws/install/hunav_msgs/include/hunav_msgs/hunav_msgs/msg/detail/agent__rosidl_typesupport_fastrtps_c.h
[0.538s] -- Up-to-date symlink: /home/ambroise/hunav_ws/install/hunav_msgs/include/hunav_msgs/hunav_msgs/msg/detail/agent_behavior__rosidl_typesupport_fastrtps_c.h
[0.538s] -- Up-to-date symlink: /home/ambroise/hunav_ws/install/hunav_msgs/include/hunav_msgs/hunav_msgs/msg/detail/agents__rosidl_typesupport_fastrtps_c.h
[0.539s] -- Up-to-date symlink: /home/ambroise/hunav_ws/install/hunav_msgs/include/hunav_msgs/hunav_msgs/msg/rosidl_typesupport_fastrtps_c__visibility_control.h
[0.539s] -- Up-to-date symlink: /home/ambroise/hunav_ws/install/hunav_msgs/include/hunav_msgs/hunav_msgs/srv/detail/compute_agent__rosidl_typesupport_fastrtps_c.h
[0.540s] -- Up-to-date symlink: /home/ambroise/hunav_ws/install/hunav_msgs/include/hunav_msgs/hunav_msgs/srv/detail/compute_agents__rosidl_typesupport_fastrtps_c.h
[0.540s] -- Up-to-date symlink: /home/ambroise/hunav_ws/install/hunav_msgs/include/hunav_msgs/hunav_msgs/srv/detail/get_agents__rosidl_typesupport_fastrtps_c.h
[0.540s] -- Up-to-date symlink: /home/ambroise/hunav_ws/install/hunav_msgs/include/hunav_msgs/hunav_msgs/srv/detail/get_parameters__rosidl_typesupport_fastrtps_c.h
[0.541s] -- Up-to-date symlink: /home/ambroise/hunav_ws/install/hunav_msgs/include/hunav_msgs/hunav_msgs/srv/detail/move_agent__rosidl_typesupport_fastrtps_c.h
[0.541s] -- Up-to-date symlink: /home/ambroise/hunav_ws/install/hunav_msgs/include/hunav_msgs/hunav_msgs/srv/detail/reset_agents__rosidl_typesupport_fastrtps_c.h
[0.541s] -- Up-to-date symlink: /home/ambroise/hunav_ws/install/hunav_msgs/include/hunav_msgs/hunav_msgs/srv/detail/start_evaluation__rosidl_typesupport_fastrtps_c.h
[0.542s] -- Up-to-date symlink: /home/ambroise/hunav_ws/install/hunav_msgs/include/hunav_msgs/hunav_msgs/msg/agent.hpp
[0.542s] -- Up-to-date symlink: /home/ambroise/hunav_ws/install/hunav_msgs/include/hunav_msgs/hunav_msgs/msg/agent_behavior.hpp
[0.542s] -- Up-to-date symlink: /home/ambroise/hunav_ws/install/hunav_msgs/include/hunav_msgs/hunav_msgs/msg/agents.hpp
[0.543s] -- Up-to-date symlink: /home/ambroise/hunav_ws/install/hunav_msgs/include/hunav_msgs/hunav_msgs/msg/detail/agent__builder.hpp
[0.543s] -- Up-to-date symlink: /home/ambroise/hunav_ws/install/hunav_msgs/include/hunav_msgs/hunav_msgs/msg/detail/agent__struct.hpp
[0.543s] -- Up-to-date symlink: /home/ambroise/hunav_ws/install/hunav_msgs/include/hunav_msgs/hunav_msgs/msg/detail/agent__traits.hpp
[0.543s] -- Up-to-date symlink: /home/ambroise/hunav_ws/install/hunav_msgs/include/hunav_msgs/hunav_msgs/msg/detail/agent__type_support.hpp
[0.543s] -- Up-to-date symlink: /home/ambroise/hunav_ws/install/hunav_msgs/include/hunav_msgs/hunav_msgs/msg/detail/agent_behavior__builder.hpp
[0.544s] -- Up-to-date symlink: /home/ambroise/hunav_ws/install/hunav_msgs/include/hunav_msgs/hunav_msgs/msg/detail/agent_behavior__struct.hpp
[0.544s] -- Up-to-date symlink: /home/ambroise/hunav_ws/install/hunav_msgs/include/hunav_msgs/hunav_msgs/msg/detail/agent_behavior__traits.hpp
[0.544s] -- Up-to-date symlink: /home/ambroise/hunav_ws/install/hunav_msgs/include/hunav_msgs/hunav_msgs/msg/detail/agent_behavior__type_support.hpp
[0.544s] -- Up-to-date symlink: /home/ambroise/hunav_ws/install/hunav_msgs/include/hunav_msgs/hunav_msgs/msg/detail/agents__builder.hpp
[0.544s] -- Up-to-date symlink: /home/ambroise/hunav_ws/install/hunav_msgs/include/hunav_msgs/hunav_msgs/msg/detail/agents__struct.hpp
[0.545s] -- Up-to-date symlink: /home/ambroise/hunav_ws/install/hunav_msgs/include/hunav_msgs/hunav_msgs/msg/detail/agents__traits.hpp
[0.545s] -- Up-to-date symlink: /home/ambroise/hunav_ws/install/hunav_msgs/include/hunav_msgs/hunav_msgs/msg/detail/agents__type_support.hpp
[0.545s] -- Up-to-date symlink: /home/ambroise/hunav_ws/install/hunav_msgs/include/hunav_msgs/hunav_msgs/msg/rosidl_generator_cpp__visibility_control.hpp
[0.545s] -- Up-to-date symlink: /home/ambroise/hunav_ws/install/hunav_msgs/include/hunav_msgs/hunav_msgs/srv/compute_agent.hpp
[0.545s] -- Up-to-date symlink: /home/ambroise/hunav_ws/install/hunav_msgs/include/hunav_msgs/hunav_msgs/srv/compute_agents.hpp
[0.546s] -- Up-to-date symlink: /home/ambroise/hunav_ws/install/hunav_msgs/include/hunav_msgs/hunav_msgs/srv/detail/compute_agent__builder.hpp
[0.546s] -- Up-to-date symlink: /home/ambroise/hunav_ws/install/hunav_msgs/include/hunav_msgs/hunav_msgs/srv/detail/compute_agent__struct.hpp
[0.546s] -- Up-to-date symlink: /home/ambroise/hunav_ws/install/hunav_msgs/include/hunav_msgs/hunav_msgs/srv/detail/compute_agent__traits.hpp
[0.546s] -- Up-to-date symlink: /home/ambroise/hunav_ws/install/hunav_msgs/include/hunav_msgs/hunav_msgs/srv/detail/compute_agent__type_support.hpp
[0.546s] -- Up-to-date symlink: /home/ambroise/hunav_ws/install/hunav_msgs/include/hunav_msgs/hunav_msgs/srv/detail/compute_agents__builder.hpp
[0.547s] -- Up-to-date symlink: /home/ambroise/hunav_ws/install/hunav_msgs/include/hunav_msgs/hunav_msgs/srv/detail/compute_agents__struct.hpp
[0.547s] -- Up-to-date symlink: /home/ambroise/hunav_ws/install/hunav_msgs/include/hunav_msgs/hunav_msgs/srv/detail/compute_agents__traits.hpp
[0.547s] -- Up-to-date symlink: /home/ambroise/hunav_ws/install/hunav_msgs/include/hunav_msgs/hunav_msgs/srv/detail/compute_agents__type_support.hpp
[0.547s] -- Up-to-date symlink: /home/ambroise/hunav_ws/install/hunav_msgs/include/hunav_msgs/hunav_msgs/srv/detail/get_agents__builder.hpp
[0.547s] -- Up-to-date symlink: /home/ambroise/hunav_ws/install/hunav_msgs/include/hunav_msgs/hunav_msgs/srv/detail/get_agents__struct.hpp
[0.548s] -- Up-to-date symlink: /home/ambroise/hunav_ws/install/hunav_msgs/include/hunav_msgs/hunav_msgs/srv/detail/get_agents__traits.hpp
[0.548s] -- Up-to-date symlink: /home/ambroise/hunav_ws/install/hunav_msgs/include/hunav_msgs/hunav_msgs/srv/detail/get_agents__type_support.hpp
[0.548s] -- Up-to-date symlink: /home/ambroise/hunav_ws/install/hunav_msgs/include/hunav_msgs/hunav_msgs/srv/detail/get_parameters__builder.hpp
[0.548s] -- Up-to-date symlink: /home/ambroise/hunav_ws/install/hunav_msgs/include/hunav_msgs/hunav_msgs/srv/detail/get_parameters__struct.hpp
[0.548s] -- Up-to-date symlink: /home/ambroise/hunav_ws/install/hunav_msgs/include/hunav_msgs/hunav_msgs/srv/detail/get_parameters__traits.hpp
[0.548s] -- Up-to-date symlink: /home/ambroise/hunav_ws/install/hunav_msgs/include/hunav_msgs/hunav_msgs/srv/detail/get_parameters__type_support.hpp
[0.548s] -- Up-to-date symlink: /home/ambroise/hunav_ws/install/hunav_msgs/include/hunav_msgs/hunav_msgs/srv/detail/move_agent__builder.hpp
[0.549s] -- Up-to-date symlink: /home/ambroise/hunav_ws/install/hunav_msgs/include/hunav_msgs/hunav_msgs/srv/detail/move_agent__struct.hpp
[0.549s] -- Up-to-date symlink: /home/ambroise/hunav_ws/install/hunav_msgs/include/hunav_msgs/hunav_msgs/srv/detail/move_agent__traits.hpp
[0.549s] -- Up-to-date symlink: /home/ambroise/hunav_ws/install/hunav_msgs/include/hunav_msgs/hunav_msgs/srv/detail/move_agent__type_support.hpp
[0.549s] -- Up-to-date symlink: /home/ambroise/hunav_ws/install/hunav_msgs/include/hunav_msgs/hunav_msgs/srv/detail/reset_agents__builder.hpp
[0.550s] -- Up-to-date symlink: /home/ambroise/hunav_ws/install/hunav_msgs/include/hunav_msgs/hunav_msgs/srv/detail/reset_agents__struct.hpp
[0.550s] -- Up-to-date symlink: /home/ambroise/hunav_ws/install/hunav_msgs/include/hunav_msgs/hunav_msgs/srv/detail/reset_agents__traits.hpp
[0.550s] -- Up-to-date symlink: /home/ambroise/hunav_ws/install/hunav_msgs/include/hunav_msgs/hunav_msgs/srv/detail/reset_agents__type_support.hpp
[0.551s] -- Up-to-date symlink: /home/ambroise/hunav_ws/install/hunav_msgs/include/hunav_msgs/hunav_msgs/srv/detail/start_evaluation__builder.hpp
[0.551s] -- Up-to-date symlink: /home/ambroise/hunav_ws/install/hunav_msgs/include/hunav_msgs/hunav_msgs/srv/detail/start_evaluation__struct.hpp
[0.551s] -- Up-to-date symlink: /home/ambroise/hunav_ws/install/hunav_msgs/include/hunav_msgs/hunav_msgs/srv/detail/start_evaluation__traits.hpp
[0.551s] -- Up-to-date symlink: /home/ambroise/hunav_ws/install/hunav_msgs/include/hunav_msgs/hunav_msgs/srv/detail/start_evaluation__type_support.hpp
[0.551s] -- Up-to-date symlink: /home/ambroise/hunav_ws/install/hunav_msgs/include/hunav_msgs/hunav_msgs/srv/get_agents.hpp
[0.552s] -- Up-to-date symlink: /home/ambroise/hunav_ws/install/hunav_msgs/include/hunav_msgs/hunav_msgs/srv/get_parameters.hpp
[0.552s] -- Up-to-date symlink: /home/ambroise/hunav_ws/install/hunav_msgs/include/hunav_msgs/hunav_msgs/srv/move_agent.hpp
[0.552s] -- Up-to-date symlink: /home/ambroise/hunav_ws/install/hunav_msgs/include/hunav_msgs/hunav_msgs/srv/reset_agents.hpp
[0.552s] -- Up-to-date symlink: /home/ambroise/hunav_ws/install/hunav_msgs/include/hunav_msgs/hunav_msgs/srv/start_evaluation.hpp
[0.553s] -- Up-to-date symlink: /home/ambroise/hunav_ws/install/hunav_msgs/include/hunav_msgs/hunav_msgs/msg/detail/agent__rosidl_typesupport_fastrtps_cpp.hpp
[0.553s] -- Up-to-date symlink: /home/ambroise/hunav_ws/install/hunav_msgs/include/hunav_msgs/hunav_msgs/msg/detail/agent_behavior__rosidl_typesupport_fastrtps_cpp.hpp
[0.553s] -- Up-to-date symlink: /home/ambroise/hunav_ws/install/hunav_msgs/include/hunav_msgs/hunav_msgs/msg/detail/agents__rosidl_typesupport_fastrtps_cpp.hpp
[0.554s] -- Up-to-date symlink: /home/ambroise/hunav_ws/install/hunav_msgs/include/hunav_msgs/hunav_msgs/msg/rosidl_typesupport_fastrtps_cpp__visibility_control.h
[0.554s] -- Up-to-date symlink: /home/ambroise/hunav_ws/install/hunav_msgs/include/hunav_msgs/hunav_msgs/srv/detail/compute_agent__rosidl_typesupport_fastrtps_cpp.hpp
[0.554s] -- Up-to-date symlink: /home/ambroise/hunav_ws/install/hunav_msgs/include/hunav_msgs/hunav_msgs/srv/detail/compute_agents__rosidl_typesupport_fastrtps_cpp.hpp
[0.554s] -- Up-to-date symlink: /home/ambroise/hunav_ws/install/hunav_msgs/include/hunav_msgs/hunav_msgs/srv/detail/get_agents__rosidl_typesupport_fastrtps_cpp.hpp
[0.555s] -- Up-to-date symlink: /home/ambroise/hunav_ws/install/hunav_msgs/include/hunav_msgs/hunav_msgs/srv/detail/get_parameters__rosidl_typesupport_fastrtps_cpp.hpp
[0.555s] -- Up-to-date symlink: /home/ambroise/hunav_ws/install/hunav_msgs/include/hunav_msgs/hunav_msgs/srv/detail/move_agent__rosidl_typesupport_fastrtps_cpp.hpp
[0.555s] -- Up-to-date symlink: /home/ambroise/hunav_ws/install/hunav_msgs/include/hunav_msgs/hunav_msgs/srv/detail/reset_agents__rosidl_typesupport_fastrtps_cpp.hpp
[0.555s] -- Up-to-date symlink: /home/ambroise/hunav_ws/install/hunav_msgs/include/hunav_msgs/hunav_msgs/srv/detail/start_evaluation__rosidl_typesupport_fastrtps_cpp.hpp
[0.556s] -- Up-to-date symlink: /home/ambroise/hunav_ws/install/hunav_msgs/include/hunav_msgs/hunav_msgs/msg/detail/agent__rosidl_typesupport_introspection_c.h
[0.556s] -- Up-to-date symlink: /home/ambroise/hunav_ws/install/hunav_msgs/include/hunav_msgs/hunav_msgs/msg/detail/agent_behavior__rosidl_typesupport_introspection_c.h
[0.556s] -- Up-to-date symlink: /home/ambroise/hunav_ws/install/hunav_msgs/include/hunav_msgs/hunav_msgs/msg/detail/agents__rosidl_typesupport_introspection_c.h
[0.557s] -- Up-to-date symlink: /home/ambroise/hunav_ws/install/hunav_msgs/include/hunav_msgs/hunav_msgs/msg/rosidl_typesupport_introspection_c__visibility_control.h
[0.557s] -- Up-to-date symlink: /home/ambroise/hunav_ws/install/hunav_msgs/include/hunav_msgs/hunav_msgs/srv/detail/compute_agent__rosidl_typesupport_introspection_c.h
[0.557s] -- Up-to-date symlink: /home/ambroise/hunav_ws/install/hunav_msgs/include/hunav_msgs/hunav_msgs/srv/detail/compute_agents__rosidl_typesupport_introspection_c.h
[0.557s] -- Up-to-date symlink: /home/ambroise/hunav_ws/install/hunav_msgs/include/hunav_msgs/hunav_msgs/srv/detail/get_agents__rosidl_typesupport_introspection_c.h
[0.557s] -- Up-to-date symlink: /home/ambroise/hunav_ws/install/hunav_msgs/include/hunav_msgs/hunav_msgs/srv/detail/get_parameters__rosidl_typesupport_introspection_c.h
[0.558s] -- Up-to-date symlink: /home/ambroise/hunav_ws/install/hunav_msgs/include/hunav_msgs/hunav_msgs/srv/detail/move_agent__rosidl_typesupport_introspection_c.h
[0.558s] -- Up-to-date symlink: /home/ambroise/hunav_ws/install/hunav_msgs/include/hunav_msgs/hunav_msgs/srv/detail/reset_agents__rosidl_typesupport_introspection_c.h
[0.558s] -- Up-to-date symlink: /home/ambroise/hunav_ws/install/hunav_msgs/include/hunav_msgs/hunav_msgs/srv/detail/start_evaluation__rosidl_typesupport_introspection_c.h
[0.558s] -- Up-to-date symlink: /home/ambroise/hunav_ws/install/hunav_msgs/include/hunav_msgs/hunav_msgs/msg/detail/agent__rosidl_typesupport_introspection_cpp.hpp
[0.559s] -- Up-to-date symlink: /home/ambroise/hunav_ws/install/hunav_msgs/include/hunav_msgs/hunav_msgs/msg/detail/agent_behavior__rosidl_typesupport_introspection_cpp.hpp
[0.559s] -- Up-to-date symlink: /home/ambroise/hunav_ws/install/hunav_msgs/include/hunav_msgs/hunav_msgs/msg/detail/agents__rosidl_typesupport_introspection_cpp.hpp
[0.559s] -- Up-to-date symlink: /home/ambroise/hunav_ws/install/hunav_msgs/include/hunav_msgs/hunav_msgs/srv/detail/compute_agent__rosidl_typesupport_introspection_cpp.hpp
[0.559s] -- Up-to-date symlink: /home/ambroise/hunav_ws/install/hunav_msgs/include/hunav_msgs/hunav_msgs/srv/detail/compute_agents__rosidl_typesupport_introspection_cpp.hpp
[0.559s] -- Up-to-date symlink: /home/ambroise/hunav_ws/install/hunav_msgs/include/hunav_msgs/hunav_msgs/srv/detail/get_agents__rosidl_typesupport_introspection_cpp.hpp
[0.559s] -- Up-to-date symlink: /home/ambroise/hunav_ws/install/hunav_msgs/include/hunav_msgs/hunav_msgs/srv/detail/get_parameters__rosidl_typesupport_introspection_cpp.hpp
[0.560s] -- Up-to-date symlink: /home/ambroise/hunav_ws/install/hunav_msgs/include/hunav_msgs/hunav_msgs/srv/detail/move_agent__rosidl_typesupport_introspection_cpp.hpp
[0.560s] -- Up-to-date symlink: /home/ambroise/hunav_ws/install/hunav_msgs/include/hunav_msgs/hunav_msgs/srv/detail/reset_agents__rosidl_typesupport_introspection_cpp.hpp
[0.560s] -- Up-to-date symlink: /home/ambroise/hunav_ws/install/hunav_msgs/include/hunav_msgs/hunav_msgs/srv/detail/start_evaluation__rosidl_typesupport_introspection_cpp.hpp
[0.560s] -- Up-to-date symlink: /home/ambroise/hunav_ws/install/hunav_msgs/share/hunav_msgs/environment/pythonpath.sh
[0.560s] -- Up-to-date symlink: /home/ambroise/hunav_ws/install/hunav_msgs/share/hunav_msgs/environment/pythonpath.dsv
[0.561s] -- Up-to-date symlink: /home/ambroise/hunav_ws/install/hunav_msgs/local/lib/python3.10/dist-packages/hunav_msgs-1.0.0-py3.10.egg-info/PKG-INFO
[0.561s] -- Up-to-date symlink: /home/ambroise/hunav_ws/install/hunav_msgs/local/lib/python3.10/dist-packages/hunav_msgs-1.0.0-py3.10.egg-info/SOURCES.txt
[0.561s] -- Up-to-date symlink: /home/ambroise/hunav_ws/install/hunav_msgs/local/lib/python3.10/dist-packages/hunav_msgs-1.0.0-py3.10.egg-info/dependency_links.txt
[0.561s] -- Up-to-date symlink: /home/ambroise/hunav_ws/install/hunav_msgs/local/lib/python3.10/dist-packages/hunav_msgs-1.0.0-py3.10.egg-info/top_level.txt
[0.562s] -- Up-to-date symlink: /home/ambroise/hunav_ws/install/hunav_msgs/local/lib/python3.10/dist-packages/hunav_msgs/__init__.py
[0.562s] -- Up-to-date symlink: /home/ambroise/hunav_ws/install/hunav_msgs/local/lib/python3.10/dist-packages/hunav_msgs/_hunav_msgs_s.ep.rosidl_typesupport_c.c
[0.562s] -- Up-to-date symlink: /home/ambroise/hunav_ws/install/hunav_msgs/local/lib/python3.10/dist-packages/hunav_msgs/_hunav_msgs_s.ep.rosidl_typesupport_fastrtps_c.c
[0.563s] -- Up-to-date symlink: /home/ambroise/hunav_ws/install/hunav_msgs/local/lib/python3.10/dist-packages/hunav_msgs/_hunav_msgs_s.ep.rosidl_typesupport_introspection_c.c
[0.563s] -- Up-to-date symlink: /home/ambroise/hunav_ws/install/hunav_msgs/local/lib/python3.10/dist-packages/hunav_msgs/hunav_msgs_s__rosidl_typesupport_c.cpython-310-x86_64-linux-gnu.so
[0.563s] -- Up-to-date symlink: /home/ambroise/hunav_ws/install/hunav_msgs/local/lib/python3.10/dist-packages/hunav_msgs/hunav_msgs_s__rosidl_typesupport_fastrtps_c.cpython-310-x86_64-linux-gnu.so
[0.563s] -- Up-to-date symlink: /home/ambroise/hunav_ws/install/hunav_msgs/local/lib/python3.10/dist-packages/hunav_msgs/hunav_msgs_s__rosidl_typesupport_introspection_c.cpython-310-x86_64-linux-gnu.so
[0.563s] -- Up-to-date symlink: /home/ambroise/hunav_ws/install/hunav_msgs/local/lib/python3.10/dist-packages/hunav_msgs/libhunav_msgs__rosidl_generator_py.so
[0.563s] -- Up-to-date symlink: /home/ambroise/hunav_ws/install/hunav_msgs/local/lib/python3.10/dist-packages/hunav_msgs/msg/__init__.py
[0.563s] -- Up-to-date symlink: /home/ambroise/hunav_ws/install/hunav_msgs/local/lib/python3.10/dist-packages/hunav_msgs/msg/_agent.py
[0.563s] -- Up-to-date symlink: /home/ambroise/hunav_ws/install/hunav_msgs/local/lib/python3.10/dist-packages/hunav_msgs/msg/_agent_behavior.py
[0.564s] -- Up-to-date symlink: /home/ambroise/hunav_ws/install/hunav_msgs/local/lib/python3.10/dist-packages/hunav_msgs/msg/_agent_behavior_s.c
[0.564s] -- Up-to-date symlink: /home/ambroise/hunav_ws/install/hunav_msgs/local/lib/python3.10/dist-packages/hunav_msgs/msg/_agent_s.c
[0.564s] -- Up-to-date symlink: /home/ambroise/hunav_ws/install/hunav_msgs/local/lib/python3.10/dist-packages/hunav_msgs/msg/_agents.py
[0.564s] -- Up-to-date symlink: /home/ambroise/hunav_ws/install/hunav_msgs/local/lib/python3.10/dist-packages/hunav_msgs/msg/_agents_s.c
[0.564s] -- Up-to-date symlink: /home/ambroise/hunav_ws/install/hunav_msgs/local/lib/python3.10/dist-packages/hunav_msgs/srv/__init__.py
[0.564s] -- Up-to-date symlink: /home/ambroise/hunav_ws/install/hunav_msgs/local/lib/python3.10/dist-packages/hunav_msgs/srv/_compute_agent.py
[0.564s] -- Up-to-date symlink: /home/ambroise/hunav_ws/install/hunav_msgs/local/lib/python3.10/dist-packages/hunav_msgs/srv/_compute_agent_s.c
[0.565s] -- Up-to-date symlink: /home/ambroise/hunav_ws/install/hunav_msgs/local/lib/python3.10/dist-packages/hunav_msgs/srv/_compute_agents.py
[0.565s] -- Up-to-date symlink: /home/ambroise/hunav_ws/install/hunav_msgs/local/lib/python3.10/dist-packages/hunav_msgs/srv/_compute_agents_s.c
[0.565s] -- Up-to-date symlink: /home/ambroise/hunav_ws/install/hunav_msgs/local/lib/python3.10/dist-packages/hunav_msgs/srv/_get_agents.py
[0.565s] -- Up-to-date symlink: /home/ambroise/hunav_ws/install/hunav_msgs/local/lib/python3.10/dist-packages/hunav_msgs/srv/_get_agents_s.c
[0.565s] -- Up-to-date symlink: /home/ambroise/hunav_ws/install/hunav_msgs/local/lib/python3.10/dist-packages/hunav_msgs/srv/_get_parameters.py
[0.565s] -- Up-to-date symlink: /home/ambroise/hunav_ws/install/hunav_msgs/local/lib/python3.10/dist-packages/hunav_msgs/srv/_get_parameters_s.c
[0.565s] -- Up-to-date symlink: /home/ambroise/hunav_ws/install/hunav_msgs/local/lib/python3.10/dist-packages/hunav_msgs/srv/_move_agent.py
[0.566s] -- Up-to-date symlink: /home/ambroise/hunav_ws/install/hunav_msgs/local/lib/python3.10/dist-packages/hunav_msgs/srv/_move_agent_s.c
[0.566s] -- Up-to-date symlink: /home/ambroise/hunav_ws/install/hunav_msgs/local/lib/python3.10/dist-packages/hunav_msgs/srv/_reset_agents.py
[0.566s] -- Up-to-date symlink: /home/ambroise/hunav_ws/install/hunav_msgs/local/lib/python3.10/dist-packages/hunav_msgs/srv/_reset_agents_s.c
[0.566s] -- Up-to-date symlink: /home/ambroise/hunav_ws/install/hunav_msgs/local/lib/python3.10/dist-packages/hunav_msgs/srv/_start_evaluation.py
[0.566s] -- Up-to-date symlink: /home/ambroise/hunav_ws/install/hunav_msgs/local/lib/python3.10/dist-packages/hunav_msgs/srv/_start_evaluation_s.c
[0.566s] -- Up-to-date symlink: /home/ambroise/hunav_ws/install/hunav_msgs/local/lib/python3.10/dist-packages/hunav_msgs/hunav_msgs_s__rosidl_typesupport_fastrtps_c.cpython-310-x86_64-linux-gnu.so
[0.567s] -- Up-to-date symlink: /home/ambroise/hunav_ws/install/hunav_msgs/local/lib/python3.10/dist-packages/hunav_msgs/hunav_msgs_s__rosidl_typesupport_introspection_c.cpython-310-x86_64-linux-gnu.so
[0.567s] -- Up-to-date symlink: /home/ambroise/hunav_ws/install/hunav_msgs/local/lib/python3.10/dist-packages/hunav_msgs/hunav_msgs_s__rosidl_typesupport_c.cpython-310-x86_64-linux-gnu.so
[0.567s] -- Up-to-date symlink: /home/ambroise/hunav_ws/install/hunav_msgs/share/ament_index/resource_index/rust_packages/hunav_msgs
[0.568s] -- Up-to-date symlink: /home/ambroise/hunav_ws/install/hunav_msgs/share/hunav_msgs/rust/Cargo.toml
[0.568s] -- Up-to-date symlink: /home/ambroise/hunav_ws/install/hunav_msgs/share/hunav_msgs/rust/build.rs
[0.568s] -- Up-to-date symlink: /home/ambroise/hunav_ws/install/hunav_msgs/share/hunav_msgs/rust/src/lib.rs
[0.568s] -- Up-to-date symlink: /home/ambroise/hunav_ws/install/hunav_msgs/share/hunav_msgs/rust/src/msg.rs
[0.568s] -- Up-to-date symlink: /home/ambroise/hunav_ws/install/hunav_msgs/share/hunav_msgs/rust/src/msg/rmw.rs
[0.568s] -- Up-to-date symlink: /home/ambroise/hunav_ws/install/hunav_msgs/share/hunav_msgs/rust/src/srv.rs
[0.569s] -- Up-to-date symlink: /home/ambroise/hunav_ws/install/hunav_msgs/share/hunav_msgs/rust/src/srv/rmw.rs
[0.569s] -- Up-to-date symlink: /home/ambroise/hunav_ws/install/hunav_msgs/share/hunav_msgs/msg/Agent.idl
[0.569s] -- Up-to-date symlink: /home/ambroise/hunav_ws/install/hunav_msgs/share/hunav_msgs/msg/Agents.idl
[0.569s] -- Up-to-date symlink: /home/ambroise/hunav_ws/install/hunav_msgs/share/hunav_msgs/msg/AgentBehavior.idl
[0.569s] -- Up-to-date symlink: /home/ambroise/hunav_ws/install/hunav_msgs/share/hunav_msgs/srv/ComputeAgents.idl
[0.569s] -- Up-to-date symlink: /home/ambroise/hunav_ws/install/hunav_msgs/share/hunav_msgs/srv/ComputeAgent.idl
[0.570s] -- Up-to-date symlink: /home/ambroise/hunav_ws/install/hunav_msgs/share/hunav_msgs/srv/MoveAgent.idl
[0.570s] -- Up-to-date symlink: /home/ambroise/hunav_ws/install/hunav_msgs/share/hunav_msgs/srv/GetAgents.idl
[0.570s] -- Up-to-date symlink: /home/ambroise/hunav_ws/install/hunav_msgs/share/hunav_msgs/srv/GetParameters.idl
[0.570s] -- Up-to-date symlink: /home/ambroise/hunav_ws/install/hunav_msgs/share/hunav_msgs/srv/ResetAgents.idl
[0.570s] -- Up-to-date symlink: /home/ambroise/hunav_ws/install/hunav_msgs/share/hunav_msgs/srv/StartEvaluation.idl
[0.570s] -- Up-to-date symlink: /home/ambroise/hunav_ws/install/hunav_msgs/share/hunav_msgs/msg/Agent.msg
[0.571s] -- Up-to-date symlink: /home/ambroise/hunav_ws/install/hunav_msgs/share/hunav_msgs/msg/Agents.msg
[0.571s] -- Up-to-date symlink: /home/ambroise/hunav_ws/install/hunav_msgs/share/hunav_msgs/msg/AgentBehavior.msg
[0.571s] -- Up-to-date symlink: /home/ambroise/hunav_ws/install/hunav_msgs/share/hunav_msgs/srv/ComputeAgents.srv
[0.571s] -- Up-to-date symlink: /home/ambroise/hunav_ws/install/hunav_msgs/share/hunav_msgs/srv/ComputeAgents_Request.msg
[0.571s] -- Up-to-date symlink: /home/ambroise/hunav_ws/install/hunav_msgs/share/hunav_msgs/srv/ComputeAgents_Response.msg
[0.571s] -- Up-to-date symlink: /home/ambroise/hunav_ws/install/hunav_msgs/share/hunav_msgs/srv/ComputeAgent.srv
[0.572s] -- Up-to-date symlink: /home/ambroise/hunav_ws/install/hunav_msgs/share/hunav_msgs/srv/ComputeAgent_Request.msg
[0.572s] -- Up-to-date symlink: /home/ambroise/hunav_ws/install/hunav_msgs/share/hunav_msgs/srv/ComputeAgent_Response.msg
[0.572s] -- Up-to-date symlink: /home/ambroise/hunav_ws/install/hunav_msgs/share/hunav_msgs/srv/MoveAgent.srv
[0.572s] -- Up-to-date symlink: /home/ambroise/hunav_ws/install/hunav_msgs/share/hunav_msgs/srv/MoveAgent_Request.msg
[0.572s] -- Up-to-date symlink: /home/ambroise/hunav_ws/install/hunav_msgs/share/hunav_msgs/srv/MoveAgent_Response.msg
[0.572s] -- Up-to-date symlink: /home/ambroise/hunav_ws/install/hunav_msgs/share/hunav_msgs/srv/GetAgents.srv
[0.573s] -- Up-to-date symlink: /home/ambroise/hunav_ws/install/hunav_msgs/share/hunav_msgs/srv/GetAgents_Request.msg
[0.573s] -- Up-to-date symlink: /home/ambroise/hunav_ws/install/hunav_msgs/share/hunav_msgs/srv/GetAgents_Response.msg
[0.573s] -- Up-to-date symlink: /home/ambroise/hunav_ws/install/hunav_msgs/share/hunav_msgs/srv/GetParameters.srv
[0.573s] -- Up-to-date symlink: /home/ambroise/hunav_ws/install/hunav_msgs/share/hunav_msgs/srv/GetParameters_Request.msg
[0.573s] -- Up-to-date symlink: /home/ambroise/hunav_ws/install/hunav_msgs/share/hunav_msgs/srv/GetParameters_Response.msg
[0.573s] -- Up-to-date symlink: /home/ambroise/hunav_ws/install/hunav_msgs/share/hunav_msgs/srv/ResetAgents.srv
[0.574s] -- Up-to-date symlink: /home/ambroise/hunav_ws/install/hunav_msgs/share/hunav_msgs/srv/ResetAgents_Request.msg
[0.574s] -- Up-to-date symlink: /home/ambroise/hunav_ws/install/hunav_msgs/share/hunav_msgs/srv/ResetAgents_Response.msg
[0.574s] -- Up-to-date symlink: /home/ambroise/hunav_ws/install/hunav_msgs/share/hunav_msgs/srv/StartEvaluation.srv
[0.574s] -- Up-to-date symlink: /home/ambroise/hunav_ws/install/hunav_msgs/share/hunav_msgs/srv/StartEvaluation_Request.msg
[0.574s] -- Up-to-date symlink: /home/ambroise/hunav_ws/install/hunav_msgs/share/hunav_msgs/srv/StartEvaluation_Response.msg
[0.574s] -- Up-to-date symlink: /home/ambroise/hunav_ws/install/hunav_msgs/share/ament_index/resource_index/package_run_dependencies/hunav_msgs
[0.575s] -- Up-to-date symlink: /home/ambroise/hunav_ws/install/hunav_msgs/share/ament_index/resource_index/parent_prefix_path/hunav_msgs
[0.575s] -- Up-to-date symlink: /home/ambroise/hunav_ws/install/hunav_msgs/share/hunav_msgs/environment/ament_prefix_path.sh
[0.575s] -- Up-to-date symlink: /home/ambroise/hunav_ws/install/hunav_msgs/share/hunav_msgs/environment/ament_prefix_path.dsv
[0.575s] -- Up-to-date symlink: /home/ambroise/hunav_ws/install/hunav_msgs/share/hunav_msgs/environment/path.sh
[0.575s] -- Up-to-date symlink: /home/ambroise/hunav_ws/install/hunav_msgs/share/hunav_msgs/environment/path.dsv
[0.576s] -- Up-to-date symlink: /home/ambroise/hunav_ws/install/hunav_msgs/share/hunav_msgs/local_setup.bash
[0.576s] -- Up-to-date symlink: /home/ambroise/hunav_ws/install/hunav_msgs/share/hunav_msgs/local_setup.sh
[0.576s] -- Up-to-date symlink: /home/ambroise/hunav_ws/install/hunav_msgs/share/hunav_msgs/local_setup.zsh
[0.576s] -- Up-to-date symlink: /home/ambroise/hunav_ws/install/hunav_msgs/share/hunav_msgs/local_setup.dsv
[0.576s] -- Symlinking: /home/ambroise/hunav_ws/install/hunav_msgs/share/hunav_msgs/package.dsv
[0.590s] -- Up-to-date symlink: /home/ambroise/hunav_ws/install/hunav_msgs/share/ament_index/resource_index/packages/hunav_msgs
[0.590s] -- Up-to-date symlink: /home/ambroise/hunav_ws/install/hunav_msgs/share/hunav_msgs/cmake/rosidl_cmake-extras.cmake
[0.590s] -- Up-to-date symlink: /home/ambroise/hunav_ws/install/hunav_msgs/share/hunav_msgs/cmake/ament_cmake_export_dependencies-extras.cmake
[0.591s] -- Up-to-date symlink: /home/ambroise/hunav_ws/install/hunav_msgs/share/hunav_msgs/cmake/ament_cmake_export_include_directories-extras.cmake
[0.591s] -- Up-to-date symlink: /home/ambroise/hunav_ws/install/hunav_msgs/share/hunav_msgs/cmake/ament_cmake_export_libraries-extras.cmake
[0.591s] -- Up-to-date symlink: /home/ambroise/hunav_ws/install/hunav_msgs/share/hunav_msgs/cmake/ament_cmake_export_targets-extras.cmake
[0.591s] -- Up-to-date symlink: /home/ambroise/hunav_ws/install/hunav_msgs/share/hunav_msgs/cmake/rosidl_cmake_export_typesupport_targets-extras.cmake
[0.591s] -- Up-to-date symlink: /home/ambroise/hunav_ws/install/hunav_msgs/share/hunav_msgs/cmake/rosidl_cmake_export_typesupport_libraries-extras.cmake
[0.592s] -- Up-to-date symlink: /home/ambroise/hunav_ws/install/hunav_msgs/share/hunav_msgs/cmake/hunav_msgsConfig.cmake
[0.592s] -- Up-to-date symlink: /home/ambroise/hunav_ws/install/hunav_msgs/share/hunav_msgs/cmake/hunav_msgsConfig-version.cmake
[0.592s] -- Up-to-date symlink: /home/ambroise/hunav_ws/install/hunav_msgs/share/hunav_msgs/package.xml
[0.592s] -- Up-to-date: /home/ambroise/hunav_ws/install/hunav_msgs/lib/libhunav_msgs__rosidl_generator_c.so
[0.593s] -- Up-to-date: /home/ambroise/hunav_ws/install/hunav_msgs/lib/libhunav_msgs__rosidl_typesupport_fastrtps_c.so
[0.593s] -- Up-to-date: /home/ambroise/hunav_ws/install/hunav_msgs/lib/libhunav_msgs__rosidl_typesupport_fastrtps_cpp.so
[0.594s] -- Up-to-date: /home/ambroise/hunav_ws/install/hunav_msgs/lib/libhunav_msgs__rosidl_typesupport_introspection_c.so
[0.594s] -- Up-to-date: /home/ambroise/hunav_ws/install/hunav_msgs/lib/libhunav_msgs__rosidl_typesupport_c.so
[0.594s] -- Up-to-date: /home/ambroise/hunav_ws/install/hunav_msgs/lib/libhunav_msgs__rosidl_typesupport_introspection_cpp.so
[0.595s] -- Up-to-date: /home/ambroise/hunav_ws/install/hunav_msgs/lib/libhunav_msgs__rosidl_typesupport_cpp.so
[0.628s] Listing '/home/ambroise/hunav_ws/install/hunav_msgs/local/lib/python3.10/dist-packages/hunav_msgs'...
[0.628s] Listing '/home/ambroise/hunav_ws/install/hunav_msgs/local/lib/python3.10/dist-packages/hunav_msgs/msg'...
[0.628s] Listing '/home/ambroise/hunav_ws/install/hunav_msgs/local/lib/python3.10/dist-packages/hunav_msgs/srv'...
[0.637s] -- Up-to-date: /home/ambroise/hunav_ws/install/hunav_msgs/lib/libhunav_msgs__rosidl_generator_py.so
[0.638s] -- Up-to-date: /home/ambroise/hunav_ws/install/hunav_msgs/share/hunav_msgs/cmake/export_hunav_msgs__rosidl_generator_cExport.cmake
[0.638s] -- Up-to-date: /home/ambroise/hunav_ws/install/hunav_msgs/share/hunav_msgs/cmake/export_hunav_msgs__rosidl_generator_cExport-noconfig.cmake
[0.638s] -- Up-to-date: /home/ambroise/hunav_ws/install/hunav_msgs/share/hunav_msgs/cmake/export_hunav_msgs__rosidl_typesupport_fastrtps_cExport.cmake
[0.638s] -- Up-to-date: /home/ambroise/hunav_ws/install/hunav_msgs/share/hunav_msgs/cmake/export_hunav_msgs__rosidl_typesupport_fastrtps_cExport-noconfig.cmake
[0.638s] -- Up-to-date: /home/ambroise/hunav_ws/install/hunav_msgs/share/hunav_msgs/cmake/export_hunav_msgs__rosidl_generator_cppExport.cmake
[0.639s] -- Up-to-date: /home/ambroise/hunav_ws/install/hunav_msgs/share/hunav_msgs/cmake/export_hunav_msgs__rosidl_typesupport_fastrtps_cppExport.cmake
[0.639s] -- Up-to-date: /home/ambroise/hunav_ws/install/hunav_msgs/share/hunav_msgs/cmake/export_hunav_msgs__rosidl_typesupport_fastrtps_cppExport-noconfig.cmake
[0.640s] -- Up-to-date: /home/ambroise/hunav_ws/install/hunav_msgs/share/hunav_msgs/cmake/hunav_msgs__rosidl_typesupport_introspection_cExport.cmake
[0.640s] -- Up-to-date: /home/ambroise/hunav_ws/install/hunav_msgs/share/hunav_msgs/cmake/hunav_msgs__rosidl_typesupport_introspection_cExport-noconfig.cmake
[0.640s] -- Up-to-date: /home/ambroise/hunav_ws/install/hunav_msgs/share/hunav_msgs/cmake/hunav_msgs__rosidl_typesupport_cExport.cmake
[0.640s] -- Up-to-date: /home/ambroise/hunav_ws/install/hunav_msgs/share/hunav_msgs/cmake/hunav_msgs__rosidl_typesupport_cExport-noconfig.cmake
[0.641s] -- Up-to-date: /home/ambroise/hunav_ws/install/hunav_msgs/share/hunav_msgs/cmake/hunav_msgs__rosidl_typesupport_introspection_cppExport.cmake
[0.641s] -- Up-to-date: /home/ambroise/hunav_ws/install/hunav_msgs/share/hunav_msgs/cmake/hunav_msgs__rosidl_typesupport_introspection_cppExport-noconfig.cmake
[0.641s] -- Up-to-date: /home/ambroise/hunav_ws/install/hunav_msgs/share/hunav_msgs/cmake/hunav_msgs__rosidl_typesupport_cppExport.cmake
[0.641s] -- Up-to-date: /home/ambroise/hunav_ws/install/hunav_msgs/share/hunav_msgs/cmake/hunav_msgs__rosidl_typesupport_cppExport-noconfig.cmake
[0.641s] -- Up-to-date: /home/ambroise/hunav_ws/install/hunav_msgs/share/hunav_msgs/cmake/export_hunav_msgs__rosidl_generator_pyExport.cmake
[0.642s] -- Up-to-date: /home/ambroise/hunav_ws/install/hunav_msgs/share/hunav_msgs/cmake/export_hunav_msgs__rosidl_generator_pyExport-noconfig.cmake
[0.658s] Invoked command in '/home/ambroise/hunav_ws/build/hunav_msgs' returned '0': CMAKE_PREFIX_PATH=${CMAKE_PREFIX_PATH}:/home/ambroise/hunav_ws/install/hunav_behavior_tree_generator:/home/ambroise/hunav_ws/install/hunav_evaluator:/opt/ros/humble /usr/bin/cmake --install /home/ambroise/hunav_ws/build/hunav_msgs
