[0.017s] Invoking command in '/home/ambroise/hunav_ws/build/hunav_msgs': CMAKE_PREFIX_PATH=${CMAKE_PREFIX_PATH}:/home/ambroise/hunav_ws/install/hunav_behavior_tree_generator:/home/ambroise/hunav_ws/install/hunav_evaluator:/opt/ros/humble /usr/bin/cmake --build /home/ambroise/hunav_ws/build/hunav_msgs -- -j16 -l16
[0.112s] [  0%] Built target hunav_msgs__cpp
[0.112s] [  1%] Built target hunav_msgs__rs
[0.122s] [ 13%] Built target hunav_msgs__rosidl_generator_c
[0.125s] [ 13%] Built target ament_cmake_python_symlink_hunav_msgs
[0.158s] [ 25%] Built target hunav_msgs__rosidl_typesupport_cpp
[0.158s] [ 37%] Built target hunav_msgs__rosidl_typesupport_introspection_cpp
[0.158s] [ 59%] Built target hunav_msgs__rosidl_typesupport_c
[0.158s] [ 60%] Built target hunav_msgs__rosidl_typesupport_fastrtps_cpp
[0.162s] [ 81%] Built target hunav_msgs__rosidl_typesupport_fastrtps_c
[0.162s] [ 82%] Built target hunav_msgs__rosidl_typesupport_introspection_c
[0.183s] [ 82%] Built target hunav_msgs
[0.207s] [ 83%] Built target hunav_msgs__py
[0.236s] [ 94%] Built target hunav_msgs__rosidl_generator_py
[0.265s] [100%] Built target hunav_msgs__rosidl_typesupport_c__pyext
[0.265s] [100%] Built target hunav_msgs__rosidl_typesupport_introspection_c__pyext
[0.265s] [100%] Built target hunav_msgs__rosidl_typesupport_fastrtps_c__pyext
[0.369s] running egg_info
[0.370s] writing hunav_msgs.egg-info/PKG-INFO
[0.370s] writing dependency_links to hunav_msgs.egg-info/dependency_links.txt
[0.370s] writing top-level names to hunav_msgs.egg-info/top_level.txt
[0.373s] reading manifest file 'hunav_msgs.egg-info/SOURCES.txt'
[0.373s] writing manifest file 'hunav_msgs.egg-info/SOURCES.txt'
[0.401s] [100%] Built target ament_cmake_python_build_hunav_msgs_egg
[0.425s] Invoked command in '/home/ambroise/hunav_ws/build/hunav_msgs' returned '0': CMAKE_PREFIX_PATH=${CMAKE_PREFIX_PATH}:/home/ambroise/hunav_ws/install/hunav_behavior_tree_generator:/home/ambroise/hunav_ws/install/hunav_evaluator:/opt/ros/humble /usr/bin/cmake --build /home/ambroise/hunav_ws/build/hunav_msgs -- -j16 -l16
[0.427s] Invoking command in '/home/ambroise/hunav_ws/build/hunav_msgs': CMAKE_PREFIX_PATH=${CMAKE_PREFIX_PATH}:/home/ambroise/hunav_ws/install/hunav_behavior_tree_generator:/home/ambroise/hunav_ws/install/hunav_evaluator:/opt/ros/humble /usr/bin/cmake --install /home/ambroise/hunav_ws/build/hunav_msgs
[0.434s] -- Install configuration: ""
[0.434s] -- Execute custom install script
[0.434s] -- Up-to-date symlink: /home/ambroise/hunav_ws/install/hunav_msgs/share/ament_index/resource_index/rosidl_interfaces/hunav_msgs
[0.435s] -- Up-to-date symlink: /home/ambroise/hunav_ws/install/hunav_msgs/include/hunav_msgs/hunav_msgs/msg/agent.h
[0.435s] -- Up-to-date symlink: /home/ambroise/hunav_ws/install/hunav_msgs/include/hunav_msgs/hunav_msgs/msg/agent_behavior.h
[0.435s] -- Up-to-date symlink: /home/ambroise/hunav_ws/install/hunav_msgs/include/hunav_msgs/hunav_msgs/msg/agents.h
[0.435s] -- Up-to-date symlink: /home/ambroise/hunav_ws/install/hunav_msgs/include/hunav_msgs/hunav_msgs/msg/detail/agent__functions.h
[0.436s] -- Up-to-date symlink: /home/ambroise/hunav_ws/install/hunav_msgs/include/hunav_msgs/hunav_msgs/msg/detail/agent__struct.h
[0.436s] -- Up-to-date symlink: /home/ambroise/hunav_ws/install/hunav_msgs/include/hunav_msgs/hunav_msgs/msg/detail/agent__type_support.h
[0.436s] -- Up-to-date symlink: /home/ambroise/hunav_ws/install/hunav_msgs/include/hunav_msgs/hunav_msgs/msg/detail/agent_behavior__functions.h
[0.436s] -- Up-to-date symlink: /home/ambroise/hunav_ws/install/hunav_msgs/include/hunav_msgs/hunav_msgs/msg/detail/agent_behavior__struct.h
[0.436s] -- Up-to-date symlink: /home/ambroise/hunav_ws/install/hunav_msgs/include/hunav_msgs/hunav_msgs/msg/detail/agent_behavior__type_support.h
[0.436s] -- Up-to-date symlink: /home/ambroise/hunav_ws/install/hunav_msgs/include/hunav_msgs/hunav_msgs/msg/detail/agents__functions.h
[0.436s] -- Up-to-date symlink: /home/ambroise/hunav_ws/install/hunav_msgs/include/hunav_msgs/hunav_msgs/msg/detail/agents__struct.h
[0.437s] -- Up-to-date symlink: /home/ambroise/hunav_ws/install/hunav_msgs/include/hunav_msgs/hunav_msgs/msg/detail/agents__type_support.h
[0.437s] -- Up-to-date symlink: /home/ambroise/hunav_ws/install/hunav_msgs/include/hunav_msgs/hunav_msgs/msg/rosidl_generator_c__visibility_control.h
[0.437s] -- Up-to-date symlink: /home/ambroise/hunav_ws/install/hunav_msgs/include/hunav_msgs/hunav_msgs/srv/compute_agent.h
[0.437s] -- Up-to-date symlink: /home/ambroise/hunav_ws/install/hunav_msgs/include/hunav_msgs/hunav_msgs/srv/compute_agents.h
[0.437s] -- Up-to-date symlink: /home/ambroise/hunav_ws/install/hunav_msgs/include/hunav_msgs/hunav_msgs/srv/detail/compute_agent__functions.h
[0.437s] -- Up-to-date symlink: /home/ambroise/hunav_ws/install/hunav_msgs/include/hunav_msgs/hunav_msgs/srv/detail/compute_agent__struct.h
[0.437s] -- Up-to-date symlink: /home/ambroise/hunav_ws/install/hunav_msgs/include/hunav_msgs/hunav_msgs/srv/detail/compute_agent__type_support.h
[0.437s] -- Up-to-date symlink: /home/ambroise/hunav_ws/install/hunav_msgs/include/hunav_msgs/hunav_msgs/srv/detail/compute_agents__functions.h
[0.437s] -- Up-to-date symlink: /home/ambroise/hunav_ws/install/hunav_msgs/include/hunav_msgs/hunav_msgs/srv/detail/compute_agents__struct.h
[0.437s] -- Up-to-date symlink: /home/ambroise/hunav_ws/install/hunav_msgs/include/hunav_msgs/hunav_msgs/srv/detail/compute_agents__type_support.h
[0.437s] -- Up-to-date symlink: /home/ambroise/hunav_ws/install/hunav_msgs/include/hunav_msgs/hunav_msgs/srv/detail/get_agents__functions.h
[0.438s] -- Up-to-date symlink: /home/ambroise/hunav_ws/install/hunav_msgs/include/hunav_msgs/hunav_msgs/srv/detail/get_agents__struct.h
[0.438s] -- Up-to-date symlink: /home/ambroise/hunav_ws/install/hunav_msgs/include/hunav_msgs/hunav_msgs/srv/detail/get_agents__type_support.h
[0.438s] -- Up-to-date symlink: /home/ambroise/hunav_ws/install/hunav_msgs/include/hunav_msgs/hunav_msgs/srv/detail/get_parameters__functions.h
[0.438s] -- Up-to-date symlink: /home/ambroise/hunav_ws/install/hunav_msgs/include/hunav_msgs/hunav_msgs/srv/detail/get_parameters__struct.h
[0.438s] -- Up-to-date symlink: /home/ambroise/hunav_ws/install/hunav_msgs/include/hunav_msgs/hunav_msgs/srv/detail/get_parameters__type_support.h
[0.438s] -- Up-to-date symlink: /home/ambroise/hunav_ws/install/hunav_msgs/include/hunav_msgs/hunav_msgs/srv/detail/move_agent__functions.h
[0.438s] -- Up-to-date symlink: /home/ambroise/hunav_ws/install/hunav_msgs/include/hunav_msgs/hunav_msgs/srv/detail/move_agent__struct.h
[0.438s] -- Up-to-date symlink: /home/ambroise/hunav_ws/install/hunav_msgs/include/hunav_msgs/hunav_msgs/srv/detail/move_agent__type_support.h
[0.438s] -- Up-to-date symlink: /home/ambroise/hunav_ws/install/hunav_msgs/include/hunav_msgs/hunav_msgs/srv/detail/reset_agents__functions.h
[0.438s] -- Up-to-date symlink: /home/ambroise/hunav_ws/install/hunav_msgs/include/hunav_msgs/hunav_msgs/srv/detail/reset_agents__struct.h
[0.439s] -- Up-to-date symlink: /home/ambroise/hunav_ws/install/hunav_msgs/include/hunav_msgs/hunav_msgs/srv/detail/reset_agents__type_support.h
[0.439s] -- Up-to-date symlink: /home/ambroise/hunav_ws/install/hunav_msgs/include/hunav_msgs/hunav_msgs/srv/detail/start_evaluation__functions.h
[0.439s] -- Up-to-date symlink: /home/ambroise/hunav_ws/install/hunav_msgs/include/hunav_msgs/hunav_msgs/srv/detail/start_evaluation__struct.h
[0.439s] -- Up-to-date symlink: /home/ambroise/hunav_ws/install/hunav_msgs/include/hunav_msgs/hunav_msgs/srv/detail/start_evaluation__type_support.h
[0.439s] -- Up-to-date symlink: /home/ambroise/hunav_ws/install/hunav_msgs/include/hunav_msgs/hunav_msgs/srv/get_agents.h
[0.439s] -- Up-to-date symlink: /home/ambroise/hunav_ws/install/hunav_msgs/include/hunav_msgs/hunav_msgs/srv/get_parameters.h
[0.439s] -- Up-to-date symlink: /home/ambroise/hunav_ws/install/hunav_msgs/include/hunav_msgs/hunav_msgs/srv/move_agent.h
[0.439s] -- Up-to-date symlink: /home/ambroise/hunav_ws/install/hunav_msgs/include/hunav_msgs/hunav_msgs/srv/reset_agents.h
[0.439s] -- Up-to-date symlink: /home/ambroise/hunav_ws/install/hunav_msgs/include/hunav_msgs/hunav_msgs/srv/start_evaluation.h
[0.439s] -- Up-to-date symlink: /home/ambroise/hunav_ws/install/hunav_msgs/share/hunav_msgs/environment/library_path.sh
[0.439s] -- Up-to-date symlink: /home/ambroise/hunav_ws/install/hunav_msgs/share/hunav_msgs/environment/library_path.dsv
[0.440s] -- Up-to-date symlink: /home/ambroise/hunav_ws/install/hunav_msgs/include/hunav_msgs/hunav_msgs/msg/detail/agent__rosidl_typesupport_fastrtps_c.h
[0.440s] -- Up-to-date symlink: /home/ambroise/hunav_ws/install/hunav_msgs/include/hunav_msgs/hunav_msgs/msg/detail/agent_behavior__rosidl_typesupport_fastrtps_c.h
[0.440s] -- Up-to-date symlink: /home/ambroise/hunav_ws/install/hunav_msgs/include/hunav_msgs/hunav_msgs/msg/detail/agents__rosidl_typesupport_fastrtps_c.h
[0.440s] -- Up-to-date symlink: /home/ambroise/hunav_ws/install/hunav_msgs/include/hunav_msgs/hunav_msgs/msg/rosidl_typesupport_fastrtps_c__visibility_control.h
[0.440s] -- Up-to-date symlink: /home/ambroise/hunav_ws/install/hunav_msgs/include/hunav_msgs/hunav_msgs/srv/detail/compute_agent__rosidl_typesupport_fastrtps_c.h
[0.441s] -- Up-to-date symlink: /home/ambroise/hunav_ws/install/hunav_msgs/include/hunav_msgs/hunav_msgs/srv/detail/compute_agents__rosidl_typesupport_fastrtps_c.h
[0.441s] -- Up-to-date symlink: /home/ambroise/hunav_ws/install/hunav_msgs/include/hunav_msgs/hunav_msgs/srv/detail/get_agents__rosidl_typesupport_fastrtps_c.h
[0.441s] -- Up-to-date symlink: /home/ambroise/hunav_ws/install/hunav_msgs/include/hunav_msgs/hunav_msgs/srv/detail/get_parameters__rosidl_typesupport_fastrtps_c.h
[0.441s] -- Up-to-date symlink: /home/ambroise/hunav_ws/install/hunav_msgs/include/hunav_msgs/hunav_msgs/srv/detail/move_agent__rosidl_typesupport_fastrtps_c.h
[0.441s] -- Up-to-date symlink: /home/ambroise/hunav_ws/install/hunav_msgs/include/hunav_msgs/hunav_msgs/srv/detail/reset_agents__rosidl_typesupport_fastrtps_c.h
[0.441s] -- Up-to-date symlink: /home/ambroise/hunav_ws/install/hunav_msgs/include/hunav_msgs/hunav_msgs/srv/detail/start_evaluation__rosidl_typesupport_fastrtps_c.h
[0.441s] -- Up-to-date symlink: /home/ambroise/hunav_ws/install/hunav_msgs/include/hunav_msgs/hunav_msgs/msg/agent.hpp
[0.442s] -- Up-to-date symlink: /home/ambroise/hunav_ws/install/hunav_msgs/include/hunav_msgs/hunav_msgs/msg/agent_behavior.hpp
[0.442s] -- Up-to-date symlink: /home/ambroise/hunav_ws/install/hunav_msgs/include/hunav_msgs/hunav_msgs/msg/agents.hpp
[0.442s] -- Up-to-date symlink: /home/ambroise/hunav_ws/install/hunav_msgs/include/hunav_msgs/hunav_msgs/msg/detail/agent__builder.hpp
[0.442s] -- Up-to-date symlink: /home/ambroise/hunav_ws/install/hunav_msgs/include/hunav_msgs/hunav_msgs/msg/detail/agent__struct.hpp
[0.442s] -- Up-to-date symlink: /home/ambroise/hunav_ws/install/hunav_msgs/include/hunav_msgs/hunav_msgs/msg/detail/agent__traits.hpp
[0.442s] -- Up-to-date symlink: /home/ambroise/hunav_ws/install/hunav_msgs/include/hunav_msgs/hunav_msgs/msg/detail/agent__type_support.hpp
[0.442s] -- Up-to-date symlink: /home/ambroise/hunav_ws/install/hunav_msgs/include/hunav_msgs/hunav_msgs/msg/detail/agent_behavior__builder.hpp
[0.442s] -- Up-to-date symlink: /home/ambroise/hunav_ws/install/hunav_msgs/include/hunav_msgs/hunav_msgs/msg/detail/agent_behavior__struct.hpp
[0.442s] -- Up-to-date symlink: /home/ambroise/hunav_ws/install/hunav_msgs/include/hunav_msgs/hunav_msgs/msg/detail/agent_behavior__traits.hpp
[0.442s] -- Up-to-date symlink: /home/ambroise/hunav_ws/install/hunav_msgs/include/hunav_msgs/hunav_msgs/msg/detail/agent_behavior__type_support.hpp
[0.443s] -- Up-to-date symlink: /home/ambroise/hunav_ws/install/hunav_msgs/include/hunav_msgs/hunav_msgs/msg/detail/agents__builder.hpp
[0.443s] -- Up-to-date symlink: /home/ambroise/hunav_ws/install/hunav_msgs/include/hunav_msgs/hunav_msgs/msg/detail/agents__struct.hpp
[0.443s] -- Up-to-date symlink: /home/ambroise/hunav_ws/install/hunav_msgs/include/hunav_msgs/hunav_msgs/msg/detail/agents__traits.hpp
[0.443s] -- Up-to-date symlink: /home/ambroise/hunav_ws/install/hunav_msgs/include/hunav_msgs/hunav_msgs/msg/detail/agents__type_support.hpp
[0.443s] -- Up-to-date symlink: /home/ambroise/hunav_ws/install/hunav_msgs/include/hunav_msgs/hunav_msgs/msg/rosidl_generator_cpp__visibility_control.hpp
[0.443s] -- Up-to-date symlink: /home/ambroise/hunav_ws/install/hunav_msgs/include/hunav_msgs/hunav_msgs/srv/compute_agent.hpp
[0.443s] -- Up-to-date symlink: /home/ambroise/hunav_ws/install/hunav_msgs/include/hunav_msgs/hunav_msgs/srv/compute_agents.hpp
[0.443s] -- Up-to-date symlink: /home/ambroise/hunav_ws/install/hunav_msgs/include/hunav_msgs/hunav_msgs/srv/detail/compute_agent__builder.hpp
[0.443s] -- Up-to-date symlink: /home/ambroise/hunav_ws/install/hunav_msgs/include/hunav_msgs/hunav_msgs/srv/detail/compute_agent__struct.hpp
[0.443s] -- Up-to-date symlink: /home/ambroise/hunav_ws/install/hunav_msgs/include/hunav_msgs/hunav_msgs/srv/detail/compute_agent__traits.hpp
[0.444s] -- Up-to-date symlink: /home/ambroise/hunav_ws/install/hunav_msgs/include/hunav_msgs/hunav_msgs/srv/detail/compute_agent__type_support.hpp
[0.444s] -- Up-to-date symlink: /home/ambroise/hunav_ws/install/hunav_msgs/include/hunav_msgs/hunav_msgs/srv/detail/compute_agents__builder.hpp
[0.444s] -- Up-to-date symlink: /home/ambroise/hunav_ws/install/hunav_msgs/include/hunav_msgs/hunav_msgs/srv/detail/compute_agents__struct.hpp
[0.444s] -- Up-to-date symlink: /home/ambroise/hunav_ws/install/hunav_msgs/include/hunav_msgs/hunav_msgs/srv/detail/compute_agents__traits.hpp
[0.444s] -- Up-to-date symlink: /home/ambroise/hunav_ws/install/hunav_msgs/include/hunav_msgs/hunav_msgs/srv/detail/compute_agents__type_support.hpp
[0.444s] -- Up-to-date symlink: /home/ambroise/hunav_ws/install/hunav_msgs/include/hunav_msgs/hunav_msgs/srv/detail/get_agents__builder.hpp
[0.444s] -- Up-to-date symlink: /home/ambroise/hunav_ws/install/hunav_msgs/include/hunav_msgs/hunav_msgs/srv/detail/get_agents__struct.hpp
[0.444s] -- Up-to-date symlink: /home/ambroise/hunav_ws/install/hunav_msgs/include/hunav_msgs/hunav_msgs/srv/detail/get_agents__traits.hpp
[0.444s] -- Up-to-date symlink: /home/ambroise/hunav_ws/install/hunav_msgs/include/hunav_msgs/hunav_msgs/srv/detail/get_agents__type_support.hpp
[0.445s] -- Up-to-date symlink: /home/ambroise/hunav_ws/install/hunav_msgs/include/hunav_msgs/hunav_msgs/srv/detail/get_parameters__builder.hpp
[0.445s] -- Up-to-date symlink: /home/ambroise/hunav_ws/install/hunav_msgs/include/hunav_msgs/hunav_msgs/srv/detail/get_parameters__struct.hpp
[0.445s] -- Up-to-date symlink: /home/ambroise/hunav_ws/install/hunav_msgs/include/hunav_msgs/hunav_msgs/srv/detail/get_parameters__traits.hpp
[0.445s] -- Up-to-date symlink: /home/ambroise/hunav_ws/install/hunav_msgs/include/hunav_msgs/hunav_msgs/srv/detail/get_parameters__type_support.hpp
[0.445s] -- Up-to-date symlink: /home/ambroise/hunav_ws/install/hunav_msgs/include/hunav_msgs/hunav_msgs/srv/detail/move_agent__builder.hpp
[0.445s] -- Up-to-date symlink: /home/ambroise/hunav_ws/install/hunav_msgs/include/hunav_msgs/hunav_msgs/srv/detail/move_agent__struct.hpp
[0.445s] -- Up-to-date symlink: /home/ambroise/hunav_ws/install/hunav_msgs/include/hunav_msgs/hunav_msgs/srv/detail/move_agent__traits.hpp
[0.445s] -- Up-to-date symlink: /home/ambroise/hunav_ws/install/hunav_msgs/include/hunav_msgs/hunav_msgs/srv/detail/move_agent__type_support.hpp
[0.445s] -- Up-to-date symlink: /home/ambroise/hunav_ws/install/hunav_msgs/include/hunav_msgs/hunav_msgs/srv/detail/reset_agents__builder.hpp
[0.445s] -- Up-to-date symlink: /home/ambroise/hunav_ws/install/hunav_msgs/include/hunav_msgs/hunav_msgs/srv/detail/reset_agents__struct.hpp
[0.445s] -- Up-to-date symlink: /home/ambroise/hunav_ws/install/hunav_msgs/include/hunav_msgs/hunav_msgs/srv/detail/reset_agents__traits.hpp
[0.446s] -- Up-to-date symlink: /home/ambroise/hunav_ws/install/hunav_msgs/include/hunav_msgs/hunav_msgs/srv/detail/reset_agents__type_support.hpp
[0.446s] -- Up-to-date symlink: /home/ambroise/hunav_ws/install/hunav_msgs/include/hunav_msgs/hunav_msgs/srv/detail/start_evaluation__builder.hpp
[0.446s] -- Up-to-date symlink: /home/ambroise/hunav_ws/install/hunav_msgs/include/hunav_msgs/hunav_msgs/srv/detail/start_evaluation__struct.hpp
[0.446s] -- Up-to-date symlink: /home/ambroise/hunav_ws/install/hunav_msgs/include/hunav_msgs/hunav_msgs/srv/detail/start_evaluation__traits.hpp
[0.446s] -- Up-to-date symlink: /home/ambroise/hunav_ws/install/hunav_msgs/include/hunav_msgs/hunav_msgs/srv/detail/start_evaluation__type_support.hpp
[0.446s] -- Up-to-date symlink: /home/ambroise/hunav_ws/install/hunav_msgs/include/hunav_msgs/hunav_msgs/srv/get_agents.hpp
[0.446s] -- Up-to-date symlink: /home/ambroise/hunav_ws/install/hunav_msgs/include/hunav_msgs/hunav_msgs/srv/get_parameters.hpp
[0.446s] -- Up-to-date symlink: /home/ambroise/hunav_ws/install/hunav_msgs/include/hunav_msgs/hunav_msgs/srv/move_agent.hpp
[0.446s] -- Up-to-date symlink: /home/ambroise/hunav_ws/install/hunav_msgs/include/hunav_msgs/hunav_msgs/srv/reset_agents.hpp
[0.447s] -- Up-to-date symlink: /home/ambroise/hunav_ws/install/hunav_msgs/include/hunav_msgs/hunav_msgs/srv/start_evaluation.hpp
[0.447s] -- Up-to-date symlink: /home/ambroise/hunav_ws/install/hunav_msgs/include/hunav_msgs/hunav_msgs/msg/detail/agent__rosidl_typesupport_fastrtps_cpp.hpp
[0.447s] -- Up-to-date symlink: /home/ambroise/hunav_ws/install/hunav_msgs/include/hunav_msgs/hunav_msgs/msg/detail/agent_behavior__rosidl_typesupport_fastrtps_cpp.hpp
[0.447s] -- Up-to-date symlink: /home/ambroise/hunav_ws/install/hunav_msgs/include/hunav_msgs/hunav_msgs/msg/detail/agents__rosidl_typesupport_fastrtps_cpp.hpp
[0.447s] -- Up-to-date symlink: /home/ambroise/hunav_ws/install/hunav_msgs/include/hunav_msgs/hunav_msgs/msg/rosidl_typesupport_fastrtps_cpp__visibility_control.h
[0.447s] -- Up-to-date symlink: /home/ambroise/hunav_ws/install/hunav_msgs/include/hunav_msgs/hunav_msgs/srv/detail/compute_agent__rosidl_typesupport_fastrtps_cpp.hpp
[0.447s] -- Up-to-date symlink: /home/ambroise/hunav_ws/install/hunav_msgs/include/hunav_msgs/hunav_msgs/srv/detail/compute_agents__rosidl_typesupport_fastrtps_cpp.hpp
[0.447s] -- Up-to-date symlink: /home/ambroise/hunav_ws/install/hunav_msgs/include/hunav_msgs/hunav_msgs/srv/detail/get_agents__rosidl_typesupport_fastrtps_cpp.hpp
[0.447s] -- Up-to-date symlink: /home/ambroise/hunav_ws/install/hunav_msgs/include/hunav_msgs/hunav_msgs/srv/detail/get_parameters__rosidl_typesupport_fastrtps_cpp.hpp
[0.447s] -- Up-to-date symlink: /home/ambroise/hunav_ws/install/hunav_msgs/include/hunav_msgs/hunav_msgs/srv/detail/move_agent__rosidl_typesupport_fastrtps_cpp.hpp
[0.447s] -- Up-to-date symlink: /home/ambroise/hunav_ws/install/hunav_msgs/include/hunav_msgs/hunav_msgs/srv/detail/reset_agents__rosidl_typesupport_fastrtps_cpp.hpp
[0.448s] -- Up-to-date symlink: /home/ambroise/hunav_ws/install/hunav_msgs/include/hunav_msgs/hunav_msgs/srv/detail/start_evaluation__rosidl_typesupport_fastrtps_cpp.hpp
[0.448s] -- Up-to-date symlink: /home/ambroise/hunav_ws/install/hunav_msgs/include/hunav_msgs/hunav_msgs/msg/detail/agent__rosidl_typesupport_introspection_c.h
[0.448s] -- Up-to-date symlink: /home/ambroise/hunav_ws/install/hunav_msgs/include/hunav_msgs/hunav_msgs/msg/detail/agent_behavior__rosidl_typesupport_introspection_c.h
[0.448s] -- Up-to-date symlink: /home/ambroise/hunav_ws/install/hunav_msgs/include/hunav_msgs/hunav_msgs/msg/detail/agents__rosidl_typesupport_introspection_c.h
[0.448s] -- Up-to-date symlink: /home/ambroise/hunav_ws/install/hunav_msgs/include/hunav_msgs/hunav_msgs/msg/rosidl_typesupport_introspection_c__visibility_control.h
[0.449s] -- Up-to-date symlink: /home/ambroise/hunav_ws/install/hunav_msgs/include/hunav_msgs/hunav_msgs/srv/detail/compute_agent__rosidl_typesupport_introspection_c.h
[0.449s] -- Up-to-date symlink: /home/ambroise/hunav_ws/install/hunav_msgs/include/hunav_msgs/hunav_msgs/srv/detail/compute_agents__rosidl_typesupport_introspection_c.h
[0.449s] -- Up-to-date symlink: /home/ambroise/hunav_ws/install/hunav_msgs/include/hunav_msgs/hunav_msgs/srv/detail/get_agents__rosidl_typesupport_introspection_c.h
[0.449s] -- Up-to-date symlink: /home/ambroise/hunav_ws/install/hunav_msgs/include/hunav_msgs/hunav_msgs/srv/detail/get_parameters__rosidl_typesupport_introspection_c.h
[0.449s] -- Up-to-date symlink: /home/ambroise/hunav_ws/install/hunav_msgs/include/hunav_msgs/hunav_msgs/srv/detail/move_agent__rosidl_typesupport_introspection_c.h
[0.449s] -- Up-to-date symlink: /home/ambroise/hunav_ws/install/hunav_msgs/include/hunav_msgs/hunav_msgs/srv/detail/reset_agents__rosidl_typesupport_introspection_c.h
[0.449s] -- Up-to-date symlink: /home/ambroise/hunav_ws/install/hunav_msgs/include/hunav_msgs/hunav_msgs/srv/detail/start_evaluation__rosidl_typesupport_introspection_c.h
[0.449s] -- Up-to-date symlink: /home/ambroise/hunav_ws/install/hunav_msgs/include/hunav_msgs/hunav_msgs/msg/detail/agent__rosidl_typesupport_introspection_cpp.hpp
[0.449s] -- Up-to-date symlink: /home/ambroise/hunav_ws/install/hunav_msgs/include/hunav_msgs/hunav_msgs/msg/detail/agent_behavior__rosidl_typesupport_introspection_cpp.hpp
[0.449s] -- Up-to-date symlink: /home/ambroise/hunav_ws/install/hunav_msgs/include/hunav_msgs/hunav_msgs/msg/detail/agents__rosidl_typesupport_introspection_cpp.hpp
[0.449s] -- Up-to-date symlink: /home/ambroise/hunav_ws/install/hunav_msgs/include/hunav_msgs/hunav_msgs/srv/detail/compute_agent__rosidl_typesupport_introspection_cpp.hpp
[0.450s] -- Up-to-date symlink: /home/ambroise/hunav_ws/install/hunav_msgs/include/hunav_msgs/hunav_msgs/srv/detail/compute_agents__rosidl_typesupport_introspection_cpp.hpp
[0.450s] -- Up-to-date symlink: /home/ambroise/hunav_ws/install/hunav_msgs/include/hunav_msgs/hunav_msgs/srv/detail/get_agents__rosidl_typesupport_introspection_cpp.hpp
[0.450s] -- Up-to-date symlink: /home/ambroise/hunav_ws/install/hunav_msgs/include/hunav_msgs/hunav_msgs/srv/detail/get_parameters__rosidl_typesupport_introspection_cpp.hpp
[0.450s] -- Up-to-date symlink: /home/ambroise/hunav_ws/install/hunav_msgs/include/hunav_msgs/hunav_msgs/srv/detail/move_agent__rosidl_typesupport_introspection_cpp.hpp
[0.450s] -- Up-to-date symlink: /home/ambroise/hunav_ws/install/hunav_msgs/include/hunav_msgs/hunav_msgs/srv/detail/reset_agents__rosidl_typesupport_introspection_cpp.hpp
[0.450s] -- Up-to-date symlink: /home/ambroise/hunav_ws/install/hunav_msgs/include/hunav_msgs/hunav_msgs/srv/detail/start_evaluation__rosidl_typesupport_introspection_cpp.hpp
[0.450s] -- Up-to-date symlink: /home/ambroise/hunav_ws/install/hunav_msgs/share/hunav_msgs/environment/pythonpath.sh
[0.450s] -- Up-to-date symlink: /home/ambroise/hunav_ws/install/hunav_msgs/share/hunav_msgs/environment/pythonpath.dsv
[0.450s] -- Up-to-date symlink: /home/ambroise/hunav_ws/install/hunav_msgs/local/lib/python3.10/dist-packages/hunav_msgs-1.0.0-py3.10.egg-info/PKG-INFO
[0.450s] -- Up-to-date symlink: /home/ambroise/hunav_ws/install/hunav_msgs/local/lib/python3.10/dist-packages/hunav_msgs-1.0.0-py3.10.egg-info/SOURCES.txt
[0.450s] -- Up-to-date symlink: /home/ambroise/hunav_ws/install/hunav_msgs/local/lib/python3.10/dist-packages/hunav_msgs-1.0.0-py3.10.egg-info/dependency_links.txt
[0.450s] -- Up-to-date symlink: /home/ambroise/hunav_ws/install/hunav_msgs/local/lib/python3.10/dist-packages/hunav_msgs-1.0.0-py3.10.egg-info/top_level.txt
[0.451s] -- Up-to-date symlink: /home/ambroise/hunav_ws/install/hunav_msgs/local/lib/python3.10/dist-packages/hunav_msgs/__init__.py
[0.451s] -- Up-to-date symlink: /home/ambroise/hunav_ws/install/hunav_msgs/local/lib/python3.10/dist-packages/hunav_msgs/_hunav_msgs_s.ep.rosidl_typesupport_c.c
[0.451s] -- Up-to-date symlink: /home/ambroise/hunav_ws/install/hunav_msgs/local/lib/python3.10/dist-packages/hunav_msgs/_hunav_msgs_s.ep.rosidl_typesupport_fastrtps_c.c
[0.451s] -- Up-to-date symlink: /home/ambroise/hunav_ws/install/hunav_msgs/local/lib/python3.10/dist-packages/hunav_msgs/_hunav_msgs_s.ep.rosidl_typesupport_introspection_c.c
[0.451s] -- Up-to-date symlink: /home/ambroise/hunav_ws/install/hunav_msgs/local/lib/python3.10/dist-packages/hunav_msgs/hunav_msgs_s__rosidl_typesupport_c.cpython-310-x86_64-linux-gnu.so
[0.451s] -- Up-to-date symlink: /home/ambroise/hunav_ws/install/hunav_msgs/local/lib/python3.10/dist-packages/hunav_msgs/hunav_msgs_s__rosidl_typesupport_fastrtps_c.cpython-310-x86_64-linux-gnu.so
[0.451s] -- Up-to-date symlink: /home/ambroise/hunav_ws/install/hunav_msgs/local/lib/python3.10/dist-packages/hunav_msgs/hunav_msgs_s__rosidl_typesupport_introspection_c.cpython-310-x86_64-linux-gnu.so
[0.451s] -- Up-to-date symlink: /home/ambroise/hunav_ws/install/hunav_msgs/local/lib/python3.10/dist-packages/hunav_msgs/libhunav_msgs__rosidl_generator_py.so
[0.451s] -- Up-to-date symlink: /home/ambroise/hunav_ws/install/hunav_msgs/local/lib/python3.10/dist-packages/hunav_msgs/msg/__init__.py
[0.451s] -- Up-to-date symlink: /home/ambroise/hunav_ws/install/hunav_msgs/local/lib/python3.10/dist-packages/hunav_msgs/msg/_agent.py
[0.451s] -- Up-to-date symlink: /home/ambroise/hunav_ws/install/hunav_msgs/local/lib/python3.10/dist-packages/hunav_msgs/msg/_agent_behavior.py
[0.451s] -- Up-to-date symlink: /home/ambroise/hunav_ws/install/hunav_msgs/local/lib/python3.10/dist-packages/hunav_msgs/msg/_agent_behavior_s.c
[0.452s] -- Up-to-date symlink: /home/ambroise/hunav_ws/install/hunav_msgs/local/lib/python3.10/dist-packages/hunav_msgs/msg/_agent_s.c
[0.452s] -- Up-to-date symlink: /home/ambroise/hunav_ws/install/hunav_msgs/local/lib/python3.10/dist-packages/hunav_msgs/msg/_agents.py
[0.452s] -- Up-to-date symlink: /home/ambroise/hunav_ws/install/hunav_msgs/local/lib/python3.10/dist-packages/hunav_msgs/msg/_agents_s.c
[0.452s] -- Up-to-date symlink: /home/ambroise/hunav_ws/install/hunav_msgs/local/lib/python3.10/dist-packages/hunav_msgs/srv/__init__.py
[0.452s] -- Up-to-date symlink: /home/ambroise/hunav_ws/install/hunav_msgs/local/lib/python3.10/dist-packages/hunav_msgs/srv/_compute_agent.py
[0.452s] -- Up-to-date symlink: /home/ambroise/hunav_ws/install/hunav_msgs/local/lib/python3.10/dist-packages/hunav_msgs/srv/_compute_agent_s.c
[0.452s] -- Up-to-date symlink: /home/ambroise/hunav_ws/install/hunav_msgs/local/lib/python3.10/dist-packages/hunav_msgs/srv/_compute_agents.py
[0.452s] -- Up-to-date symlink: /home/ambroise/hunav_ws/install/hunav_msgs/local/lib/python3.10/dist-packages/hunav_msgs/srv/_compute_agents_s.c
[0.452s] -- Up-to-date symlink: /home/ambroise/hunav_ws/install/hunav_msgs/local/lib/python3.10/dist-packages/hunav_msgs/srv/_get_agents.py
[0.452s] -- Up-to-date symlink: /home/ambroise/hunav_ws/install/hunav_msgs/local/lib/python3.10/dist-packages/hunav_msgs/srv/_get_agents_s.c
[0.452s] -- Up-to-date symlink: /home/ambroise/hunav_ws/install/hunav_msgs/local/lib/python3.10/dist-packages/hunav_msgs/srv/_get_parameters.py
[0.453s] -- Up-to-date symlink: /home/ambroise/hunav_ws/install/hunav_msgs/local/lib/python3.10/dist-packages/hunav_msgs/srv/_get_parameters_s.c
[0.453s] -- Up-to-date symlink: /home/ambroise/hunav_ws/install/hunav_msgs/local/lib/python3.10/dist-packages/hunav_msgs/srv/_move_agent.py
[0.453s] -- Up-to-date symlink: /home/ambroise/hunav_ws/install/hunav_msgs/local/lib/python3.10/dist-packages/hunav_msgs/srv/_move_agent_s.c
[0.453s] -- Up-to-date symlink: /home/ambroise/hunav_ws/install/hunav_msgs/local/lib/python3.10/dist-packages/hunav_msgs/srv/_reset_agents.py
[0.453s] -- Up-to-date symlink: /home/ambroise/hunav_ws/install/hunav_msgs/local/lib/python3.10/dist-packages/hunav_msgs/srv/_reset_agents_s.c
[0.453s] -- Up-to-date symlink: /home/ambroise/hunav_ws/install/hunav_msgs/local/lib/python3.10/dist-packages/hunav_msgs/srv/_start_evaluation.py
[0.453s] -- Up-to-date symlink: /home/ambroise/hunav_ws/install/hunav_msgs/local/lib/python3.10/dist-packages/hunav_msgs/srv/_start_evaluation_s.c
[0.453s] -- Up-to-date symlink: /home/ambroise/hunav_ws/install/hunav_msgs/local/lib/python3.10/dist-packages/hunav_msgs/hunav_msgs_s__rosidl_typesupport_fastrtps_c.cpython-310-x86_64-linux-gnu.so
[0.453s] -- Up-to-date symlink: /home/ambroise/hunav_ws/install/hunav_msgs/local/lib/python3.10/dist-packages/hunav_msgs/hunav_msgs_s__rosidl_typesupport_introspection_c.cpython-310-x86_64-linux-gnu.so
[0.454s] -- Up-to-date symlink: /home/ambroise/hunav_ws/install/hunav_msgs/local/lib/python3.10/dist-packages/hunav_msgs/hunav_msgs_s__rosidl_typesupport_c.cpython-310-x86_64-linux-gnu.so
[0.454s] -- Up-to-date symlink: /home/ambroise/hunav_ws/install/hunav_msgs/share/ament_index/resource_index/rust_packages/hunav_msgs
[0.454s] -- Up-to-date symlink: /home/ambroise/hunav_ws/install/hunav_msgs/share/hunav_msgs/rust/Cargo.toml
[0.454s] -- Up-to-date symlink: /home/ambroise/hunav_ws/install/hunav_msgs/share/hunav_msgs/rust/build.rs
[0.454s] -- Up-to-date symlink: /home/ambroise/hunav_ws/install/hunav_msgs/share/hunav_msgs/rust/src/lib.rs
[0.454s] -- Up-to-date symlink: /home/ambroise/hunav_ws/install/hunav_msgs/share/hunav_msgs/rust/src/msg.rs
[0.455s] -- Up-to-date symlink: /home/ambroise/hunav_ws/install/hunav_msgs/share/hunav_msgs/rust/src/msg/rmw.rs
[0.455s] -- Up-to-date symlink: /home/ambroise/hunav_ws/install/hunav_msgs/share/hunav_msgs/rust/src/srv.rs
[0.455s] -- Up-to-date symlink: /home/ambroise/hunav_ws/install/hunav_msgs/share/hunav_msgs/rust/src/srv/rmw.rs
[0.455s] -- Up-to-date symlink: /home/ambroise/hunav_ws/install/hunav_msgs/share/hunav_msgs/msg/Agent.idl
[0.455s] -- Up-to-date symlink: /home/ambroise/hunav_ws/install/hunav_msgs/share/hunav_msgs/msg/Agents.idl
[0.455s] -- Up-to-date symlink: /home/ambroise/hunav_ws/install/hunav_msgs/share/hunav_msgs/msg/AgentBehavior.idl
[0.455s] -- Up-to-date symlink: /home/ambroise/hunav_ws/install/hunav_msgs/share/hunav_msgs/srv/ComputeAgents.idl
[0.455s] -- Up-to-date symlink: /home/ambroise/hunav_ws/install/hunav_msgs/share/hunav_msgs/srv/ComputeAgent.idl
[0.455s] -- Up-to-date symlink: /home/ambroise/hunav_ws/install/hunav_msgs/share/hunav_msgs/srv/MoveAgent.idl
[0.456s] -- Up-to-date symlink: /home/ambroise/hunav_ws/install/hunav_msgs/share/hunav_msgs/srv/GetAgents.idl
[0.456s] -- Up-to-date symlink: /home/ambroise/hunav_ws/install/hunav_msgs/share/hunav_msgs/srv/GetParameters.idl
[0.456s] -- Up-to-date symlink: /home/ambroise/hunav_ws/install/hunav_msgs/share/hunav_msgs/srv/ResetAgents.idl
[0.456s] -- Up-to-date symlink: /home/ambroise/hunav_ws/install/hunav_msgs/share/hunav_msgs/srv/StartEvaluation.idl
[0.456s] -- Up-to-date symlink: /home/ambroise/hunav_ws/install/hunav_msgs/share/hunav_msgs/msg/Agent.msg
[0.456s] -- Up-to-date symlink: /home/ambroise/hunav_ws/install/hunav_msgs/share/hunav_msgs/msg/Agents.msg
[0.456s] -- Up-to-date symlink: /home/ambroise/hunav_ws/install/hunav_msgs/share/hunav_msgs/msg/AgentBehavior.msg
[0.456s] -- Up-to-date symlink: /home/ambroise/hunav_ws/install/hunav_msgs/share/hunav_msgs/srv/ComputeAgents.srv
[0.456s] -- Up-to-date symlink: /home/ambroise/hunav_ws/install/hunav_msgs/share/hunav_msgs/srv/ComputeAgents_Request.msg
[0.457s] -- Up-to-date symlink: /home/ambroise/hunav_ws/install/hunav_msgs/share/hunav_msgs/srv/ComputeAgents_Response.msg
[0.457s] -- Up-to-date symlink: /home/ambroise/hunav_ws/install/hunav_msgs/share/hunav_msgs/srv/ComputeAgent.srv
[0.457s] -- Up-to-date symlink: /home/ambroise/hunav_ws/install/hunav_msgs/share/hunav_msgs/srv/ComputeAgent_Request.msg
[0.457s] -- Up-to-date symlink: /home/ambroise/hunav_ws/install/hunav_msgs/share/hunav_msgs/srv/ComputeAgent_Response.msg
[0.457s] -- Up-to-date symlink: /home/ambroise/hunav_ws/install/hunav_msgs/share/hunav_msgs/srv/MoveAgent.srv
[0.457s] -- Up-to-date symlink: /home/ambroise/hunav_ws/install/hunav_msgs/share/hunav_msgs/srv/MoveAgent_Request.msg
[0.457s] -- Up-to-date symlink: /home/ambroise/hunav_ws/install/hunav_msgs/share/hunav_msgs/srv/MoveAgent_Response.msg
[0.457s] -- Up-to-date symlink: /home/ambroise/hunav_ws/install/hunav_msgs/share/hunav_msgs/srv/GetAgents.srv
[0.457s] -- Up-to-date symlink: /home/ambroise/hunav_ws/install/hunav_msgs/share/hunav_msgs/srv/GetAgents_Request.msg
[0.458s] -- Up-to-date symlink: /home/ambroise/hunav_ws/install/hunav_msgs/share/hunav_msgs/srv/GetAgents_Response.msg
[0.458s] -- Up-to-date symlink: /home/ambroise/hunav_ws/install/hunav_msgs/share/hunav_msgs/srv/GetParameters.srv
[0.458s] -- Up-to-date symlink: /home/ambroise/hunav_ws/install/hunav_msgs/share/hunav_msgs/srv/GetParameters_Request.msg
[0.458s] -- Up-to-date symlink: /home/ambroise/hunav_ws/install/hunav_msgs/share/hunav_msgs/srv/GetParameters_Response.msg
[0.458s] -- Up-to-date symlink: /home/ambroise/hunav_ws/install/hunav_msgs/share/hunav_msgs/srv/ResetAgents.srv
[0.458s] -- Up-to-date symlink: /home/ambroise/hunav_ws/install/hunav_msgs/share/hunav_msgs/srv/ResetAgents_Request.msg
[0.458s] -- Up-to-date symlink: /home/ambroise/hunav_ws/install/hunav_msgs/share/hunav_msgs/srv/ResetAgents_Response.msg
[0.458s] -- Up-to-date symlink: /home/ambroise/hunav_ws/install/hunav_msgs/share/hunav_msgs/srv/StartEvaluation.srv
[0.458s] -- Up-to-date symlink: /home/ambroise/hunav_ws/install/hunav_msgs/share/hunav_msgs/srv/StartEvaluation_Request.msg
[0.458s] -- Up-to-date symlink: /home/ambroise/hunav_ws/install/hunav_msgs/share/hunav_msgs/srv/StartEvaluation_Response.msg
[0.459s] -- Up-to-date symlink: /home/ambroise/hunav_ws/install/hunav_msgs/share/ament_index/resource_index/package_run_dependencies/hunav_msgs
[0.459s] -- Up-to-date symlink: /home/ambroise/hunav_ws/install/hunav_msgs/share/ament_index/resource_index/parent_prefix_path/hunav_msgs
[0.459s] -- Up-to-date symlink: /home/ambroise/hunav_ws/install/hunav_msgs/share/hunav_msgs/environment/ament_prefix_path.sh
[0.459s] -- Up-to-date symlink: /home/ambroise/hunav_ws/install/hunav_msgs/share/hunav_msgs/environment/ament_prefix_path.dsv
[0.459s] -- Up-to-date symlink: /home/ambroise/hunav_ws/install/hunav_msgs/share/hunav_msgs/environment/path.sh
[0.459s] -- Up-to-date symlink: /home/ambroise/hunav_ws/install/hunav_msgs/share/hunav_msgs/environment/path.dsv
[0.459s] -- Up-to-date symlink: /home/ambroise/hunav_ws/install/hunav_msgs/share/hunav_msgs/local_setup.bash
[0.459s] -- Up-to-date symlink: /home/ambroise/hunav_ws/install/hunav_msgs/share/hunav_msgs/local_setup.sh
[0.460s] -- Up-to-date symlink: /home/ambroise/hunav_ws/install/hunav_msgs/share/hunav_msgs/local_setup.zsh
[0.460s] -- Up-to-date symlink: /home/ambroise/hunav_ws/install/hunav_msgs/share/hunav_msgs/local_setup.dsv
[0.460s] -- Symlinking: /home/ambroise/hunav_ws/install/hunav_msgs/share/hunav_msgs/package.dsv
[0.471s] -- Up-to-date symlink: /home/ambroise/hunav_ws/install/hunav_msgs/share/ament_index/resource_index/packages/hunav_msgs
[0.471s] -- Up-to-date symlink: /home/ambroise/hunav_ws/install/hunav_msgs/share/hunav_msgs/cmake/rosidl_cmake-extras.cmake
[0.471s] -- Up-to-date symlink: /home/ambroise/hunav_ws/install/hunav_msgs/share/hunav_msgs/cmake/ament_cmake_export_dependencies-extras.cmake
[0.471s] -- Up-to-date symlink: /home/ambroise/hunav_ws/install/hunav_msgs/share/hunav_msgs/cmake/ament_cmake_export_include_directories-extras.cmake
[0.471s] -- Up-to-date symlink: /home/ambroise/hunav_ws/install/hunav_msgs/share/hunav_msgs/cmake/ament_cmake_export_libraries-extras.cmake
[0.471s] -- Up-to-date symlink: /home/ambroise/hunav_ws/install/hunav_msgs/share/hunav_msgs/cmake/ament_cmake_export_targets-extras.cmake
[0.471s] -- Up-to-date symlink: /home/ambroise/hunav_ws/install/hunav_msgs/share/hunav_msgs/cmake/rosidl_cmake_export_typesupport_targets-extras.cmake
[0.472s] -- Up-to-date symlink: /home/ambroise/hunav_ws/install/hunav_msgs/share/hunav_msgs/cmake/rosidl_cmake_export_typesupport_libraries-extras.cmake
[0.472s] -- Up-to-date symlink: /home/ambroise/hunav_ws/install/hunav_msgs/share/hunav_msgs/cmake/hunav_msgsConfig.cmake
[0.472s] -- Up-to-date symlink: /home/ambroise/hunav_ws/install/hunav_msgs/share/hunav_msgs/cmake/hunav_msgsConfig-version.cmake
[0.472s] -- Up-to-date symlink: /home/ambroise/hunav_ws/install/hunav_msgs/share/hunav_msgs/package.xml
[0.472s] -- Up-to-date: /home/ambroise/hunav_ws/install/hunav_msgs/lib/libhunav_msgs__rosidl_generator_c.so
[0.472s] -- Up-to-date: /home/ambroise/hunav_ws/install/hunav_msgs/lib/libhunav_msgs__rosidl_typesupport_fastrtps_c.so
[0.472s] -- Up-to-date: /home/ambroise/hunav_ws/install/hunav_msgs/lib/libhunav_msgs__rosidl_typesupport_fastrtps_cpp.so
[0.473s] -- Up-to-date: /home/ambroise/hunav_ws/install/hunav_msgs/lib/libhunav_msgs__rosidl_typesupport_introspection_c.so
[0.473s] -- Up-to-date: /home/ambroise/hunav_ws/install/hunav_msgs/lib/libhunav_msgs__rosidl_typesupport_c.so
[0.473s] -- Up-to-date: /home/ambroise/hunav_ws/install/hunav_msgs/lib/libhunav_msgs__rosidl_typesupport_introspection_cpp.so
[0.473s] -- Up-to-date: /home/ambroise/hunav_ws/install/hunav_msgs/lib/libhunav_msgs__rosidl_typesupport_cpp.so
[0.501s] Listing '/home/ambroise/hunav_ws/install/hunav_msgs/local/lib/python3.10/dist-packages/hunav_msgs'...
[0.501s] Listing '/home/ambroise/hunav_ws/install/hunav_msgs/local/lib/python3.10/dist-packages/hunav_msgs/msg'...
[0.502s] Listing '/home/ambroise/hunav_ws/install/hunav_msgs/local/lib/python3.10/dist-packages/hunav_msgs/srv'...
[0.505s] -- Up-to-date: /home/ambroise/hunav_ws/install/hunav_msgs/lib/libhunav_msgs__rosidl_generator_py.so
[0.505s] -- Up-to-date: /home/ambroise/hunav_ws/install/hunav_msgs/share/hunav_msgs/cmake/export_hunav_msgs__rosidl_generator_cExport.cmake
[0.506s] -- Up-to-date: /home/ambroise/hunav_ws/install/hunav_msgs/share/hunav_msgs/cmake/export_hunav_msgs__rosidl_generator_cExport-noconfig.cmake
[0.506s] -- Up-to-date: /home/ambroise/hunav_ws/install/hunav_msgs/share/hunav_msgs/cmake/export_hunav_msgs__rosidl_typesupport_fastrtps_cExport.cmake
[0.506s] -- Up-to-date: /home/ambroise/hunav_ws/install/hunav_msgs/share/hunav_msgs/cmake/export_hunav_msgs__rosidl_typesupport_fastrtps_cExport-noconfig.cmake
[0.507s] -- Up-to-date: /home/ambroise/hunav_ws/install/hunav_msgs/share/hunav_msgs/cmake/export_hunav_msgs__rosidl_generator_cppExport.cmake
[0.507s] -- Up-to-date: /home/ambroise/hunav_ws/install/hunav_msgs/share/hunav_msgs/cmake/export_hunav_msgs__rosidl_typesupport_fastrtps_cppExport.cmake
[0.507s] -- Up-to-date: /home/ambroise/hunav_ws/install/hunav_msgs/share/hunav_msgs/cmake/export_hunav_msgs__rosidl_typesupport_fastrtps_cppExport-noconfig.cmake
[0.507s] -- Up-to-date: /home/ambroise/hunav_ws/install/hunav_msgs/share/hunav_msgs/cmake/hunav_msgs__rosidl_typesupport_introspection_cExport.cmake
[0.507s] -- Up-to-date: /home/ambroise/hunav_ws/install/hunav_msgs/share/hunav_msgs/cmake/hunav_msgs__rosidl_typesupport_introspection_cExport-noconfig.cmake
[0.507s] -- Up-to-date: /home/ambroise/hunav_ws/install/hunav_msgs/share/hunav_msgs/cmake/hunav_msgs__rosidl_typesupport_cExport.cmake
[0.507s] -- Up-to-date: /home/ambroise/hunav_ws/install/hunav_msgs/share/hunav_msgs/cmake/hunav_msgs__rosidl_typesupport_cExport-noconfig.cmake
[0.507s] -- Up-to-date: /home/ambroise/hunav_ws/install/hunav_msgs/share/hunav_msgs/cmake/hunav_msgs__rosidl_typesupport_introspection_cppExport.cmake
[0.507s] -- Up-to-date: /home/ambroise/hunav_ws/install/hunav_msgs/share/hunav_msgs/cmake/hunav_msgs__rosidl_typesupport_introspection_cppExport-noconfig.cmake
[0.507s] -- Up-to-date: /home/ambroise/hunav_ws/install/hunav_msgs/share/hunav_msgs/cmake/hunav_msgs__rosidl_typesupport_cppExport.cmake
[0.507s] -- Up-to-date: /home/ambroise/hunav_ws/install/hunav_msgs/share/hunav_msgs/cmake/hunav_msgs__rosidl_typesupport_cppExport-noconfig.cmake
[0.507s] -- Up-to-date: /home/ambroise/hunav_ws/install/hunav_msgs/share/hunav_msgs/cmake/export_hunav_msgs__rosidl_generator_pyExport.cmake
[0.507s] -- Up-to-date: /home/ambroise/hunav_ws/install/hunav_msgs/share/hunav_msgs/cmake/export_hunav_msgs__rosidl_generator_pyExport-noconfig.cmake
[0.525s] Invoked command in '/home/ambroise/hunav_ws/build/hunav_msgs' returned '0': CMAKE_PREFIX_PATH=${CMAKE_PREFIX_PATH}:/home/ambroise/hunav_ws/install/hunav_behavior_tree_generator:/home/ambroise/hunav_ws/install/hunav_evaluator:/opt/ros/humble /usr/bin/cmake --install /home/ambroise/hunav_ws/build/hunav_msgs
