[0.742s] Invoking command in '/home/ambroise/hunav_ws/build/hunav_behavior_tree_generator': CMAKE_PREFIX_PATH=/home/ambroise/hunav_ws/install/hunav_gazebo_wrapper:/home/ambroise/hunav_ws/install/hunav_msgs:/home/ambroise/hunav_ws/install/hunav_sim:/home/ambroise/hunav_ws/install/hunav_agent_manager:/home/ambroise/hunav_ws/install/people_msgs:/home/ambroise/hunav_ws/install/hunav_rviz2_panel LD_LIBRARY_PATH=/home/ambroise/hunav_ws/install/hunav_gazebo_wrapper/lib:/home/ambroise/hunav_ws/install/hunav_msgs/lib:/home/ambroise/hunav_ws/install/people_msgs/lib:/home/ambroise/hunav_ws/install/hunav_rviz2_panel/lib:/usr/lib/x86_64-linux-gnu/gazebo-11/plugins:/opt/ros/humble/opt/rviz_ogre_vendor/lib:/opt/ros/humble/lib/x86_64-linux-gnu:/opt/ros/humble/lib:/usr/lib/x86_64-linux-gnu/gazebo-11/plugins PYTHONPATH=/home/ambroise/hunav_ws/build/hunav_behavior_tree_generator/prefix_override:/usr/lib/python3/dist-packages/colcon_core/task/python/colcon_distutils_commands:/home/ambroise/hunav_ws/install/hunav_behavior_tree_generator/lib/python3.10/site-packages:${PYTHONPATH} /usr/bin/python3 -W ignore:setup.py install is deprecated -W ignore:easy_install command is deprecated setup.py develop --editable --build-directory /home/ambroise/hunav_ws/build/hunav_behavior_tree_generator/build --no-deps symlink_data
[0.959s] running develop
[1.086s] running egg_info
[1.086s] creating hunav_behavior_tree_generator.egg-info
[1.086s] writing hunav_behavior_tree_generator.egg-info/PKG-INFO
[1.086s] writing dependency_links to hunav_behavior_tree_generator.egg-info/dependency_links.txt
[1.086s] writing entry points to hunav_behavior_tree_generator.egg-info/entry_points.txt
[1.087s] writing requirements to hunav_behavior_tree_generator.egg-info/requires.txt
[1.087s] writing top-level names to hunav_behavior_tree_generator.egg-info/top_level.txt
[1.087s] writing manifest file 'hunav_behavior_tree_generator.egg-info/SOURCES.txt'
[1.089s] reading manifest file 'hunav_behavior_tree_generator.egg-info/SOURCES.txt'
[1.089s] writing manifest file 'hunav_behavior_tree_generator.egg-info/SOURCES.txt'
[1.090s] running build_ext
[1.091s] Creating /home/ambroise/hunav_ws/install/hunav_behavior_tree_generator/lib/python3.10/site-packages/hunav-behavior-tree-generator.egg-link (link to .)
[1.091s] Installing generator_cli script to /home/ambroise/hunav_ws/install/hunav_behavior_tree_generator/lib/hunav_behavior_tree_generator
[1.091s] 
[1.091s] Installed /home/ambroise/hunav_ws/build/hunav_behavior_tree_generator
[1.091s] running symlink_data
[1.091s] creating /home/ambroise/hunav_ws/install/hunav_behavior_tree_generator/share/ament_index
[1.092s] creating /home/ambroise/hunav_ws/install/hunav_behavior_tree_generator/share/ament_index/resource_index
[1.092s] creating /home/ambroise/hunav_ws/install/hunav_behavior_tree_generator/share/ament_index/resource_index/packages
[1.092s] symbolically linking /home/ambroise/hunav_ws/build/hunav_behavior_tree_generator/resource/hunav_behavior_tree_generator -> /home/ambroise/hunav_ws/install/hunav_behavior_tree_generator/share/ament_index/resource_index/packages
[1.092s] symbolically linking /home/ambroise/hunav_ws/build/hunav_behavior_tree_generator/package.xml -> /home/ambroise/hunav_ws/install/hunav_behavior_tree_generator/share/hunav_behavior_tree_generator
[1.092s] creating /home/ambroise/hunav_ws/install/hunav_behavior_tree_generator/share/hunav_behavior_tree_generator/prompts
[1.092s] symbolically linking /home/ambroise/hunav_ws/build/hunav_behavior_tree_generator/hunav_behavior_tree_generator/prompts/BT_gen.txt -> /home/ambroise/hunav_ws/install/hunav_behavior_tree_generator/share/hunav_behavior_tree_generator/prompts
[1.127s] Invoked command in '/home/ambroise/hunav_ws/build/hunav_behavior_tree_generator' returned '0': CMAKE_PREFIX_PATH=/home/ambroise/hunav_ws/install/hunav_gazebo_wrapper:/home/ambroise/hunav_ws/install/hunav_msgs:/home/ambroise/hunav_ws/install/hunav_sim:/home/ambroise/hunav_ws/install/hunav_agent_manager:/home/ambroise/hunav_ws/install/people_msgs:/home/ambroise/hunav_ws/install/hunav_rviz2_panel LD_LIBRARY_PATH=/home/ambroise/hunav_ws/install/hunav_gazebo_wrapper/lib:/home/ambroise/hunav_ws/install/hunav_msgs/lib:/home/ambroise/hunav_ws/install/people_msgs/lib:/home/ambroise/hunav_ws/install/hunav_rviz2_panel/lib:/usr/lib/x86_64-linux-gnu/gazebo-11/plugins:/opt/ros/humble/opt/rviz_ogre_vendor/lib:/opt/ros/humble/lib/x86_64-linux-gnu:/opt/ros/humble/lib:/usr/lib/x86_64-linux-gnu/gazebo-11/plugins PYTHONPATH=/home/ambroise/hunav_ws/build/hunav_behavior_tree_generator/prefix_override:/usr/lib/python3/dist-packages/colcon_core/task/python/colcon_distutils_commands:/home/ambroise/hunav_ws/install/hunav_behavior_tree_generator/lib/python3.10/site-packages:${PYTHONPATH} /usr/bin/python3 -W ignore:setup.py install is deprecated -W ignore:easy_install command is deprecated setup.py develop --editable --build-directory /home/ambroise/hunav_ws/build/hunav_behavior_tree_generator/build --no-deps symlink_data
