-- Found ament_cmake: 1.3.14 (/opt/ros/humble/share/ament_cmake/cmake)
-- Override CMake install command with custom implementation using symlinks instead of copying resources
-- Found rclcpp: 16.0.19 (/opt/ros/humble/share/rclcpp/cmake)
-- Found rosidl_generator_c: 3.1.8 (/opt/ros/humble/share/rosidl_generator_c/cmake)
-- Found rosidl_adapter: 3.1.8 (/opt/ros/humble/share/rosidl_adapter/cmake)
-- Found rosidl_generator_cpp: 3.1.8 (/opt/ros/humble/share/rosidl_generator_cpp/cmake)
-- Using all available rosidl_typesupport_c: rosidl_typesupport_fastrtps_c;rosidl_typesupport_introspection_c
-- Using all available rosidl_typesupport_cpp: rosidl_typesupport_fastrtps_cpp;rosidl_typesupport_introspection_cpp
-- Found rmw_implementation_cmake: 6.1.2 (/opt/ros/humble/share/rmw_implementation_cmake/cmake)
-- Found rmw_fastrtps_cpp: 6.2.10 (/opt/ros/humble/share/rmw_fastrtps_cpp/cmake)
-- Using RMW implementation 'rmw_fastrtps_cpp' as default
-- Found nav2_costmap_2d: 1.1.20 (/opt/ros/humble/share/nav2_costmap_2d/cmake)
-- Ensuring Eigen3 include directory is part of orocos-kdl CMake target
-- Found people_msgs: 1.3.0 (/home/ambroise/hunav_ws/install/people_msgs/share/people_msgs/cmake)
-- Found ament_lint_auto: 0.12.15 (/opt/ros/humble/share/ament_lint_auto/cmake)
-- Added test 'copyright' to check source files copyright and LICENSE
-- Added test 'cppcheck' to perform static code analysis on C / C++ code
-- Configured cppcheck include dirs: /home/ambroise/hunav_ws/src/nav2_social_costmap_plugin/include
-- Configured cppcheck exclude dirs and/or files: 
-- Added test 'cpplint' to check C / C++ code against the Google style
-- Configured cpplint exclude dirs and/or files: 
-- Added test 'lint_cmake' to check CMake code style
-- Added test 'uncrustify' to check C / C++ code style
-- Configured uncrustify additional arguments: 
-- Added test 'xmllint' to check XML markup files
-- Configuring done
-- Generating done
-- Build files have been written to: /home/ambroise/hunav_ws/build/nav2_social_costmap_plugin
[35m[1mConsolidate compiler generated dependencies of target nav2_social_costmap_plugin_core[0m
[100%] Built target nav2_social_costmap_plugin_core
-- Install configuration: ""
-- Execute custom install script
-- Up-to-date symlink: /home/ambroise/hunav_ws/install/nav2_social_costmap_plugin/lib/libnav2_social_costmap_plugin_core.so
-- Up-to-date symlink: /home/ambroise/hunav_ws/install/nav2_social_costmap_plugin/share/nav2_social_costmap_plugin//social_layer.xml
-- Up-to-date symlink: /home/ambroise/hunav_ws/install/nav2_social_costmap_plugin/share/ament_index/resource_index/package_run_dependencies/nav2_social_costmap_plugin
-- Up-to-date symlink: /home/ambroise/hunav_ws/install/nav2_social_costmap_plugin/share/ament_index/resource_index/parent_prefix_path/nav2_social_costmap_plugin
-- Up-to-date symlink: /home/ambroise/hunav_ws/install/nav2_social_costmap_plugin/share/nav2_social_costmap_plugin/environment/ament_prefix_path.sh
-- Up-to-date symlink: /home/ambroise/hunav_ws/install/nav2_social_costmap_plugin/share/nav2_social_costmap_plugin/environment/ament_prefix_path.dsv
-- Up-to-date symlink: /home/ambroise/hunav_ws/install/nav2_social_costmap_plugin/share/nav2_social_costmap_plugin/environment/path.sh
-- Up-to-date symlink: /home/ambroise/hunav_ws/install/nav2_social_costmap_plugin/share/nav2_social_costmap_plugin/environment/path.dsv
-- Up-to-date symlink: /home/ambroise/hunav_ws/install/nav2_social_costmap_plugin/share/nav2_social_costmap_plugin/local_setup.bash
-- Up-to-date symlink: /home/ambroise/hunav_ws/install/nav2_social_costmap_plugin/share/nav2_social_costmap_plugin/local_setup.sh
-- Up-to-date symlink: /home/ambroise/hunav_ws/install/nav2_social_costmap_plugin/share/nav2_social_costmap_plugin/local_setup.zsh
-- Up-to-date symlink: /home/ambroise/hunav_ws/install/nav2_social_costmap_plugin/share/nav2_social_costmap_plugin/local_setup.dsv
-- Symlinking: /home/ambroise/hunav_ws/install/nav2_social_costmap_plugin/share/nav2_social_costmap_plugin/package.dsv
-- Up-to-date symlink: /home/ambroise/hunav_ws/install/nav2_social_costmap_plugin/share/ament_index/resource_index/packages/nav2_social_costmap_plugin
-- Up-to-date symlink: /home/ambroise/hunav_ws/install/nav2_social_costmap_plugin/share/ament_index/resource_index/nav2_costmap_2d__pluginlib__plugin/nav2_social_costmap_plugin
-- Up-to-date symlink: /home/ambroise/hunav_ws/install/nav2_social_costmap_plugin/share/nav2_social_costmap_plugin/cmake/nav2_social_costmap_pluginConfig.cmake
-- Up-to-date symlink: /home/ambroise/hunav_ws/install/nav2_social_costmap_plugin/share/nav2_social_costmap_plugin/cmake/nav2_social_costmap_pluginConfig-version.cmake
-- Up-to-date symlink: /home/ambroise/hunav_ws/install/nav2_social_costmap_plugin/share/nav2_social_costmap_plugin/package.xml
