[0.018s] Invoking command in '/home/ambroise/hunav_ws/build/nav2_social_costmap_plugin': CMAKE_PREFIX_PATH=/home/ambroise/hunav_ws/install/people_msgs:/home/ambroise/hunav_ws/install/nav2_social_costmap_plugin:/home/ambroise/hunav_ws/install/hunav_sim:/home/ambroise/hunav_ws/install/hunav_agent_manager:/home/ambroise/hunav_ws/install/hunav_rviz2_panel:/home/ambroise/hunav_ws/install/hunav_gazebo_wrapper:/home/ambroise/hunav_ws/install/hunav_msgs:/home/ambroise/hunav_ws/install/hunav_behavior_tree_generator:/home/ambroise/hunav_ws/install/hunav_evaluator:/opt/ros/humble LD_LIBRARY_PATH=/home/ambroise/hunav_ws/install/people_msgs/lib:/home/ambroise/hunav_ws/install/nav2_social_costmap_plugin/lib:/home/ambroise/hunav_ws/install/hunav_rviz2_panel/lib:/home/ambroise/hunav_ws/install/hunav_gazebo_wrapper/lib:/home/ambroise/hunav_ws/install/hunav_msgs/lib:/usr/lib/x86_64-linux-gnu/gazebo-11/plugins:/opt/ros/humble/opt/rviz_ogre_vendor/lib:/opt/ros/humble/lib/x86_64-linux-gnu:/opt/ros/humble/lib:/usr/lib/x86_64-linux-gnu/gazebo-11/plugins:/home/ambroise/hunav_ws/install/hunav_gazebo_wrapper/lib /usr/bin/cmake /home/ambroise/hunav_ws/src/nav2_social_costmap_plugin -DCMAKE_INSTALL_PREFIX=/home/ambroise/hunav_ws/install/nav2_social_costmap_plugin
[0.033s] -- Found ament_cmake: 1.3.14 (/opt/ros/humble/share/ament_cmake/cmake)
[0.185s] -- Override CMake install command with custom implementation using symlinks instead of copying resources
[0.193s] -- Found rclcpp: 16.0.19 (/opt/ros/humble/share/rclcpp/cmake)
[0.224s] -- Found rosidl_generator_c: 3.1.8 (/opt/ros/humble/share/rosidl_generator_c/cmake)
[0.227s] -- Found rosidl_adapter: 3.1.8 (/opt/ros/humble/share/rosidl_adapter/cmake)
[0.233s] -- Found rosidl_generator_cpp: 3.1.8 (/opt/ros/humble/share/rosidl_generator_cpp/cmake)
[0.243s] -- Using all available rosidl_typesupport_c: rosidl_typesupport_fastrtps_c;rosidl_typesupport_introspection_c
[0.257s] -- Using all available rosidl_typesupport_cpp: rosidl_typesupport_fastrtps_cpp;rosidl_typesupport_introspection_cpp
[0.291s] -- Found rmw_implementation_cmake: 6.1.2 (/opt/ros/humble/share/rmw_implementation_cmake/cmake)
[0.292s] -- Found rmw_fastrtps_cpp: 6.2.10 (/opt/ros/humble/share/rmw_fastrtps_cpp/cmake)
[0.432s] -- Using RMW implementation 'rmw_fastrtps_cpp' as default
[0.481s] -- Found nav2_costmap_2d: 1.1.20 (/opt/ros/humble/share/nav2_costmap_2d/cmake)
[0.683s] -- Ensuring Eigen3 include directory is part of orocos-kdl CMake target
[0.796s] -- Found people_msgs: 1.3.0 (/home/ambroise/hunav_ws/install/people_msgs/share/people_msgs/cmake)
[0.813s] -- Found ament_lint_auto: 0.12.15 (/opt/ros/humble/share/ament_lint_auto/cmake)
[0.909s] -- Added test 'copyright' to check source files copyright and LICENSE
[0.913s] -- Added test 'cppcheck' to perform static code analysis on C / C++ code
[0.913s] -- Configured cppcheck include dirs: /home/ambroise/hunav_ws/src/nav2_social_costmap_plugin/include
[0.914s] -- Configured cppcheck exclude dirs and/or files: 
[0.917s] -- Added test 'cpplint' to check C / C++ code against the Google style
[0.917s] -- Configured cpplint exclude dirs and/or files: 
[0.918s] -- Added test 'lint_cmake' to check CMake code style
[0.922s] -- Added test 'uncrustify' to check C / C++ code style
[0.923s] -- Configured uncrustify additional arguments: 
[0.923s] -- Added test 'xmllint' to check XML markup files
[0.924s] -- Configuring done
[0.975s] -- Generating done
[0.983s] -- Build files have been written to: /home/ambroise/hunav_ws/build/nav2_social_costmap_plugin
[1.005s] Invoked command in '/home/ambroise/hunav_ws/build/nav2_social_costmap_plugin' returned '0': CMAKE_PREFIX_PATH=/home/ambroise/hunav_ws/install/people_msgs:/home/ambroise/hunav_ws/install/nav2_social_costmap_plugin:/home/ambroise/hunav_ws/install/hunav_sim:/home/ambroise/hunav_ws/install/hunav_agent_manager:/home/ambroise/hunav_ws/install/hunav_rviz2_panel:/home/ambroise/hunav_ws/install/hunav_gazebo_wrapper:/home/ambroise/hunav_ws/install/hunav_msgs:/home/ambroise/hunav_ws/install/hunav_behavior_tree_generator:/home/ambroise/hunav_ws/install/hunav_evaluator:/opt/ros/humble LD_LIBRARY_PATH=/home/ambroise/hunav_ws/install/people_msgs/lib:/home/ambroise/hunav_ws/install/nav2_social_costmap_plugin/lib:/home/ambroise/hunav_ws/install/hunav_rviz2_panel/lib:/home/ambroise/hunav_ws/install/hunav_gazebo_wrapper/lib:/home/ambroise/hunav_ws/install/hunav_msgs/lib:/usr/lib/x86_64-linux-gnu/gazebo-11/plugins:/opt/ros/humble/opt/rviz_ogre_vendor/lib:/opt/ros/humble/lib/x86_64-linux-gnu:/opt/ros/humble/lib:/usr/lib/x86_64-linux-gnu/gazebo-11/plugins:/home/ambroise/hunav_ws/install/hunav_gazebo_wrapper/lib /usr/bin/cmake /home/ambroise/hunav_ws/src/nav2_social_costmap_plugin -DCMAKE_INSTALL_PREFIX=/home/ambroise/hunav_ws/install/nav2_social_costmap_plugin
[1.007s] Invoking command in '/home/ambroise/hunav_ws/build/nav2_social_costmap_plugin': CMAKE_PREFIX_PATH=/home/ambroise/hunav_ws/install/people_msgs:/home/ambroise/hunav_ws/install/nav2_social_costmap_plugin:/home/ambroise/hunav_ws/install/hunav_sim:/home/ambroise/hunav_ws/install/hunav_agent_manager:/home/ambroise/hunav_ws/install/hunav_rviz2_panel:/home/ambroise/hunav_ws/install/hunav_gazebo_wrapper:/home/ambroise/hunav_ws/install/hunav_msgs:/home/ambroise/hunav_ws/install/hunav_behavior_tree_generator:/home/ambroise/hunav_ws/install/hunav_evaluator:/opt/ros/humble LD_LIBRARY_PATH=/home/ambroise/hunav_ws/install/people_msgs/lib:/home/ambroise/hunav_ws/install/nav2_social_costmap_plugin/lib:/home/ambroise/hunav_ws/install/hunav_rviz2_panel/lib:/home/ambroise/hunav_ws/install/hunav_gazebo_wrapper/lib:/home/ambroise/hunav_ws/install/hunav_msgs/lib:/usr/lib/x86_64-linux-gnu/gazebo-11/plugins:/opt/ros/humble/opt/rviz_ogre_vendor/lib:/opt/ros/humble/lib/x86_64-linux-gnu:/opt/ros/humble/lib:/usr/lib/x86_64-linux-gnu/gazebo-11/plugins:/home/ambroise/hunav_ws/install/hunav_gazebo_wrapper/lib /usr/bin/cmake --build /home/ambroise/hunav_ws/build/nav2_social_costmap_plugin -- -j16 -l16
[1.068s] [35m[1mConsolidate compiler generated dependencies of target nav2_social_costmap_plugin_core[0m
[1.107s] [100%] Built target nav2_social_costmap_plugin_core
[1.124s] Invoked command in '/home/ambroise/hunav_ws/build/nav2_social_costmap_plugin' returned '0': CMAKE_PREFIX_PATH=/home/ambroise/hunav_ws/install/people_msgs:/home/ambroise/hunav_ws/install/nav2_social_costmap_plugin:/home/ambroise/hunav_ws/install/hunav_sim:/home/ambroise/hunav_ws/install/hunav_agent_manager:/home/ambroise/hunav_ws/install/hunav_rviz2_panel:/home/ambroise/hunav_ws/install/hunav_gazebo_wrapper:/home/ambroise/hunav_ws/install/hunav_msgs:/home/ambroise/hunav_ws/install/hunav_behavior_tree_generator:/home/ambroise/hunav_ws/install/hunav_evaluator:/opt/ros/humble LD_LIBRARY_PATH=/home/ambroise/hunav_ws/install/people_msgs/lib:/home/ambroise/hunav_ws/install/nav2_social_costmap_plugin/lib:/home/ambroise/hunav_ws/install/hunav_rviz2_panel/lib:/home/ambroise/hunav_ws/install/hunav_gazebo_wrapper/lib:/home/ambroise/hunav_ws/install/hunav_msgs/lib:/usr/lib/x86_64-linux-gnu/gazebo-11/plugins:/opt/ros/humble/opt/rviz_ogre_vendor/lib:/opt/ros/humble/lib/x86_64-linux-gnu:/opt/ros/humble/lib:/usr/lib/x86_64-linux-gnu/gazebo-11/plugins:/home/ambroise/hunav_ws/install/hunav_gazebo_wrapper/lib /usr/bin/cmake --build /home/ambroise/hunav_ws/build/nav2_social_costmap_plugin -- -j16 -l16
[1.140s] Invoking command in '/home/ambroise/hunav_ws/build/nav2_social_costmap_plugin': CMAKE_PREFIX_PATH=/home/ambroise/hunav_ws/install/people_msgs:/home/ambroise/hunav_ws/install/nav2_social_costmap_plugin:/home/ambroise/hunav_ws/install/hunav_sim:/home/ambroise/hunav_ws/install/hunav_agent_manager:/home/ambroise/hunav_ws/install/hunav_rviz2_panel:/home/ambroise/hunav_ws/install/hunav_gazebo_wrapper:/home/ambroise/hunav_ws/install/hunav_msgs:/home/ambroise/hunav_ws/install/hunav_behavior_tree_generator:/home/ambroise/hunav_ws/install/hunav_evaluator:/opt/ros/humble LD_LIBRARY_PATH=/home/ambroise/hunav_ws/install/people_msgs/lib:/home/ambroise/hunav_ws/install/nav2_social_costmap_plugin/lib:/home/ambroise/hunav_ws/install/hunav_rviz2_panel/lib:/home/ambroise/hunav_ws/install/hunav_gazebo_wrapper/lib:/home/ambroise/hunav_ws/install/hunav_msgs/lib:/usr/lib/x86_64-linux-gnu/gazebo-11/plugins:/opt/ros/humble/opt/rviz_ogre_vendor/lib:/opt/ros/humble/lib/x86_64-linux-gnu:/opt/ros/humble/lib:/usr/lib/x86_64-linux-gnu/gazebo-11/plugins:/home/ambroise/hunav_ws/install/hunav_gazebo_wrapper/lib /usr/bin/cmake --install /home/ambroise/hunav_ws/build/nav2_social_costmap_plugin
[1.151s] -- Install configuration: ""
[1.151s] -- Execute custom install script
[1.151s] -- Up-to-date symlink: /home/ambroise/hunav_ws/install/nav2_social_costmap_plugin/lib/libnav2_social_costmap_plugin_core.so
[1.152s] -- Up-to-date symlink: /home/ambroise/hunav_ws/install/nav2_social_costmap_plugin/share/nav2_social_costmap_plugin//social_layer.xml
[1.152s] -- Up-to-date symlink: /home/ambroise/hunav_ws/install/nav2_social_costmap_plugin/share/ament_index/resource_index/package_run_dependencies/nav2_social_costmap_plugin
[1.152s] -- Up-to-date symlink: /home/ambroise/hunav_ws/install/nav2_social_costmap_plugin/share/ament_index/resource_index/parent_prefix_path/nav2_social_costmap_plugin
[1.152s] -- Up-to-date symlink: /home/ambroise/hunav_ws/install/nav2_social_costmap_plugin/share/nav2_social_costmap_plugin/environment/ament_prefix_path.sh
[1.152s] -- Up-to-date symlink: /home/ambroise/hunav_ws/install/nav2_social_costmap_plugin/share/nav2_social_costmap_plugin/environment/ament_prefix_path.dsv
[1.152s] -- Up-to-date symlink: /home/ambroise/hunav_ws/install/nav2_social_costmap_plugin/share/nav2_social_costmap_plugin/environment/path.sh
[1.153s] -- Up-to-date symlink: /home/ambroise/hunav_ws/install/nav2_social_costmap_plugin/share/nav2_social_costmap_plugin/environment/path.dsv
[1.153s] -- Up-to-date symlink: /home/ambroise/hunav_ws/install/nav2_social_costmap_plugin/share/nav2_social_costmap_plugin/local_setup.bash
[1.153s] -- Up-to-date symlink: /home/ambroise/hunav_ws/install/nav2_social_costmap_plugin/share/nav2_social_costmap_plugin/local_setup.sh
[1.153s] -- Up-to-date symlink: /home/ambroise/hunav_ws/install/nav2_social_costmap_plugin/share/nav2_social_costmap_plugin/local_setup.zsh
[1.153s] -- Up-to-date symlink: /home/ambroise/hunav_ws/install/nav2_social_costmap_plugin/share/nav2_social_costmap_plugin/local_setup.dsv
[1.153s] -- Symlinking: /home/ambroise/hunav_ws/install/nav2_social_costmap_plugin/share/nav2_social_costmap_plugin/package.dsv
[1.168s] -- Up-to-date symlink: /home/ambroise/hunav_ws/install/nav2_social_costmap_plugin/share/ament_index/resource_index/packages/nav2_social_costmap_plugin
[1.168s] -- Up-to-date symlink: /home/ambroise/hunav_ws/install/nav2_social_costmap_plugin/share/ament_index/resource_index/nav2_costmap_2d__pluginlib__plugin/nav2_social_costmap_plugin
[1.168s] -- Up-to-date symlink: /home/ambroise/hunav_ws/install/nav2_social_costmap_plugin/share/nav2_social_costmap_plugin/cmake/nav2_social_costmap_pluginConfig.cmake
[1.168s] -- Up-to-date symlink: /home/ambroise/hunav_ws/install/nav2_social_costmap_plugin/share/nav2_social_costmap_plugin/cmake/nav2_social_costmap_pluginConfig-version.cmake
[1.168s] -- Up-to-date symlink: /home/ambroise/hunav_ws/install/nav2_social_costmap_plugin/share/nav2_social_costmap_plugin/package.xml
[1.173s] Invoked command in '/home/ambroise/hunav_ws/build/nav2_social_costmap_plugin' returned '0': CMAKE_PREFIX_PATH=/home/ambroise/hunav_ws/install/people_msgs:/home/ambroise/hunav_ws/install/nav2_social_costmap_plugin:/home/ambroise/hunav_ws/install/hunav_sim:/home/ambroise/hunav_ws/install/hunav_agent_manager:/home/ambroise/hunav_ws/install/hunav_rviz2_panel:/home/ambroise/hunav_ws/install/hunav_gazebo_wrapper:/home/ambroise/hunav_ws/install/hunav_msgs:/home/ambroise/hunav_ws/install/hunav_behavior_tree_generator:/home/ambroise/hunav_ws/install/hunav_evaluator:/opt/ros/humble LD_LIBRARY_PATH=/home/ambroise/hunav_ws/install/people_msgs/lib:/home/ambroise/hunav_ws/install/nav2_social_costmap_plugin/lib:/home/ambroise/hunav_ws/install/hunav_rviz2_panel/lib:/home/ambroise/hunav_ws/install/hunav_gazebo_wrapper/lib:/home/ambroise/hunav_ws/install/hunav_msgs/lib:/usr/lib/x86_64-linux-gnu/gazebo-11/plugins:/opt/ros/humble/opt/rviz_ogre_vendor/lib:/opt/ros/humble/lib/x86_64-linux-gnu:/opt/ros/humble/lib:/usr/lib/x86_64-linux-gnu/gazebo-11/plugins:/home/ambroise/hunav_ws/install/hunav_gazebo_wrapper/lib /usr/bin/cmake --install /home/ambroise/hunav_ws/build/nav2_social_costmap_plugin
