-- The C compiler identification is GNU 11.4.0
-- The CXX compiler identification is GNU 11.4.0
-- Detecting C compiler ABI info
-- Detecting C compiler ABI info - done
-- Check for working C compiler: /usr/bin/cc - skipped
-- Detecting C compile features
-- Detecting C compile features - done
-- Detecting CXX compiler ABI info
-- Detecting CXX compiler ABI info - done
-- Check for working CXX compiler: /usr/bin/c++ - skipped
-- Detecting CXX compile features
-- Detecting CXX compile features - done
-- Found ament_cmake: 1.3.14 (/opt/ros/humble/share/ament_cmake/cmake)
-- Found Python3: /usr/bin/python3 (found version "3.10.12") found components: Interpreter 
-- Override CMake install command with custom implementation using symlinks instead of copying resources
-- Found rclcpp: 16.0.19 (/opt/ros/humble/share/rclcpp/cmake)
-- Found rosidl_generator_c: 3.1.8 (/opt/ros/humble/share/rosidl_generator_c/cmake)
-- Found rosidl_adapter: 3.1.8 (/opt/ros/humble/share/rosidl_adapter/cmake)
-- Found rosidl_generator_cpp: 3.1.8 (/opt/ros/humble/share/rosidl_generator_cpp/cmake)
-- Using all available rosidl_typesupport_c: rosidl_typesupport_fastrtps_c;rosidl_typesupport_introspection_c
-- Using all available rosidl_typesupport_cpp: rosidl_typesupport_fastrtps_cpp;rosidl_typesupport_introspection_cpp
-- Found rmw_implementation_cmake: 6.1.2 (/opt/ros/humble/share/rmw_implementation_cmake/cmake)
-- Found rmw_fastrtps_cpp: 6.2.10 (/opt/ros/humble/share/rmw_fastrtps_cpp/cmake)
-- Found OpenSSL: /usr/lib/x86_64-linux-gnu/libcrypto.so (found version "3.0.2")  
-- Found FastRTPS: /opt/ros/humble/include  
-- Using RMW implementation 'rmw_fastrtps_cpp' as default
-- Looking for pthread.h
-- Looking for pthread.h - found
-- Performing Test CMAKE_HAVE_LIBC_PTHREAD
-- Performing Test CMAKE_HAVE_LIBC_PTHREAD - Success
-- Found Threads: TRUE  
-- Found nav2_costmap_2d: 1.1.20 (/opt/ros/humble/share/nav2_costmap_2d/cmake)
-- Found Eigen3: TRUE (found version "3.4.0") 
-- Ensuring Eigen3 include directory is part of orocos-kdl CMake target
-- Found people_msgs: 1.3.0 (/home/ambroise/hunav_ws/install/people_msgs/share/people_msgs/cmake)
-- Found ament_lint_auto: 0.12.15 (/opt/ros/humble/share/ament_lint_auto/cmake)
-- Added test 'copyright' to check source files copyright and LICENSE
-- Added test 'cppcheck' to perform static code analysis on C / C++ code
-- Configured cppcheck include dirs: /home/ambroise/hunav_ws/src/nav2_social_costmap_plugin/include
-- Configured cppcheck exclude dirs and/or files: 
-- Added test 'cpplint' to check C / C++ code against the Google style
-- Configured cpplint exclude dirs and/or files: 
-- Added test 'lint_cmake' to check CMake code style
-- Added test 'uncrustify' to check C / C++ code style
-- Configured uncrustify additional arguments: 
-- Added test 'xmllint' to check XML markup files
-- Configuring done
-- Generating done
-- Build files have been written to: /home/ambroise/hunav_ws/build/nav2_social_costmap_plugin
[ 50%] [32mBuilding CXX object CMakeFiles/nav2_social_costmap_plugin_core.dir/src/social_layer.cpp.o[0m
[100%] [32m[1mLinking CXX shared library libnav2_social_costmap_plugin_core.so[0m
[100%] Built target nav2_social_costmap_plugin_core
-- Install configuration: ""
-- Execute custom install script
-- Symlinking: /home/ambroise/hunav_ws/install/nav2_social_costmap_plugin/lib/libnav2_social_costmap_plugin_core.so
-- Symlinking: /home/ambroise/hunav_ws/install/nav2_social_costmap_plugin/share/nav2_social_costmap_plugin//social_layer.xml
-- Symlinking: /home/ambroise/hunav_ws/install/nav2_social_costmap_plugin/share/ament_index/resource_index/package_run_dependencies/nav2_social_costmap_plugin
-- Symlinking: /home/ambroise/hunav_ws/install/nav2_social_costmap_plugin/share/ament_index/resource_index/parent_prefix_path/nav2_social_costmap_plugin
-- Symlinking: /home/ambroise/hunav_ws/install/nav2_social_costmap_plugin/share/nav2_social_costmap_plugin/environment/ament_prefix_path.sh
-- Symlinking: /home/ambroise/hunav_ws/install/nav2_social_costmap_plugin/share/nav2_social_costmap_plugin/environment/ament_prefix_path.dsv
-- Symlinking: /home/ambroise/hunav_ws/install/nav2_social_costmap_plugin/share/nav2_social_costmap_plugin/environment/path.sh
-- Symlinking: /home/ambroise/hunav_ws/install/nav2_social_costmap_plugin/share/nav2_social_costmap_plugin/environment/path.dsv
-- Symlinking: /home/ambroise/hunav_ws/install/nav2_social_costmap_plugin/share/nav2_social_costmap_plugin/local_setup.bash
-- Symlinking: /home/ambroise/hunav_ws/install/nav2_social_costmap_plugin/share/nav2_social_costmap_plugin/local_setup.sh
-- Symlinking: /home/ambroise/hunav_ws/install/nav2_social_costmap_plugin/share/nav2_social_costmap_plugin/local_setup.zsh
-- Symlinking: /home/ambroise/hunav_ws/install/nav2_social_costmap_plugin/share/nav2_social_costmap_plugin/local_setup.dsv
-- Symlinking: /home/ambroise/hunav_ws/install/nav2_social_costmap_plugin/share/nav2_social_costmap_plugin/package.dsv
-- Symlinking: /home/ambroise/hunav_ws/install/nav2_social_costmap_plugin/share/ament_index/resource_index/packages/nav2_social_costmap_plugin
-- Symlinking: /home/ambroise/hunav_ws/install/nav2_social_costmap_plugin/share/ament_index/resource_index/nav2_costmap_2d__pluginlib__plugin/nav2_social_costmap_plugin
-- Symlinking: /home/ambroise/hunav_ws/install/nav2_social_costmap_plugin/share/nav2_social_costmap_plugin/cmake/nav2_social_costmap_pluginConfig.cmake
-- Symlinking: /home/ambroise/hunav_ws/install/nav2_social_costmap_plugin/share/nav2_social_costmap_plugin/cmake/nav2_social_costmap_pluginConfig-version.cmake
-- Symlinking: /home/ambroise/hunav_ws/install/nav2_social_costmap_plugin/share/nav2_social_costmap_plugin/package.xml
